MPLINK 4.48, Linker
Linker Map File - Created Mon Aug 24 19:21:03 2015

                                 Section Info
                  Section       Type    Address   Location Size(Bytes)
                ---------  ---------  ---------  ---------  ---------
               _entry_scn       code   0x000000    program   0x000006
           .code___init.o       code   0x000006    program   0x000002
              high_vector       code   0x000008    program   0x000032
                   .cinit    romdata   0x00003a    program   0x0000c2
              .code_app.o       code   0x0000fc    program   0x0032be
              .code_MMD.o       code   0x0033ba    program   0x0021d0
     .code_modbusMaster.o       code   0x00558a    program   0x001092
         .code_math_fun.o       code   0x00661c    program   0x000c50
       .code_rtc_driver.o       code   0x00726c    program   0x000a0e
    .code_mbfuncholding.o       code   0x007c7a    program   0x000952
             .code_uart.o       code   0x0085cc    program   0x0007e6
     .code_digitdisplay.o       code   0x008db2    program   0x0006dc
               .code_mb.o       code   0x00948e    program   0x000648
      .code_mbfunccoils.o       code   0x009ad6    program   0x000620
            .code_mbrtu.o       code   0x00a0f6    program   0x00052c
           .romdata_MMD.o    romdata   0x00a622    program   0x0003b8
          .code_mbutils.o       code   0x00a9da    program   0x0003a8
            .code_timer.o       code   0x00ad82    program   0x0003a6
       .code_portserial.o       code   0x00b128    program   0x0002cc
       .code_mbfuncdisc.o       code   0x00b3f4    program   0x000274
      .code_mbfuncinput.o       code   0x00b668    program   0x00025c
       .code_i2c_driver.o       code   0x00b8c4    program   0x000248
         .romdata_mbcrc.o    romdata   0x00bb0c    program   0x000200
            .code_board.o       code   0x00bd0c    program   0x0001ce
      .code_mbfuncother.o       code   0x00beda    program   0x000170
             .code_main.o       code   0x00c04a    program   0x000134
            .code_mbcrc.o       code   0x00c17e    program   0x0000fc
        .code_porttimer.o       code   0x00c27a    program   0x0000f6
           .romdata_app.o    romdata   0x00c370    program   0x0000bd
             MUTEX_DATA_i    romdata   0x00c42d    program   0x000001
     .code_digit_driver.o       code   0x00c42e    program   0x0000ae
                     PROG       code   0x00c4dc    program   0x0000a4
               _cinit_scn       code   0x00c580    program   0x00009e
                   STRING       code   0x00c61e    program   0x00008a
           .code_u2open.o       code   0x00c6a8    program   0x00008a
           .code_u1open.o       code   0x00c732    program   0x000084
          .code_write_B.o       code   0x00c7b6    program   0x000078
          .code_fxm3232.o       code   0x00c82e    program   0x000070
        .code_portevent.o       code   0x00c89e    program   0x000062
           .code_read_B.o       code   0x00c900    program   0x00005c
             .stringtable    romdata   0x00c95c    program   0x00004c
         .code_fxd3232u.o       code   0x00c9a8    program   0x000048
           .code_t3open.o       code   0x00c9f0    program   0x000042
           .code_t1open.o       code   0x00ca32    program   0x000042
           .code_u2read.o       code   0x00ca74    program   0x00003e
           .code_u1read.o       code   0x00cab2    program   0x00003e
          .code_t3write.o       code   0x00caf0    program   0x000038
          .code_t1write.o       code   0x00cb28    program   0x000038
          .code_t0write.o       code   0x00cb60    program   0x000038
           .code_t0open.o       code   0x00cb98    program   0x000038
         .code_fxd1616u.o       code   0x00cbd0    program   0x00002c
            .code_mutex.o       code   0x00cbfc    program   0x000024
              D1KTCYXCODE       code   0x00cc20    program   0x000020
                    .code       code   0x00cc40    program   0x000020
        .code_heartBeat.o       code   0x00cc60    program   0x00001e
             _startup_scn       code   0x00cc7e    program   0x00001c
         .code_fxd0808u.o       code   0x00cc9a    program   0x00001c
              D10TCYXCODE       code   0x00ccb6    program   0x000016
  .romdata_digit_driver.o    romdata   0x00cccc    program   0x00000b
         .romdata_mbrtu.o    romdata   0x00ccd7    program   0x000000
        .idata_u1open.o_i    romdata   0x00ccd7    program   0x000000
         .romdata_mutex.o    romdata   0x00ccd7    program   0x000000
       .romdata_fxm3232.o    romdata   0x00ccd7    program   0x000000
         .idata_mutex.o_i    romdata   0x00ccd7    program   0x000000
      .romdata_fxd3232u.o    romdata   0x00ccd7    program   0x000000
      .romdata_busy_eep.o    romdata   0x00ccd7    program   0x000000
  .romdata_modbusMaster.o    romdata   0x00ccd7    program   0x000000
      .romdata_fxd1616u.o    romdata   0x00ccd7    program   0x000000
      .romdata_fxd0808u.o    romdata   0x00ccd7    program   0x000000
         .romdata_c018i.o    romdata   0x00ccd7    program   0x000000
        .romdata___init.o    romdata   0x00ccd7    program   0x000000
       .romdata_write_B.o    romdata   0x00ccd7    program   0x000000
       .idata_write_B.o_i    romdata   0x00ccd7    program   0x000000
       .romdata_t3write.o    romdata   0x00ccd7    program   0x000000
       .idata_t3write.o_i    romdata   0x00ccd7    program   0x000000
       .romdata_t1write.o    romdata   0x00ccd7    program   0x000000
       .idata_t1write.o_i    romdata   0x00ccd7    program   0x000000
       .romdata_t0write.o    romdata   0x00ccd7    program   0x000000
       .idata_t0write.o_i    romdata   0x00ccd7    program   0x000000
        .romdata_u2defs.o    romdata   0x00ccd7    program   0x000000
        .idata_u2defs.o_i    romdata   0x00ccd7    program   0x000000
        .romdata_u1defs.o    romdata   0x00ccd7    program   0x000000
        .idata_u1defs.o_i    romdata   0x00ccd7    program   0x000000
        .romdata_read_B.o    romdata   0x00ccd7    program   0x000000
        .idata_read_B.o_i    romdata   0x00ccd7    program   0x000000
        .romdata_u2read.o    romdata   0x00ccd7    program   0x000000
        .idata_u2read.o_i    romdata   0x00ccd7    program   0x000000
        .romdata_u1read.o    romdata   0x00ccd7    program   0x000000
        .idata_u1read.o_i    romdata   0x00ccd7    program   0x000000
        .romdata_t3open.o    romdata   0x00ccd7    program   0x000000
        .idata_t3open.o_i    romdata   0x00ccd7    program   0x000000
        .romdata_t1open.o    romdata   0x00ccd7    program   0x000000
        .idata_t1open.o_i    romdata   0x00ccd7    program   0x000000
        .romdata_t0open.o    romdata   0x00ccd7    program   0x000000
        .idata_t0open.o_i    romdata   0x00ccd7    program   0x000000
        .romdata_u2open.o    romdata   0x00ccd7    program   0x000000
        .idata_u2open.o_i    romdata   0x00ccd7    program   0x000000
        .romdata_u1open.o    romdata   0x00ccd7    program   0x000000
            .romdata_mb.o    romdata   0x00ccd7    program   0x000000
     .romdata_portevent.o    romdata   0x00ccd7    program   0x000000
     .idata_portevent.o_i    romdata   0x00ccd7    program   0x000000
         .romdata_board.o    romdata   0x00ccd7    program   0x000000
    .romdata_portserial.o    romdata   0x00ccd7    program   0x000000
    .idata_portserial.o_i    romdata   0x00ccd7    program   0x000000
     .romdata_porttimer.o    romdata   0x00ccd7    program   0x000000
     .idata_porttimer.o_i    romdata   0x00ccd7    program   0x000000
          .romdata_uart.o    romdata   0x00ccd7    program   0x000000
          .idata_uart.o_i    romdata   0x00ccd7    program   0x000000
         .romdata_timer.o    romdata   0x00ccd7    program   0x000000
    .romdata_rtc_driver.o    romdata   0x00ccd7    program   0x000000
  .romdata_digitdisplay.o    romdata   0x00ccd7    program   0x000000
      .romdata_math_fun.o    romdata   0x00ccd7    program   0x000000
      .idata_math_fun.o_i    romdata   0x00ccd7    program   0x000000
          .romdata_main.o    romdata   0x00ccd7    program   0x000000
          .idata_main.o_i    romdata   0x00ccd7    program   0x000000
.romdata_interruptvector.o    romdata   0x00ccd7    program   0x000000
.idata_interruptvector.o_i    romdata   0x00ccd7    program   0x000000
    .romdata_i2c_driver.o    romdata   0x00ccd7    program   0x000000
    .idata_i2c_driver.o_i    romdata   0x00ccd7    program   0x000000
     .romdata_heartBeat.o    romdata   0x00ccd7    program   0x000000
     .idata_heartBeat.o_i    romdata   0x00ccd7    program   0x000001
         .idata_mbrtu.o_i    romdata   0x00ccd7    program   0x000000
         .idata_mbcrc.o_i    romdata   0x00ccd7    program   0x000000
       .romdata_mbutils.o    romdata   0x00ccd7    program   0x000000
       .idata_mbutils.o_i    romdata   0x00ccd7    program   0x000000
   .romdata_mbfuncother.o    romdata   0x00ccd7    program   0x000000
   .idata_mbfuncother.o_i    romdata   0x00ccd7    program   0x000000
   .romdata_mbfuncinput.o    romdata   0x00ccd7    program   0x000000
   .idata_mbfuncinput.o_i    romdata   0x00ccd7    program   0x000000
 .romdata_mbfuncholding.o    romdata   0x00ccd7    program   0x000000
 .idata_mbfuncholding.o_i    romdata   0x00ccd7    program   0x000000
   .romdata_mbfunccoils.o    romdata   0x00ccd7    program   0x000000
    .romdata_mbfuncdisc.o    romdata   0x00ccd7    program   0x000000
   .idata_mbfunccoils.o_i    romdata   0x00ccd7    program   0x000000
    .idata_mbfuncdisc.o_i    romdata   0x00ccd7    program   0x000000
         .code_busy_eep.o       code   0x00ccd8    program   0x000006
               mmd_data_i    romdata   0x00ccde    program   0x000213
              UART_DATA_i    romdata   0x00cef1    program   0x0000d4
               RTU_DATA_i    romdata   0x00cfc5    program   0x00003a
               RTC_DATA_i    romdata   0x00cfff    program   0x000011
            MODBUS_DATA_i    romdata   0x00d010    program   0x00005d
           DISPLAY_DATA_i    romdata   0x00d06d    program   0x00002b
               APP_DATA_i    romdata   0x00d098    program   0x0007b3
         .idata_timer.o_i    romdata   0x00d84b    program   0x00001e
    .idata_rtc_driver.o_i    romdata   0x00d869    program   0x000027
  .idata_modbusMaster.o_i    romdata   0x00d890    program   0x000002
            .idata_mb.o_i    romdata   0x00d892    program   0x000041
  .idata_digitdisplay.o_i    romdata   0x00d8d3    program   0x000010
      .idata_fxd3232u.o_i    romdata   0x00d8d3    program   0x000000
       .idata_fxm3232.o_i    romdata   0x00d8d3    program   0x000000
      .idata_fxd1616u.o_i    romdata   0x00d8d3    program   0x000000
      .idata_fxd0808u.o_i    romdata   0x00d8d3    program   0x000000
         .idata_board.o_i    romdata   0x00d8e3    program   0x000002
         .idata_c018i.o_i    romdata   0x00d8e3    program   0x000000
  .idata_digit_driver.o_i    romdata   0x00d8e3    program   0x000000
      .idata_busy_eep.o_i    romdata   0x00d8e3    program   0x000000
           .idata_app.o_i    romdata   0x00d8e5    program   0x000003
           .idata_MMD.o_i    romdata   0x00d8e8    program   0x000000
        .idata___init.o_i    romdata   0x00d8e8    program   0x000000
            .code_c018i.o       code   0x00d8e8    program   0x000000
  .code_interruptvector.o       code   0x00d8e8    program   0x000000
           .code_u2defs.o       code   0x00d8e8    program   0x000000
           .code_u1defs.o       code   0x00d8e8    program   0x000000
    .config_300001_main.o    romdata   0x300001    program   0x000001
    .config_300002_main.o    romdata   0x300002    program   0x000001
    .config_300003_main.o    romdata   0x300003    program   0x000001
    .config_300004_main.o    romdata   0x300004    program   0x000001
    .config_300005_main.o    romdata   0x300005    program   0x000001
    .config_300006_main.o    romdata   0x300006    program   0x000001
    .config_300008_main.o    romdata   0x300008    program   0x000001
    .config_300009_main.o    romdata   0x300009    program   0x000001
    .config_30000a_main.o    romdata   0x30000a    program   0x000001
    .config_30000b_main.o    romdata   0x30000b    program   0x000001
    .config_30000c_main.o    romdata   0x30000c    program   0x000001
    .config_30000d_main.o    romdata   0x30000d    program   0x000001
                 .tmpdata      udata   0x000000       data   0x00001c
                MATH_DATA      udata   0x00001c       data   0x000014
                DELAYDAT1      udata   0x000030       data   0x000001
                   .stack      udata   0x000060       data   0x000090
                 APP_DATA      idata   0x000100       data   0x0007b3
                 mmd_data      idata   0x0008d0       data   0x000213
              MODBUS_DATA      idata   0x000b00       data   0x00005d
                 RTU_DATA      idata   0x000c00       data   0x00003a
             DISPLAY_DATA      idata   0x000c3a       data   0x00002b
                UART_DATA      idata   0x000d00       data   0x0000d4
                 RTC_DATA      idata   0x000dd4       data   0x000011
               MUTEX_DATA      idata   0x000de5       data   0x000001
             .udata_app.o      udata   0x000e00       data   0x00002c
              .udata_mb.o      udata   0x000e2c       data   0x000027
      .idata_rtc_driver.o      idata   0x000e53       data   0x000027
     .udata_mbfuncother.o      udata   0x000e7a       data   0x000022
    .idata_digitdisplay.o      idata   0x000e9c       data   0x000010
           .udata_c018i.o      udata   0x000eac       data   0x00000a
             .idata_app.o      idata   0x000eb6       data   0x000003
       .udata_porttimer.o      udata   0x000eb9       data   0x000002
       .udata_portevent.o      udata   0x000ebb       data   0x000002
    .idata_modbusMaster.o      idata   0x000ebd       data   0x000002
           .idata_board.o      idata   0x000ebf       data   0x000002
          .udata_u1defs.o      udata   0x000ec1       data   0x000001
           .udata_board.o      udata   0x000ec2       data   0x000001
       .idata_heartBeat.o      idata   0x000ec3       data   0x000001
          .udata_t0open.o      udata   0x000ec4       data   0x000000
          .idata_u2open.o      idata   0x000ec4       data   0x000000
          .udata_u2open.o      udata   0x000ec4       data   0x000000
          .idata_u1open.o      idata   0x000ec4       data   0x000000
          .udata_u1open.o      udata   0x000ec4       data   0x000000
         .idata_fxm3232.o      idata   0x000ec4       data   0x000000
         .udata_fxm3232.o      udata   0x000ec4       data   0x000000
        .idata_fxd3232u.o      idata   0x000ec4       data   0x000000
        .udata_fxd3232u.o      udata   0x000ec4       data   0x000000
        .idata_fxd1616u.o      idata   0x000ec4       data   0x000000
        .udata_fxd1616u.o      udata   0x000ec4       data   0x000000
        .idata_fxd0808u.o      idata   0x000ec4       data   0x000000
        .udata_fxd0808u.o      udata   0x000ec4       data   0x000000
           .idata_c018i.o      idata   0x000ec4       data   0x000000
        .idata_busy_eep.o      idata   0x000ec4       data   0x000000
         .idata_write_B.o      idata   0x000ec4       data   0x000000
          .udata___init.o      udata   0x000ec4       data   0x000000
        .udata_busy_eep.o      udata   0x000ec4       data   0x000000
          .idata___init.o      idata   0x000ec4       data   0x000000
         .idata_t1write.o      idata   0x000ec4       data   0x000000
         .udata_t1write.o      udata   0x000ec4       data   0x000000
         .idata_t0write.o      idata   0x000ec4       data   0x000000
         .udata_t0write.o      udata   0x000ec4       data   0x000000
          .idata_u2defs.o      idata   0x000ec4       data   0x000000
          .idata_u1defs.o      idata   0x000ec4       data   0x000000
         .udata_t3write.o      udata   0x000ec4       data   0x000000
          .idata_read_B.o      idata   0x000ec4       data   0x000000
          .udata_read_B.o      udata   0x000ec4       data   0x000000
         .idata_t3write.o      idata   0x000ec4       data   0x000000
          .idata_u2read.o      idata   0x000ec4       data   0x000000
          .udata_u2read.o      udata   0x000ec4       data   0x000000
          .idata_u1read.o      idata   0x000ec4       data   0x000000
         .udata_write_B.o      udata   0x000ec4       data   0x000000
          .udata_u1read.o      udata   0x000ec4       data   0x000000
          .idata_t3open.o      idata   0x000ec4       data   0x000000
          .udata_t3open.o      udata   0x000ec4       data   0x000000
          .idata_t1open.o      idata   0x000ec4       data   0x000000
          .udata_t1open.o      udata   0x000ec4       data   0x000000
          .idata_t0open.o      idata   0x000ec4       data   0x000000
    .udata_digitdisplay.o      udata   0x000ec4       data   0x000000
       .idata_portevent.o      idata   0x000ec4       data   0x000000
      .idata_portserial.o      idata   0x000ec4       data   0x000000
      .udata_portserial.o      udata   0x000ec4       data   0x000000
       .idata_porttimer.o      idata   0x000ec4       data   0x000000
       .udata_heartBeat.o      udata   0x000ec4       data   0x000000
            .idata_uart.o      idata   0x000ec4       data   0x000000
            .udata_uart.o      udata   0x000ec4       data   0x000000
           .udata_timer.o      udata   0x000ec4       data   0x000000
      .udata_i2c_driver.o      udata   0x000ec4       data   0x000000
      .udata_rtc_driver.o      udata   0x000ec4       data   0x000000
      .idata_i2c_driver.o      idata   0x000ec4       data   0x000000
             .idata_MMD.o      idata   0x000ec4       data   0x000000
             .udata_MMD.o      udata   0x000ec4       data   0x000000
        .idata_math_fun.o      idata   0x000ec4       data   0x000000
        .udata_math_fun.o      udata   0x000ec4       data   0x000000
            .idata_main.o      idata   0x000ec4       data   0x000000
            .udata_main.o      udata   0x000ec4       data   0x000000
 .idata_interruptvector.o      idata   0x000ec4       data   0x000000
 .udata_interruptvector.o      udata   0x000ec4       data   0x000000
           .idata_mutex.o      idata   0x000ec4       data   0x000000
           .udata_mutex.o      udata   0x000ec4       data   0x000000
    .udata_modbusMaster.o      udata   0x000ec4       data   0x000000
    .udata_digit_driver.o      udata   0x000ec4       data   0x000000
           .idata_mbrtu.o      idata   0x000ec4       data   0x000000
           .udata_mbrtu.o      udata   0x000ec4       data   0x000000
           .idata_mbcrc.o      idata   0x000ec4       data   0x000000
           .udata_mbcrc.o      udata   0x000ec4       data   0x000000
         .idata_mbutils.o      idata   0x000ec4       data   0x000000
         .udata_mbutils.o      udata   0x000ec4       data   0x000000
     .idata_mbfuncother.o      idata   0x000ec4       data   0x000000
    .idata_digit_driver.o      idata   0x000ec4       data   0x000000
     .idata_mbfuncinput.o      idata   0x000ec4       data   0x000000
     .udata_mbfuncinput.o      udata   0x000ec4       data   0x000000
   .idata_mbfuncholding.o      idata   0x000ec4       data   0x000000
   .udata_mbfuncholding.o      udata   0x000ec4       data   0x000000
      .idata_mbfuncdisc.o      idata   0x000ec4       data   0x000000
      .udata_mbfuncdisc.o      udata   0x000ec4       data   0x000000
     .idata_mbfunccoils.o      idata   0x000ec4       data   0x000000
     .udata_mbfunccoils.o      udata   0x000ec4       data   0x000000
              .idata_mb.o      idata   0x000f00       data   0x000041
           .idata_timer.o      idata   0x000f41       data   0x00001e
          .udata_u2defs.o      udata   0x000f5f       data   0x000001
            SFR_UNBANKED0      udata   0x000f62       data   0x00009e



                              Program Memory Usage 
                               Start         End      
                           ---------   ---------      
                            0x000000    0x00d8e7      
                            0x300001    0x300006      
                            0x300008    0x30000d      
            55540 out of 132120 program addresses used, program memory utilization is 42%



                              Symbols - Sorted by Name
                     Name    Address   Location    Storage File                     
                ---------  ---------  ---------  --------- ---------                
                 APP_init   0x0000fc    program     extern C:\Users\IDEONICS-BNG\Documents\GitHub\SCS\SCS_CurrentActivityEvaluator\App\source\app.c
                 APP_task   0x0002dc    program     extern C:\Users\IDEONICS-BNG\Documents\GitHub\SCS\SCS_CurrentActivityEvaluator\App\source\app.c
                  BCD2HEX   0x0066ae    program     extern C:\Users\IDEONICS-BNG\Documents\GitHub\SCS\SCS_CurrentActivityEvaluator\App\source\math_fun.c
                 BCDtoBin   0x00706a    program     extern C:\Users\IDEONICS-BNG\Documents\GitHub\SCS\SCS_CurrentActivityEvaluator\App\source\math_fun.c
                 BRD_init   0x00bd0c    program     extern C:\Users\IDEONICS-BNG\Documents\GitHub\SCS\SCS_CurrentActivityEvaluator\App\source\board.c
                 BinToBCD   0x00709a    program     extern C:\Users\IDEONICS-BNG\Documents\GitHub\SCS\SCS_CurrentActivityEvaluator\App\source\math_fun.c
                 Busy_eep   0x00ccd8    program     extern E:\c18v3.46\pic18-lt\cxx-framework\src\pmc_common\EEP\busy_eep.c
             COM_txBuffer   0x003374    program     extern C:\Users\IDEONICS-BNG\Documents\GitHub\SCS\SCS_CurrentActivityEvaluator\App\source\app.c
ConvertAndDisplay16BitValue   0x006750    program     extern C:\Users\IDEONICS-BNG\Documents\GitHub\SCS\SCS_CurrentActivityEvaluator\App\source\math_fun.c
ConvertAndDisplay32BitValue   0x006b24    program     extern C:\Users\IDEONICS-BNG\Documents\GitHub\SCS\SCS_CurrentActivityEvaluator\App\source\math_fun.c
ConvertAndDisplay8BitValue   0x0069e4    program     extern C:\Users\IDEONICS-BNG\Documents\GitHub\SCS\SCS_CurrentActivityEvaluator\App\source\math_fun.c
           ConvertBCD2HEX   0x00661c    program     extern C:\Users\IDEONICS-BNG\Documents\GitHub\SCS\SCS_CurrentActivityEvaluator\App\source\math_fun.c
  ConvertHour12to24Format   0x00789a    program     extern C:\Users\IDEONICS-BNG\Documents\GitHub\SCS\SCS_CurrentActivityEvaluator\App\source\rtc_driver.c
  ConvertTime12to24Format   0x007740    program     extern C:\Users\IDEONICS-BNG\Documents\GitHub\SCS\SCS_CurrentActivityEvaluator\App\source\rtc_driver.c
  ConvertTime24to12Format   0x0075b0    program     extern C:\Users\IDEONICS-BNG\Documents\GitHub\SCS\SCS_CurrentActivityEvaluator\App\source\rtc_driver.c
ConvertUnPackedAsciiToPacked16BitHexValue   0x0070e2    program     extern C:\Users\IDEONICS-BNG\Documents\GitHub\SCS\SCS_CurrentActivityEvaluator\App\source\math_fun.c
                    D10_1   0x00ccc6    program     static E:\c18v3.46\pic18-lt\cxx-framework\src\traditional\delays\d10tcyx.asm
                     D10x   0x00ccbe    program     static E:\c18v3.46\pic18-lt\cxx-framework\src\traditional\delays\d10tcyx.asm
                    D1K_1   0x00cc2c    program     static E:\c18v3.46\pic18-lt\cxx-framework\src\traditional\delays\d1ktcyx.asm
                     D1Kx   0x00cc2a    program     static E:\c18v3.46\pic18-lt\cxx-framework\src\traditional\delays\d1ktcyx.asm
                   D3232S   0x00c50c    program     static E:\c18v3.46\pic18-lt\cxx-framework\src\traditional\math\fxd3232s.asm
                D3232SNEG   0x00c51a    program     static E:\c18v3.46\pic18-lt\cxx-framework\src\traditional\math\fxd3232s.asm
                 D3232SOK   0x00c516    program     static E:\c18v3.46\pic18-lt\cxx-framework\src\traditional\math\fxd3232s.asm
                  D3232SX   0x00c53a    program     static E:\c18v3.46\pic18-lt\cxx-framework\src\traditional\math\fxd3232s.asm
                  DA3232S   0x00c4f6    program     static E:\c18v3.46\pic18-lt\cxx-framework\src\traditional\math\fxd3232s.asm
            DDR_loadDigit   0x00c42e    program     extern C:\Users\IDEONICS-BNG\Documents\GitHub\SCS\SCS_CurrentActivityEvaluator\App\source\digit_driver.c
       DDR_loadDigit_test   0x00c4cc    program     extern C:\Users\IDEONICS-BNG\Documents\GitHub\SCS\SCS_CurrentActivityEvaluator\App\source\digit_driver.c
              Delay10TCYx   0x00ccb6    program     extern E:\c18v3.46\pic18-lt\cxx-framework\src\traditional\delays\d10tcyx.asm
              Delay1KTCYx   0x00cc20    program     extern E:\c18v3.46\pic18-lt\cxx-framework\src\traditional\delays\d1ktcyx.asm
       DigitDisplay_DotOn   0x0091b0    program     extern C:\Users\IDEONICS-BNG\Documents\GitHub\SCS\SCS_CurrentActivityEvaluator\App\source\digitdisplay.c
    DigitDisplay_blinkOff   0x009100    program     extern C:\Users\IDEONICS-BNG\Documents\GitHub\SCS\SCS_CurrentActivityEvaluator\App\source\digitdisplay.c
     DigitDisplay_blinkOn   0x0090c6    program     extern C:\Users\IDEONICS-BNG\Documents\GitHub\SCS\SCS_CurrentActivityEvaluator\App\source\digitdisplay.c
 DigitDisplay_blinkOn_ind   0x0093f0    program     extern C:\Users\IDEONICS-BNG\Documents\GitHub\SCS\SCS_CurrentActivityEvaluator\App\source\digitdisplay.c
       DigitDisplay_clear   0x009110    program     extern C:\Users\IDEONICS-BNG\Documents\GitHub\SCS\SCS_CurrentActivityEvaluator\App\source\digitdisplay.c
        DigitDisplay_init   0x008db2    program     extern C:\Users\IDEONICS-BNG\Documents\GitHub\SCS\SCS_CurrentActivityEvaluator\App\source\digitdisplay.c
        DigitDisplay_task   0x008e18    program     extern C:\Users\IDEONICS-BNG\Documents\GitHub\SCS\SCS_CurrentActivityEvaluator\App\source\digitdisplay.c
DigitDisplay_updateBuffer   0x008ec6    program     extern C:\Users\IDEONICS-BNG\Documents\GitHub\SCS\SCS_CurrentActivityEvaluator\App\source\digitdisplay.c
DigitDisplay_updateBufferBinary   0x008f5e    program     extern C:\Users\IDEONICS-BNG\Documents\GitHub\SCS\SCS_CurrentActivityEvaluator\App\source\digitdisplay.c
DigitDisplay_updateBufferBinaryPartial   0x008fb4    program     extern C:\Users\IDEONICS-BNG\Documents\GitHub\SCS\SCS_CurrentActivityEvaluator\App\source\digitdisplay.c
DigitDisplay_updateBufferPartial   0x00925c    program     extern C:\Users\IDEONICS-BNG\Documents\GitHub\SCS\SCS_CurrentActivityEvaluator\App\source\digitdisplay.c
 DigitDisplay_updateDigit   0x009042    program     extern C:\Users\IDEONICS-BNG\Documents\GitHub\SCS\SCS_CurrentActivityEvaluator\App\source\digitdisplay.c
DigitDisplay_updateFields   0x00932a    program     extern C:\Users\IDEONICS-BNG\Documents\GitHub\SCS\SCS_CurrentActivityEvaluator\App\source\digitdisplay.c
         EnableInterrupts   0x000032    program     extern C:\Users\IDEONICS-BNG\Documents\GitHub\SCS\SCS_CurrentActivityEvaluator\App\source\interruptvector.c
                 FXD0808U   0x00cc9a    program     extern E:\c18v3.46\pic18-lt\cxx-framework\src\traditional\math\fxd0808u.c
                 FXD1616U   0x00cbd0    program     extern E:\c18v3.46\pic18-lt\cxx-framework\src\traditional\math\fxd1616u.c
                 FXD3232S   0x00c4dc    program     extern E:\c18v3.46\pic18-lt\cxx-framework\src\traditional\math\fxd3232s.asm
                 FXD3232U   0x00c9a8    program     extern E:\c18v3.46\pic18-lt\cxx-framework\src\traditional\math\fxd3232u.c
                 FXM1616U   0x00c544    program     extern E:\c18v3.46\pic18-lt\cxx-framework\src\traditional\math\fxm1616u.asm
                  FXM3232   0x00c82e    program     extern E:\c18v3.46\pic18-lt\cxx-framework\src\traditional\math\fxm3232.c
             FontTable5x7   0x00a622    program     extern C:\Users\IDEONICS-BNG\Documents\GitHub\SCS\SCS_CurrentActivityEvaluator\App\source\MMD.c
               GetAppTime   0x00b0d8    program     extern C:\Users\IDEONICS-BNG\Documents\GitHub\SCS\SCS_CurrentActivityEvaluator\App\source\timer.c
                  HB_init   0x00cc60    program     extern C:\Users\IDEONICS-BNG\Documents\GitHub\SCS\SCS_CurrentActivityEvaluator\App\source\heartBeat.c
                  HB_task   0x00cc66    program     extern C:\Users\IDEONICS-BNG\Documents\GitHub\SCS\SCS_CurrentActivityEvaluator\App\source\heartBeat.c
                  HEX2BCD   0x0066ea    program     extern C:\Users\IDEONICS-BNG\Documents\GitHub\SCS\SCS_CurrentActivityEvaluator\App\source\math_fun.c
            InitializeI2C   0x00b8c4    program     extern C:\Users\IDEONICS-BNG\Documents\GitHub\SCS\SCS_CurrentActivityEvaluator\App\source\i2c_driver.c
                  Int2Day   0x00726c    program     extern C:\Users\IDEONICS-BNG\Documents\GitHub\SCS\SCS_CurrentActivityEvaluator\App\source\rtc_driver.c
                Int2Month   0x0072a4    program     extern C:\Users\IDEONICS-BNG\Documents\GitHub\SCS\SCS_CurrentActivityEvaluator\App\source\rtc_driver.c
                  LED_MAP   0x00cccc    program     extern C:\Users\IDEONICS-BNG\Documents\GitHub\SCS\SCS_CurrentActivityEvaluator\App\source\digit_driver.c
             MB_construct   0x0063ba    program     extern C:\Users\IDEONICS-BNG\Documents\GitHub\SCS\SCS_CurrentActivityEvaluator\App\source\modbusMaster.c
             MB_getStatus   0x006614    program     extern C:\Users\IDEONICS-BNG\Documents\GitHub\SCS\SCS_CurrentActivityEvaluator\App\source\modbusMaster.c
                  MB_init   0x006292    program     extern C:\Users\IDEONICS-BNG\Documents\GitHub\SCS\SCS_CurrentActivityEvaluator\App\source\modbusMaster.c
                  MB_task   0x00558a    program     extern C:\Users\IDEONICS-BNG\Documents\GitHub\SCS\SCS_CurrentActivityEvaluator\App\source\modbusMaster.c
         MMD_changeSymbol   0x0042a0    program     extern C:\Users\IDEONICS-BNG\Documents\GitHub\SCS\SCS_CurrentActivityEvaluator\App\source\MMD.c
         MMD_clearSegment   0x0044be    program     extern C:\Users\IDEONICS-BNG\Documents\GitHub\SCS\SCS_CurrentActivityEvaluator\App\source\MMD.c
        MMD_configSegment   0x0037dc    program     extern C:\Users\IDEONICS-BNG\Documents\GitHub\SCS\SCS_CurrentActivityEvaluator\App\source\MMD.c
                 MMD_init   0x003468    program     extern C:\Users\IDEONICS-BNG\Documents\GitHub\SCS\SCS_CurrentActivityEvaluator\App\source\MMD.c
       MMD_refreshDisplay   0x005206    program     extern C:\Users\IDEONICS-BNG\Documents\GitHub\SCS\SCS_CurrentActivityEvaluator\App\source\MMD.c
       MMD_setScrollSpeed   0x004224    program     extern C:\Users\IDEONICS-BNG\Documents\GitHub\SCS\SCS_CurrentActivityEvaluator\App\source\MMD.c
                 MMD_task   0x0047fc    program     extern C:\Users\IDEONICS-BNG\Documents\GitHub\SCS\SCS_CurrentActivityEvaluator\App\source\MMD.c
               Open1USART   0x00c732    program     extern E:\c18v3.46\pic18-lt\cxx-framework\src\pmc_common\USART\u1open.c
               Open2USART   0x00c6a8    program     extern E:\c18v3.46\pic18-lt\cxx-framework\src\pmc_common\USART\u2open.c
               OpenTimer0   0x00cb98    program     extern E:\c18v3.46\pic18-lt\cxx-framework\src\pmc_common\Timers\t0open.c
               OpenTimer1   0x00ca32    program     extern E:\c18v3.46\pic18-lt\cxx-framework\src\pmc_common\Timers\t1open.c
               OpenTimer3   0x00c9f0    program     extern E:\c18v3.46\pic18-lt\cxx-framework\src\pmc_common\Timers\t3open.c
                 RTC_Init   0x007b26    program     extern C:\Users\IDEONICS-BNG\Documents\GitHub\SCS\SCS_CurrentActivityEvaluator\App\source\rtc_driver.c
                 RTC_Task   0x007b8a    program     extern C:\Users\IDEONICS-BNG\Documents\GitHub\SCS\SCS_CurrentActivityEvaluator\App\source\rtc_driver.c
              RTC_getDate   0x007be0    program     extern C:\Users\IDEONICS-BNG\Documents\GitHub\SCS\SCS_CurrentActivityEvaluator\App\source\rtc_driver.c
               RTC_getDay   0x007bd0    program     extern C:\Users\IDEONICS-BNG\Documents\GitHub\SCS\SCS_CurrentActivityEvaluator\App\source\rtc_driver.c
            RTC_getDayStr   0x007c26    program     extern C:\Users\IDEONICS-BNG\Documents\GitHub\SCS\SCS_CurrentActivityEvaluator\App\source\rtc_driver.c
              RTC_getHour   0x007be8    program     extern C:\Users\IDEONICS-BNG\Documents\GitHub\SCS\SCS_CurrentActivityEvaluator\App\source\rtc_driver.c
            RTC_getMinute   0x007bf0    program     extern C:\Users\IDEONICS-BNG\Documents\GitHub\SCS\SCS_CurrentActivityEvaluator\App\source\rtc_driver.c
       RTC_getMinuteOfDay   0x007c00    program     extern C:\Users\IDEONICS-BNG\Documents\GitHub\SCS\SCS_CurrentActivityEvaluator\App\source\rtc_driver.c
             RTC_getMonth   0x007bd8    program     extern C:\Users\IDEONICS-BNG\Documents\GitHub\SCS\SCS_CurrentActivityEvaluator\App\source\rtc_driver.c
          RTC_getMonthStr   0x007c50    program     extern C:\Users\IDEONICS-BNG\Documents\GitHub\SCS\SCS_CurrentActivityEvaluator\App\source\rtc_driver.c
            RTC_getSecond   0x007bf8    program     extern C:\Users\IDEONICS-BNG\Documents\GitHub\SCS\SCS_CurrentActivityEvaluator\App\source\rtc_driver.c
               Read1USART   0x00cab2    program     extern E:\c18v3.46\pic18-lt\cxx-framework\src\pmc_common\USART\u1read.c
               Read2USART   0x00ca74    program     extern E:\c18v3.46\pic18-lt\cxx-framework\src\pmc_common\USART\u2read.c
              ReadByteI2C   0x00ba96    program     extern C:\Users\IDEONICS-BNG\Documents\GitHub\SCS\SCS_CurrentActivityEvaluator\App\source\i2c_driver.c
                  ReadI2C   0x00b9f4    program     extern C:\Users\IDEONICS-BNG\Documents\GitHub\SCS\SCS_CurrentActivityEvaluator\App\source\i2c_driver.c
       ReadRtcTimeAndDate   0x0072ea    program     extern C:\Users\IDEONICS-BNG\Documents\GitHub\SCS\SCS_CurrentActivityEvaluator\App\source\rtc_driver.c
               Read_b_eep   0x00c900    program     extern E:\c18v3.46\pic18-lt\cxx-framework\src\pmc_common\EEP\read_B.c
                 ResetI2C   0x00b928    program     extern C:\Users\IDEONICS-BNG\Documents\GitHub\SCS\SCS_CurrentActivityEvaluator\App\source\i2c_driver.c
              SetHourMode   0x007546    program     extern C:\Users\IDEONICS-BNG\Documents\GitHub\SCS\SCS_CurrentActivityEvaluator\App\source\rtc_driver.c
                 StartI2C   0x00b8dc    program     extern C:\Users\IDEONICS-BNG\Documents\GitHub\SCS\SCS_CurrentActivityEvaluator\App\source\i2c_driver.c
                  StopI2C   0x00b908    program     extern C:\Users\IDEONICS-BNG\Documents\GitHub\SCS\SCS_CurrentActivityEvaluator\App\source\i2c_driver.c
          StoreSystemDate   0x0079f6    program     extern C:\Users\IDEONICS-BNG\Documents\GitHub\SCS\SCS_CurrentActivityEvaluator\App\source\rtc_driver.c
           StoreSystemDay   0x007aee    program     extern C:\Users\IDEONICS-BNG\Documents\GitHub\SCS\SCS_CurrentActivityEvaluator\App\source\rtc_driver.c
          StoreSystemTime   0x007900    program     extern C:\Users\IDEONICS-BNG\Documents\GitHub\SCS\SCS_CurrentActivityEvaluator\App\source\rtc_driver.c
                 TMR0_ISR   0x00ad82    program     extern C:\Users\IDEONICS-BNG\Documents\GitHub\SCS\SCS_CurrentActivityEvaluator\App\source\timer.c
                TMR0_init   0x00b004    program     extern C:\Users\IDEONICS-BNG\Documents\GitHub\SCS\SCS_CurrentActivityEvaluator\App\source\timer.c
                 TMR1_ISR   0x00ae90    program     extern C:\Users\IDEONICS-BNG\Documents\GitHub\SCS\SCS_CurrentActivityEvaluator\App\source\timer.c
                TMR1_init   0x00b04a    program     extern C:\Users\IDEONICS-BNG\Documents\GitHub\SCS\SCS_CurrentActivityEvaluator\App\source\timer.c
                 TMR3_ISR   0x00af4a    program     extern C:\Users\IDEONICS-BNG\Documents\GitHub\SCS\SCS_CurrentActivityEvaluator\App\source\timer.c
                TMR3_init   0x00b092    program     extern C:\Users\IDEONICS-BNG\Documents\GitHub\SCS\SCS_CurrentActivityEvaluator\App\source\timer.c
            UART1_hasData   0x008cc8    program     extern C:\Users\IDEONICS-BNG\Documents\GitHub\SCS\SCS_CurrentActivityEvaluator\App\source\uart.c
               UART1_init   0x008892    program     extern C:\Users\IDEONICS-BNG\Documents\GitHub\SCS\SCS_CurrentActivityEvaluator\App\source\uart.c
               UART1_read   0x008d02    program     extern C:\Users\IDEONICS-BNG\Documents\GitHub\SCS\SCS_CurrentActivityEvaluator\App\source\uart.c
           UART1_transmit   0x008aa6    program     extern C:\Users\IDEONICS-BNG\Documents\GitHub\SCS\SCS_CurrentActivityEvaluator\App\source\uart.c
              UART1_write   0x008a2a    program     extern C:\Users\IDEONICS-BNG\Documents\GitHub\SCS\SCS_CurrentActivityEvaluator\App\source\uart.c
            UART2_hasData   0x008c8e    program     extern C:\Users\IDEONICS-BNG\Documents\GitHub\SCS\SCS_CurrentActivityEvaluator\App\source\uart.c
               UART2_init   0x00895e    program     extern C:\Users\IDEONICS-BNG\Documents\GitHub\SCS\SCS_CurrentActivityEvaluator\App\source\uart.c
               UART2_read   0x008d5a    program     extern C:\Users\IDEONICS-BNG\Documents\GitHub\SCS\SCS_CurrentActivityEvaluator\App\source\uart.c
           UART2_transmit   0x008b9a    program     extern C:\Users\IDEONICS-BNG\Documents\GitHub\SCS\SCS_CurrentActivityEvaluator\App\source\uart.c
              UART2_write   0x008a68    program     extern C:\Users\IDEONICS-BNG\Documents\GitHub\SCS\SCS_CurrentActivityEvaluator\App\source\uart.c
                UART_task   0x00869c    program     extern C:\Users\IDEONICS-BNG\Documents\GitHub\SCS\SCS_CurrentActivityEvaluator\App\source\uart.c
     UTL_binaryToBCDASCII   0x0071fc    program     extern C:\Users\IDEONICS-BNG\Documents\GitHub\SCS\SCS_CurrentActivityEvaluator\App\source\math_fun.c
     Uart1_ReceiveHandler   0x0085cc    program     extern C:\Users\IDEONICS-BNG\Documents\GitHub\SCS\SCS_CurrentActivityEvaluator\App\source\uart.c
    Uart1_TransmitHandler   0x008786    program     extern C:\Users\IDEONICS-BNG\Documents\GitHub\SCS\SCS_CurrentActivityEvaluator\App\source\uart.c
     Uart2_ReceiveHandler   0x0086b6    program     extern C:\Users\IDEONICS-BNG\Documents\GitHub\SCS\SCS_CurrentActivityEvaluator\App\source\uart.c
    Uart2_TransmitHandler   0x00880c    program     extern C:\Users\IDEONICS-BNG\Documents\GitHub\SCS\SCS_CurrentActivityEvaluator\App\source\uart.c
             WriteByteI2C   0x00bada    program     extern C:\Users\IDEONICS-BNG\Documents\GitHub\SCS\SCS_CurrentActivityEvaluator\App\source\i2c_driver.c
                 WriteI2C   0x00b964    program     extern C:\Users\IDEONICS-BNG\Documents\GitHub\SCS\SCS_CurrentActivityEvaluator\App\source\i2c_driver.c
      WriteRtcTimeAndDate   0x00743a    program     extern C:\Users\IDEONICS-BNG\Documents\GitHub\SCS\SCS_CurrentActivityEvaluator\App\source\rtc_driver.c
              WriteTimer0   0x00cb60    program     extern E:\c18v3.46\pic18-lt\cxx-framework\src\pmc_common\Timers\t0write.c
              WriteTimer1   0x00cb28    program     extern E:\c18v3.46\pic18-lt\cxx-framework\src\pmc_common\Timers\t1write.c
              WriteTimer3   0x00caf0    program     extern E:\c18v3.46\pic18-lt\cxx-framework\src\pmc_common\Timers\t3write.c
              Write_b_eep   0x00c7b6    program     extern E:\c18v3.46\pic18-lt\cxx-framework\src\pmc_common\EEP\write_B.c
              _2jContinue   0x00c694    program     static E:\c18v3.46\pic18-lt\cxx-framework\src\traditional\stdclib\memset.asm
                   _3jEnd   0x00c69e    program     static E:\c18v3.46\pic18-lt\cxx-framework\src\traditional\stdclib\memset.asm
              _4jContinue   0x00c652    program     static E:\c18v3.46\pic18-lt\cxx-framework\src\traditional\stdclib\memcpy.asm
                   _5jEnd   0x00c65c    program     static E:\c18v3.46\pic18-lt\cxx-framework\src\traditional\stdclib\memcpy.asm
        _D10TCYXCODE_000A   0x00ccc0    program     static E:\c18v3.46\pic18-lt\cxx-framework\src\traditional\delays\d10tcyx.asm
        _D10TCYXCODE_000C   0x00ccc2    program     static E:\c18v3.46\pic18-lt\cxx-framework\src\traditional\delays\d10tcyx.asm
        _D10TCYXCODE_000E   0x00ccc4    program     static E:\c18v3.46\pic18-lt\cxx-framework\src\traditional\delays\d10tcyx.asm
        _D1KTCYXCODE_0010   0x00cc30    program     static E:\c18v3.46\pic18-lt\cxx-framework\src\traditional\delays\d1ktcyx.asm
        _D1KTCYXCODE_0016   0x00cc36    program     static E:\c18v3.46\pic18-lt\cxx-framework\src\traditional\delays\d1ktcyx.asm
       ___case_1_lbl00026   0x0003a4    program     static                          
       ___case_2_lbl00028   0x00041c    program     static                          
      ___default_lbl00029   0x00045e    program     static                          
         ___else_lbl00077   0x000ab6    program     static                          
          ___for_lbl00001   0x0001da    program     static                          
          ___for_lbl00002   0x0001de    program     static                          
          ___for_lbl00003   0x0001d4    program     static                          
          ___for_lbl00004   0x0001da    program     static                          
          ___for_lbl00006   0x00019e    program     static                          
          ___for_lbl00007   0x000194    program     static                          
          ___for_lbl00008   0x000262    program     static                          
          ___for_lbl00009   0x000266    program     static                          
          ___for_lbl00010   0x0001e0    program     static                          
          ___for_lbl00011   0x000278    program     static                          
          ___for_lbl00012   0x00027c    program     static                          
          ___for_lbl00013   0x000268    program     static                          
          ___for_lbl00021   0x000416    program     static                          
          ___for_lbl00022   0x00041a    program     static                          
          ___for_lbl00025   0x0003a8    program     static                          
          ___for_lbl00036   0x0051ec    program     static                          
          ___for_lbl00037   0x0051f2    program     static                          
          ___for_lbl00058   0x00480a    program     static                          
           ___if_lbl00001   0x000010    program     static                          
           ___if_lbl00002   0x000018    program     static                          
           ___if_lbl00003   0x000020    program     static                          
           ___if_lbl00004   0x000028    program     static                          
           ___if_lbl00005   0x000030    program     static                          
           ___if_lbl00005   0x0001d2    program     static                          
           ___if_lbl00016   0x000388    program     static                          
           ___if_lbl00017   0x000388    program     static                          
           ___if_lbl00018   0x000388    program     static                          
           ___if_lbl00019   0x000396    program     static                          
           ___if_lbl00024   0x000416    program     static                          
           ___if_lbl00027   0x00045c    program     static                          
           ___if_lbl00030   0x00048c    program     static                          
           ___if_lbl00031   0x00049e    program     static                          
           ___if_lbl00032   0x0004a2    program     static                          
           ___if_lbl00072   0x000ac0    program     static                          
           ___if_lbl00073   0x000b70    program     static                          
           ___if_lbl00074   0x000b70    program     static                          
           ___if_lbl00075   0x000b76    program     static                          
           ___if_lbl00076   0x000b76    program     static                          
       ___return_lbl00000   0x00c89c    program     static                          
       ___return_lbl00000   0x00c9ee    program     static                          
       ___return_lbl00000   0x00cbfa    program     static                          
       ___return_lbl00000   0x00c950    program     static                          
       ___return_lbl00000   0x00ccb4    program     static                          
       ___return_lbl00000   0x000004    program     static                          
       ___return_lbl00000   0x000030    program     static                          
       ___return_lbl00000   0x0002c8    program     static                          
       ___return_lbl00001   0x00cc98    program     static                          
       ___return_lbl00002   0x00c61c    program     static                          
       ___return_lbl00009   0x00420c    program     static                          
       ___return_lbl00014   0x0004a2    program     static                          
       ___return_lbl00070   0x000b76    program     static                          
   ___switchexit_lbl00020   0x000460    program     static                          
               __config_0   0x300001    program     static C:\Users\IDEONICS-BNG\Documents\GitHub\SCS\SCS_CurrentActivityEvaluator\App\source\main.c
               __config_1   0x300002    program     static C:\Users\IDEONICS-BNG\Documents\GitHub\SCS\SCS_CurrentActivityEvaluator\App\source\main.c
              __config_10   0x30000c    program     static C:\Users\IDEONICS-BNG\Documents\GitHub\SCS\SCS_CurrentActivityEvaluator\App\source\main.c
              __config_11   0x30000d    program     static C:\Users\IDEONICS-BNG\Documents\GitHub\SCS\SCS_CurrentActivityEvaluator\App\source\main.c
               __config_2   0x300003    program     static C:\Users\IDEONICS-BNG\Documents\GitHub\SCS\SCS_CurrentActivityEvaluator\App\source\main.c
               __config_3   0x300004    program     static C:\Users\IDEONICS-BNG\Documents\GitHub\SCS\SCS_CurrentActivityEvaluator\App\source\main.c
               __config_4   0x300005    program     static C:\Users\IDEONICS-BNG\Documents\GitHub\SCS\SCS_CurrentActivityEvaluator\App\source\main.c
               __config_5   0x300006    program     static C:\Users\IDEONICS-BNG\Documents\GitHub\SCS\SCS_CurrentActivityEvaluator\App\source\main.c
               __config_6   0x300008    program     static C:\Users\IDEONICS-BNG\Documents\GitHub\SCS\SCS_CurrentActivityEvaluator\App\source\main.c
               __config_7   0x300009    program     static C:\Users\IDEONICS-BNG\Documents\GitHub\SCS\SCS_CurrentActivityEvaluator\App\source\main.c
               __config_8   0x30000a    program     static C:\Users\IDEONICS-BNG\Documents\GitHub\SCS\SCS_CurrentActivityEvaluator\App\source\main.c
               __config_9   0x30000b    program     static C:\Users\IDEONICS-BNG\Documents\GitHub\SCS\SCS_CurrentActivityEvaluator\App\source\main.c
                   __init   0x000006    program     extern E:\c18v3.46\pic18-lt\cxx-framework\src\traditional\stdclib\__init.c
               __string_0   0x00c9a4    program     static C:\Users\IDEONICS-BNG\Documents\GitHub\SCS\SCS_CurrentActivityEvaluator\App\source\rtc_driver.c
               __string_1   0x00c9a0    program     static C:\Users\IDEONICS-BNG\Documents\GitHub\SCS\SCS_CurrentActivityEvaluator\App\source\rtc_driver.c
              __string_10   0x00c97c    program     static C:\Users\IDEONICS-BNG\Documents\GitHub\SCS\SCS_CurrentActivityEvaluator\App\source\rtc_driver.c
              __string_11   0x00c978    program     static C:\Users\IDEONICS-BNG\Documents\GitHub\SCS\SCS_CurrentActivityEvaluator\App\source\rtc_driver.c
              __string_12   0x00c974    program     static C:\Users\IDEONICS-BNG\Documents\GitHub\SCS\SCS_CurrentActivityEvaluator\App\source\rtc_driver.c
              __string_13   0x00c970    program     static C:\Users\IDEONICS-BNG\Documents\GitHub\SCS\SCS_CurrentActivityEvaluator\App\source\rtc_driver.c
              __string_14   0x00c96c    program     static C:\Users\IDEONICS-BNG\Documents\GitHub\SCS\SCS_CurrentActivityEvaluator\App\source\rtc_driver.c
              __string_15   0x00c968    program     static C:\Users\IDEONICS-BNG\Documents\GitHub\SCS\SCS_CurrentActivityEvaluator\App\source\rtc_driver.c
              __string_16   0x00c964    program     static C:\Users\IDEONICS-BNG\Documents\GitHub\SCS\SCS_CurrentActivityEvaluator\App\source\rtc_driver.c
              __string_17   0x00c960    program     static C:\Users\IDEONICS-BNG\Documents\GitHub\SCS\SCS_CurrentActivityEvaluator\App\source\rtc_driver.c
              __string_18   0x00c95c    program     static C:\Users\IDEONICS-BNG\Documents\GitHub\SCS\SCS_CurrentActivityEvaluator\App\source\rtc_driver.c
               __string_2   0x00c99c    program     static C:\Users\IDEONICS-BNG\Documents\GitHub\SCS\SCS_CurrentActivityEvaluator\App\source\rtc_driver.c
               __string_3   0x00c998    program     static C:\Users\IDEONICS-BNG\Documents\GitHub\SCS\SCS_CurrentActivityEvaluator\App\source\rtc_driver.c
               __string_4   0x00c994    program     static C:\Users\IDEONICS-BNG\Documents\GitHub\SCS\SCS_CurrentActivityEvaluator\App\source\rtc_driver.c
               __string_5   0x00c990    program     static C:\Users\IDEONICS-BNG\Documents\GitHub\SCS\SCS_CurrentActivityEvaluator\App\source\rtc_driver.c
               __string_6   0x00c98c    program     static C:\Users\IDEONICS-BNG\Documents\GitHub\SCS\SCS_CurrentActivityEvaluator\App\source\rtc_driver.c
               __string_7   0x00c988    program     static C:\Users\IDEONICS-BNG\Documents\GitHub\SCS\SCS_CurrentActivityEvaluator\App\source\rtc_driver.c
               __string_8   0x00c984    program     static C:\Users\IDEONICS-BNG\Documents\GitHub\SCS\SCS_CurrentActivityEvaluator\App\source\rtc_driver.c
               __string_9   0x00c980    program     static C:\Users\IDEONICS-BNG\Documents\GitHub\SCS\SCS_CurrentActivityEvaluator\App\source\rtc_driver.c
               __tmplbl_0   0x00030c    program     static                          
               __tmplbl_1   0x000302    program     static                          
               __tmplbl_2   0x000406    program     static                          
               __tmplbl_3   0x0003d6    program     static                          
               __tmplbl_4   0x000a94    program     static                          
               __tmplbl_5   0x000a8e    program     static                          
            __zero_memory   0x00cc40    program     extern E:\c18v3.46\pic18-lt\cxx-framework\src\traditional\proc\p18f8722.asm
                _do_cinit   0x00c580    program     extern E:\c18v3.46\pic18-lt\cxx-framework\src\traditional\startup\c018i.c
                   _entry   0x000000    program     extern E:\c18v3.46\pic18-lt\cxx-framework\src\traditional\startup\c018i.c
                   _false   0x00c9ea    program     static                          
                 _startup   0x00cc7e    program     extern E:\c18v3.46\pic18-lt\cxx-framework\src\traditional\startup\c018i.c
                 aucCRCHi   0x00bb0c    program     static C:\Users\IDEONICS-BNG\Documents\GitHub\SCS\SCS_CurrentActivityEvaluator\modbus\rtu\mbcrc.c
                 aucCRCLo   0x00bc0c    program     static C:\Users\IDEONICS-BNG\Documents\GitHub\SCS\SCS_CurrentActivityEvaluator\modbus\rtu\mbcrc.c
            breakSchedule   0x00c370    program     static C:\Users\IDEONICS-BNG\Documents\GitHub\SCS\SCS_CurrentActivityEvaluator\App\source\app.c
             calculateCRC   0x006454    program     extern C:\Users\IDEONICS-BNG\Documents\GitHub\SCS\SCS_CurrentActivityEvaluator\App\source\modbusMaster.c
                 clearBit   0x003430    program     static C:\Users\IDEONICS-BNG\Documents\GitHub\SCS\SCS_CurrentActivityEvaluator\App\source\MMD.c
        clearScheduleTime   0x003062    program     extern C:\Users\IDEONICS-BNG\Documents\GitHub\SCS\SCS_CurrentActivityEvaluator\App\source\app.c
                compare_l   0x00cc56    program     static E:\c18v3.46\pic18-lt\cxx-framework\src\traditional\proc\p18f8722.asm
          constructPacket   0x005676    program     extern C:\Users\IDEONICS-BNG\Documents\GitHub\SCS\SCS_CurrentActivityEvaluator\App\source\modbusMaster.c
            construct_F15   0x005872    program     extern C:\Users\IDEONICS-BNG\Documents\GitHub\SCS\SCS_CurrentActivityEvaluator\App\source\modbusMaster.c
            construct_F16   0x005a0a    program     extern C:\Users\IDEONICS-BNG\Documents\GitHub\SCS\SCS_CurrentActivityEvaluator\App\source\modbusMaster.c
                copy_loop   0x00c5f2    program     static                          
            copy_one_byte   0x00c5f8    program     static                          
                     done   0x00c61c    program     static                          
             done_copying   0x00c606    program     static                          
                 eMBClose   0x0097c8    program     extern C:\Users\IDEONICS-BNG\Documents\GitHub\SCS\SCS_CurrentActivityEvaluator\modbus\mb.c
               eMBDisable   0x009846    program     extern C:\Users\IDEONICS-BNG\Documents\GitHub\SCS\SCS_CurrentActivityEvaluator\modbus\mb.c
                eMBEnable   0x00980a    program     extern C:\Users\IDEONICS-BNG\Documents\GitHub\SCS\SCS_CurrentActivityEvaluator\modbus\mb.c
         eMBFuncReadCoils   0x009ad6    program     extern C:\Users\IDEONICS-BNG\Documents\GitHub\SCS\SCS_CurrentActivityEvaluator\modbus\functions\mbfunccoils.c
eMBFuncReadDiscreteInputs   0x00b3f4    program     extern C:\Users\IDEONICS-BNG\Documents\GitHub\SCS\SCS_CurrentActivityEvaluator\modbus\functions\mbfuncdisc.c
eMBFuncReadHoldingRegister   0x007f7a    program     extern C:\Users\IDEONICS-BNG\Documents\GitHub\SCS\SCS_CurrentActivityEvaluator\modbus\functions\mbfuncholding.c
 eMBFuncReadInputRegister   0x00b668    program     extern C:\Users\IDEONICS-BNG\Documents\GitHub\SCS\SCS_CurrentActivityEvaluator\modbus\functions\mbfuncinput.c
eMBFuncReadWriteMultipleHoldingRegister   0x0081d6    program     extern C:\Users\IDEONICS-BNG\Documents\GitHub\SCS\SCS_CurrentActivityEvaluator\modbus\functions\mbfuncholding.c
     eMBFuncReportSlaveID   0x00bfd8    program     extern C:\Users\IDEONICS-BNG\Documents\GitHub\SCS\SCS_CurrentActivityEvaluator\modbus\functions\mbfuncother.c
         eMBFuncWriteCoil   0x009d4c    program     extern C:\Users\IDEONICS-BNG\Documents\GitHub\SCS\SCS_CurrentActivityEvaluator\modbus\functions\mbfunccoils.c
eMBFuncWriteHoldingRegister   0x007c7a    program     extern C:\Users\IDEONICS-BNG\Documents\GitHub\SCS\SCS_CurrentActivityEvaluator\modbus\functions\mbfuncholding.c
eMBFuncWriteMultipleCoils   0x009ec4    program     extern C:\Users\IDEONICS-BNG\Documents\GitHub\SCS\SCS_CurrentActivityEvaluator\modbus\functions\mbfunccoils.c
eMBFuncWriteMultipleHoldingRegister   0x007d70    program     extern C:\Users\IDEONICS-BNG\Documents\GitHub\SCS\SCS_CurrentActivityEvaluator\modbus\functions\mbfuncholding.c
                  eMBInit   0x00948e    program     extern C:\Users\IDEONICS-BNG\Documents\GitHub\SCS\SCS_CurrentActivityEvaluator\modbus\mb.c
                  eMBPoll   0x00988e    program     extern C:\Users\IDEONICS-BNG\Documents\GitHub\SCS\SCS_CurrentActivityEvaluator\modbus\mb.c
               eMBRTUInit   0x00a0f6    program     extern C:\Users\IDEONICS-BNG\Documents\GitHub\SCS\SCS_CurrentActivityEvaluator\modbus\rtu\mbrtu.c
            eMBRTUReceive   0x00a26c    program     extern C:\Users\IDEONICS-BNG\Documents\GitHub\SCS\SCS_CurrentActivityEvaluator\modbus\rtu\mbrtu.c
               eMBRTUSend   0x00a34e    program     extern C:\Users\IDEONICS-BNG\Documents\GitHub\SCS\SCS_CurrentActivityEvaluator\modbus\rtu\mbrtu.c
              eMBRTUStart   0x00a23a    program     extern C:\Users\IDEONICS-BNG\Documents\GitHub\SCS\SCS_CurrentActivityEvaluator\modbus\rtu\mbrtu.c
               eMBRTUStop   0x00a256    program     extern C:\Users\IDEONICS-BNG\Documents\GitHub\SCS\SCS_CurrentActivityEvaluator\modbus\rtu\mbrtu.c
            eMBRegCoilsCB   0x0005e2    program     extern C:\Users\IDEONICS-BNG\Documents\GitHub\SCS\SCS_CurrentActivityEvaluator\App\source\app.c
         eMBRegDiscreteCB   0x0005f6    program     extern C:\Users\IDEONICS-BNG\Documents\GitHub\SCS\SCS_CurrentActivityEvaluator\App\source\app.c
          eMBRegHoldingCB   0x0004d0    program     extern C:\Users\IDEONICS-BNG\Documents\GitHub\SCS\SCS_CurrentActivityEvaluator\App\source\app.c
            eMBRegInputCB   0x0004b6    program     extern C:\Users\IDEONICS-BNG\Documents\GitHub\SCS\SCS_CurrentActivityEvaluator\App\source\app.c
            eMBRegisterCB   0x0095b0    program     extern C:\Users\IDEONICS-BNG\Documents\GitHub\SCS\SCS_CurrentActivityEvaluator\modbus\mb.c
            eMBSetSlaveID   0x00beda    program     extern C:\Users\IDEONICS-BNG\Documents\GitHub\SCS\SCS_CurrentActivityEvaluator\modbus\functions\mbfuncother.c
                  endloop   0x00cbf6    program     static                          
                  endloop   0x00ccb0    program     static                          
      getActivitySchedule   0x001112    program     extern C:\Users\IDEONICS-BNG\Documents\GitHub\SCS\SCS_CurrentActivityEvaluator\App\source\app.c
                   getBit   0x0033ba    program     static C:\Users\IDEONICS-BNG\Documents\GitHub\SCS\SCS_CurrentActivityEvaluator\App\source\MMD.c
          getScheduleTime   0x002d1e    program     extern C:\Users\IDEONICS-BNG\Documents\GitHub\SCS\SCS_CurrentActivityEvaluator\App\source\app.c
           high_interrupt   0x000008    program     extern C:\Users\IDEONICS-BNG\Documents\GitHub\SCS\SCS_CurrentActivityEvaluator\App\source\interruptvector.c
                     idle   0x0055be    program     extern C:\Users\IDEONICS-BNG\Documents\GitHub\SCS\SCS_CurrentActivityEvaluator\App\source\modbusMaster.c
                     jEnd   0x00c6a6    program     static E:\c18v3.46\pic18-lt\cxx-framework\src\traditional\stdclib\memset.asm
                     jEnd   0x00c662    program     static E:\c18v3.46\pic18-lt\cxx-framework\src\traditional\stdclib\memcpy.asm
                    jLoop   0x00c688    program     static E:\c18v3.46\pic18-lt\cxx-framework\src\traditional\stdclib\memset.asm
                    jLoop   0x00c646    program     static E:\c18v3.46\pic18-lt\cxx-framework\src\traditional\stdclib\memcpy.asm
         leftBitPackTable   0x00a9ce    program     extern C:\Users\IDEONICS-BNG\Documents\GitHub\SCS\SCS_CurrentActivityEvaluator\App\source\MMD.c
   loadActivityParameters   0x0014a2    program     extern C:\Users\IDEONICS-BNG\Documents\GitHub\SCS\SCS_CurrentActivityEvaluator\App\source\app.c
             loadSchedule   0x002c8e    program     extern C:\Users\IDEONICS-BNG\Documents\GitHub\SCS\SCS_CurrentActivityEvaluator\App\source\app.c
                     loop   0x00cca2    program     static                          
                     loop   0x00cbda    program     static                          
                     loop   0x00cc8e    program     static                          
                     loop   0x00c9b6    program     static                          
                   loop_h   0x00cc4e    program     static E:\c18v3.46\pic18-lt\cxx-framework\src\traditional\proc\p18f8722.asm
                   loop_l   0x00cc58    program     static E:\c18v3.46\pic18-lt\cxx-framework\src\traditional\proc\p18f8722.asm
                     main   0x00c04a    program     extern C:\Users\IDEONICS-BNG\Documents\GitHub\SCS\SCS_CurrentActivityEvaluator\App\source\main.c
              marqueeData   0x00c3a6    program     extern C:\Users\IDEONICS-BNG\Documents\GitHub\SCS\SCS_CurrentActivityEvaluator\App\source\app.c
                   memcpy   0x00c61e    program     extern E:\c18v3.46\pic18-lt\cxx-framework\src\traditional\stdclib\memcpy.asm
                   memset   0x00c674    program     extern E:\c18v3.46\pic18-lt\cxx-framework\src\traditional\stdclib\memset.asm
               mutex_lock   0x00cbfc    program     extern C:\Users\IDEONICS-BNG\Documents\GitHub\SCS\SCS_CurrentActivityEvaluator\App\source\mutex.c
             mutex_unlock   0x00cc12    program     extern C:\Users\IDEONICS-BNG\Documents\GitHub\SCS\SCS_CurrentActivityEvaluator\App\source\mutex.c
   processActivityTrigger   0x0011a0    program     extern C:\Users\IDEONICS-BNG\Documents\GitHub\SCS\SCS_CurrentActivityEvaluator\App\source\app.c
             processError   0x006186    program     extern C:\Users\IDEONICS-BNG\Documents\GitHub\SCS\SCS_CurrentActivityEvaluator\App\source\modbusMaster.c
      processReceivedData   0x00060a    program     extern C:\Users\IDEONICS-BNG\Documents\GitHub\SCS\SCS_CurrentActivityEvaluator\App\source\app.c
             processReply   0x005c90    program     extern C:\Users\IDEONICS-BNG\Documents\GitHub\SCS\SCS_CurrentActivityEvaluator\App\source\modbusMaster.c
           processSuccess   0x00623e    program     extern C:\Users\IDEONICS-BNG\Documents\GitHub\SCS\SCS_CurrentActivityEvaluator\App\source\modbusMaster.c
            process_F1_F2   0x005dbe    program     extern C:\Users\IDEONICS-BNG\Documents\GitHub\SCS\SCS_CurrentActivityEvaluator\App\source\modbusMaster.c
            process_F3_F4   0x005f56    program     extern C:\Users\IDEONICS-BNG\Documents\GitHub\SCS\SCS_CurrentActivityEvaluator\App\source\modbusMaster.c
    process_F5_F6_F15_F16   0x006060    program     extern C:\Users\IDEONICS-BNG\Documents\GitHub\SCS\SCS_CurrentActivityEvaluator\App\source\modbusMaster.c
    prveMBError2Exception   0x00ad42    program     extern C:\Users\IDEONICS-BNG\Documents\GitHub\SCS\SCS_CurrentActivityEvaluator\modbus\functions\mbutils.c
      prvvTIMERExpiredISR   0x00c2c2    program     extern C:\Users\IDEONICS-BNG\Documents\GitHub\SCS\SCS_CurrentActivityEvaluator\modbus\porttimer.c
            prvvUARTRxISR   0x00b348    program     extern C:\Users\IDEONICS-BNG\Documents\GitHub\SCS\SCS_CurrentActivityEvaluator\modbus\portserial.c
       prvvUARTTxReadyISR   0x00b29c    program     extern C:\Users\IDEONICS-BNG\Documents\GitHub\SCS\SCS_CurrentActivityEvaluator\modbus\portserial.c
     resetActivitySegment   0x000f96    program     extern C:\Users\IDEONICS-BNG\Documents\GitHub\SCS\SCS_CurrentActivityEvaluator\App\source\app.c
               resetAlarm   0x000e7a    program     extern C:\Users\IDEONICS-BNG\Documents\GitHub\SCS\SCS_CurrentActivityEvaluator\App\source\app.c
            resetSchedule   0x002b06    program     extern C:\Users\IDEONICS-BNG\Documents\GitHub\SCS\SCS_CurrentActivityEvaluator\App\source\app.c
        rightBitPackTable   0x00a9c2    program     extern C:\Users\IDEONICS-BNG\Documents\GitHub\SCS\SCS_CurrentActivityEvaluator\App\source\MMD.c
               sendPacket   0x006584    program     extern C:\Users\IDEONICS-BNG\Documents\GitHub\SCS\SCS_CurrentActivityEvaluator\App\source\modbusMaster.c
                   setBit   0x0033fa    program     static C:\Users\IDEONICS-BNG\Documents\GitHub\SCS\SCS_CurrentActivityEvaluator\App\source\MMD.c
                     test   0x00c59a    program     static                          
    updateAlarmIndication   0x000e7e    program     extern C:\Users\IDEONICS-BNG\Documents\GitHub\SCS\SCS_CurrentActivityEvaluator\App\source\app.c
updateBackLightIndication   0x0016c0    program     extern C:\Users\IDEONICS-BNG\Documents\GitHub\SCS\SCS_CurrentActivityEvaluator\App\source\app.c
updateCurrentActivityIndication   0x002056    program     extern C:\Users\IDEONICS-BNG\Documents\GitHub\SCS\SCS_CurrentActivityEvaluator\App\source\app.c
updateCurrentActivityParameters   0x0018b0    program     extern C:\Users\IDEONICS-BNG\Documents\GitHub\SCS\SCS_CurrentActivityEvaluator\App\source\app.c
                updateLog   0x00315c    program     extern C:\Users\IDEONICS-BNG\Documents\GitHub\SCS\SCS_CurrentActivityEvaluator\App\source\app.c
         updateLog_Binary   0x00327e    program     extern C:\Users\IDEONICS-BNG\Documents\GitHub\SCS\SCS_CurrentActivityEvaluator\App\source\app.c
            updateMarquee   0x0017b2    program     extern C:\Users\IDEONICS-BNG\Documents\GitHub\SCS\SCS_CurrentActivityEvaluator\App\source\app.c
  updatePickingIndication   0x00315a    program     extern C:\Users\IDEONICS-BNG\Documents\GitHub\SCS\SCS_CurrentActivityEvaluator\App\source\app.c
        updatePickingInfo   0x003092    program     extern C:\Users\IDEONICS-BNG\Documents\GitHub\SCS\SCS_CurrentActivityEvaluator\App\source\app.c
           updateSchedule   0x002628    program     extern C:\Users\IDEONICS-BNG\Documents\GitHub\SCS\SCS_CurrentActivityEvaluator\App\source\app.c
updateShipmentScheduleIndication   0x00235a    program     extern C:\Users\IDEONICS-BNG\Documents\GitHub\SCS\SCS_CurrentActivityEvaluator\App\source\app.c
               updateTime   0x0015ae    program     extern C:\Users\IDEONICS-BNG\Documents\GitHub\SCS\SCS_CurrentActivityEvaluator\App\source\app.c
      updateTruckActivity   0x000a56    program     extern C:\Users\IDEONICS-BNG\Documents\GitHub\SCS\SCS_CurrentActivityEvaluator\App\source\app.c
          updateTruckTime   0x000b8a    program     extern C:\Users\IDEONICS-BNG\Documents\GitHub\SCS\SCS_CurrentActivityEvaluator\App\source\app.c
                usMBCRC16   0x00c17e    program     extern C:\Users\IDEONICS-BNG\Documents\GitHub\SCS\SCS_CurrentActivityEvaluator\modbus\rtu\mbcrc.c
      vMBPortSerialEnable   0x00b128    program     extern C:\Users\IDEONICS-BNG\Documents\GitHub\SCS\SCS_CurrentActivityEvaluator\modbus\portserial.c
     vMBPortTimersDisable   0x00c2be    program     extern C:\Users\IDEONICS-BNG\Documents\GitHub\SCS\SCS_CurrentActivityEvaluator\modbus\porttimer.c
      vMBPortTimersEnable   0x00c2a8    program     extern C:\Users\IDEONICS-BNG\Documents\GitHub\SCS\SCS_CurrentActivityEvaluator\modbus\porttimer.c
                 validate   0x009218    program     static C:\Users\IDEONICS-BNG\Documents\GitHub\SCS\SCS_CurrentActivityEvaluator\App\source\digitdisplay.c
        waiting_for_reply   0x005b64    program     extern C:\Users\IDEONICS-BNG\Documents\GitHub\SCS\SCS_CurrentActivityEvaluator\App\source\modbusMaster.c
   waiting_for_turnaround   0x005b1e    program     extern C:\Users\IDEONICS-BNG\Documents\GitHub\SCS\SCS_CurrentActivityEvaluator\App\source\modbusMaster.c
       writeToDisplayPort   0x009146    program     static C:\Users\IDEONICS-BNG\Documents\GitHub\SCS\SCS_CurrentActivityEvaluator\App\source\digitdisplay.c
          xMBPortEventGet   0x00c8c8    program     extern C:\Users\IDEONICS-BNG\Documents\GitHub\SCS\SCS_CurrentActivityEvaluator\modbus\portevent.c
         xMBPortEventInit   0x00c89e    program     extern C:\Users\IDEONICS-BNG\Documents\GitHub\SCS\SCS_CurrentActivityEvaluator\modbus\portevent.c
         xMBPortEventPost   0x00c8a8    program     extern C:\Users\IDEONICS-BNG\Documents\GitHub\SCS\SCS_CurrentActivityEvaluator\modbus\portevent.c
     xMBPortSerialGetByte   0x00b26c    program     extern C:\Users\IDEONICS-BNG\Documents\GitHub\SCS\SCS_CurrentActivityEvaluator\modbus\portserial.c
        xMBPortSerialInit   0x00b15e    program     extern C:\Users\IDEONICS-BNG\Documents\GitHub\SCS\SCS_CurrentActivityEvaluator\modbus\portserial.c
     xMBPortSerialPutByte   0x00b236    program     extern C:\Users\IDEONICS-BNG\Documents\GitHub\SCS\SCS_CurrentActivityEvaluator\modbus\portserial.c
        xMBPortTimersInit   0x00c27a    program     extern C:\Users\IDEONICS-BNG\Documents\GitHub\SCS\SCS_CurrentActivityEvaluator\modbus\porttimer.c
         xMBRTUReceiveFSM   0x00a468    program     extern C:\Users\IDEONICS-BNG\Documents\GitHub\SCS\SCS_CurrentActivityEvaluator\modbus\rtu\mbrtu.c
    xMBRTUTimerT35Expired   0x00a5ce    program     extern C:\Users\IDEONICS-BNG\Documents\GitHub\SCS\SCS_CurrentActivityEvaluator\modbus\rtu\mbrtu.c
        xMBRTUTransmitFSM   0x00a53a    program     extern C:\Users\IDEONICS-BNG\Documents\GitHub\SCS\SCS_CurrentActivityEvaluator\modbus\rtu\mbrtu.c
           xMBUtilGetBits   0x00abfe    program     extern C:\Users\IDEONICS-BNG\Documents\GitHub\SCS\SCS_CurrentActivityEvaluator\modbus\functions\mbutils.c
           xMBUtilSetBits   0x00a9da    program     extern C:\Users\IDEONICS-BNG\Documents\GitHub\SCS\SCS_CurrentActivityEvaluator\modbus\functions\mbutils.c
               zero_block   0x00cc4e    program     static E:\c18v3.46\pic18-lt\cxx-framework\src\traditional\proc\p18f8722.asm
                   ADCON0   0x000fc2       data     extern E:\c18v3.46\pic18-lt\cxx-framework\src\traditional\proc\p18f8722.asm
               ADCON0bits   0x000fc2       data     extern E:\c18v3.46\pic18-lt\cxx-framework\src\traditional\proc\p18f8722.asm
                   ADCON1   0x000fc1       data     extern E:\c18v3.46\pic18-lt\cxx-framework\src\traditional\proc\p18f8722.asm
               ADCON1bits   0x000fc1       data     extern E:\c18v3.46\pic18-lt\cxx-framework\src\traditional\proc\p18f8722.asm
                   ADCON2   0x000fc0       data     extern E:\c18v3.46\pic18-lt\cxx-framework\src\traditional\proc\p18f8722.asm
               ADCON2bits   0x000fc0       data     extern E:\c18v3.46\pic18-lt\cxx-framework\src\traditional\proc\p18f8722.asm
                    ADRES   0x000fc3       data     extern E:\c18v3.46\pic18-lt\cxx-framework\src\traditional\proc\p18f8722.asm
                   ADRESH   0x000fc4       data     extern E:\c18v3.46\pic18-lt\cxx-framework\src\traditional\proc\p18f8722.asm
                   ADRESL   0x000fc3       data     extern E:\c18v3.46\pic18-lt\cxx-framework\src\traditional\proc\p18f8722.asm
             AppTimestamp   0x000f5b       data     extern C:\Users\IDEONICS-BNG\Documents\GitHub\SCS\SCS_CurrentActivityEvaluator\App\source\timer.c
          AppUpdate_count   0x000f51       data     extern C:\Users\IDEONICS-BNG\Documents\GitHub\SCS\SCS_CurrentActivityEvaluator\App\source\timer.c
                  BAUDCON   0x000f7e       data     extern E:\c18v3.46\pic18-lt\cxx-framework\src\traditional\proc\p18f8722.asm
                 BAUDCON1   0x000f7e       data     extern E:\c18v3.46\pic18-lt\cxx-framework\src\traditional\proc\p18f8722.asm
             BAUDCON1bits   0x000f7e       data     extern E:\c18v3.46\pic18-lt\cxx-framework\src\traditional\proc\p18f8722.asm
                 BAUDCON2   0x000f7c       data     extern E:\c18v3.46\pic18-lt\cxx-framework\src\traditional\proc\p18f8722.asm
             BAUDCON2bits   0x000f7c       data     extern E:\c18v3.46\pic18-lt\cxx-framework\src\traditional\proc\p18f8722.asm
              BAUDCONbits   0x000f7e       data     extern E:\c18v3.46\pic18-lt\cxx-framework\src\traditional\proc\p18f8722.asm
                      BSR   0x000fe0       data     extern E:\c18v3.46\pic18-lt\cxx-framework\src\traditional\proc\p18f8722.asm
                  CCP1CON   0x000fbd       data     extern E:\c18v3.46\pic18-lt\cxx-framework\src\traditional\proc\p18f8722.asm
              CCP1CONbits   0x000fbd       data     extern E:\c18v3.46\pic18-lt\cxx-framework\src\traditional\proc\p18f8722.asm
                  CCP2CON   0x000fba       data     extern E:\c18v3.46\pic18-lt\cxx-framework\src\traditional\proc\p18f8722.asm
              CCP2CONbits   0x000fba       data     extern E:\c18v3.46\pic18-lt\cxx-framework\src\traditional\proc\p18f8722.asm
                  CCP3CON   0x000fb7       data     extern E:\c18v3.46\pic18-lt\cxx-framework\src\traditional\proc\p18f8722.asm
              CCP3CONbits   0x000fb7       data     extern E:\c18v3.46\pic18-lt\cxx-framework\src\traditional\proc\p18f8722.asm
                  CCP4CON   0x000f73       data     extern E:\c18v3.46\pic18-lt\cxx-framework\src\traditional\proc\p18f8722.asm
              CCP4CONbits   0x000f73       data     extern E:\c18v3.46\pic18-lt\cxx-framework\src\traditional\proc\p18f8722.asm
                  CCP5CON   0x000f70       data     extern E:\c18v3.46\pic18-lt\cxx-framework\src\traditional\proc\p18f8722.asm
              CCP5CONbits   0x000f70       data     extern E:\c18v3.46\pic18-lt\cxx-framework\src\traditional\proc\p18f8722.asm
                    CCPR1   0x000fbe       data     extern E:\c18v3.46\pic18-lt\cxx-framework\src\traditional\proc\p18f8722.asm
                   CCPR1H   0x000fbf       data     extern E:\c18v3.46\pic18-lt\cxx-framework\src\traditional\proc\p18f8722.asm
                   CCPR1L   0x000fbe       data     extern E:\c18v3.46\pic18-lt\cxx-framework\src\traditional\proc\p18f8722.asm
                    CCPR2   0x000fbb       data     extern E:\c18v3.46\pic18-lt\cxx-framework\src\traditional\proc\p18f8722.asm
                   CCPR2H   0x000fbc       data     extern E:\c18v3.46\pic18-lt\cxx-framework\src\traditional\proc\p18f8722.asm
                   CCPR2L   0x000fbb       data     extern E:\c18v3.46\pic18-lt\cxx-framework\src\traditional\proc\p18f8722.asm
                    CCPR3   0x000fb8       data     extern E:\c18v3.46\pic18-lt\cxx-framework\src\traditional\proc\p18f8722.asm
                   CCPR3H   0x000fb9       data     extern E:\c18v3.46\pic18-lt\cxx-framework\src\traditional\proc\p18f8722.asm
                   CCPR3L   0x000fb8       data     extern E:\c18v3.46\pic18-lt\cxx-framework\src\traditional\proc\p18f8722.asm
                    CCPR4   0x000f74       data     extern E:\c18v3.46\pic18-lt\cxx-framework\src\traditional\proc\p18f8722.asm
                   CCPR4H   0x000f75       data     extern E:\c18v3.46\pic18-lt\cxx-framework\src\traditional\proc\p18f8722.asm
                   CCPR4L   0x000f74       data     extern E:\c18v3.46\pic18-lt\cxx-framework\src\traditional\proc\p18f8722.asm
                    CCPR5   0x000f71       data     extern E:\c18v3.46\pic18-lt\cxx-framework\src\traditional\proc\p18f8722.asm
                   CCPR5H   0x000f72       data     extern E:\c18v3.46\pic18-lt\cxx-framework\src\traditional\proc\p18f8722.asm
                   CCPR5L   0x000f71       data     extern E:\c18v3.46\pic18-lt\cxx-framework\src\traditional\proc\p18f8722.asm
                    CMCON   0x000fb4       data     extern E:\c18v3.46\pic18-lt\cxx-framework\src\traditional\proc\p18f8722.asm
                CMCONbits   0x000fb4       data     extern E:\c18v3.46\pic18-lt\cxx-framework\src\traditional\proc\p18f8722.asm
                   CVRCON   0x000fb5       data     extern E:\c18v3.46\pic18-lt\cxx-framework\src\traditional\proc\p18f8722.asm
               CVRCONbits   0x000fb5       data     extern E:\c18v3.46\pic18-lt\cxx-framework\src\traditional\proc\p18f8722.asm
                     DDRA   0x000f92       data     extern E:\c18v3.46\pic18-lt\cxx-framework\src\traditional\proc\p18f8722.asm
                 DDRAbits   0x000f92       data     extern E:\c18v3.46\pic18-lt\cxx-framework\src\traditional\proc\p18f8722.asm
                     DDRB   0x000f93       data     extern E:\c18v3.46\pic18-lt\cxx-framework\src\traditional\proc\p18f8722.asm
                 DDRBbits   0x000f93       data     extern E:\c18v3.46\pic18-lt\cxx-framework\src\traditional\proc\p18f8722.asm
                     DDRC   0x000f94       data     extern E:\c18v3.46\pic18-lt\cxx-framework\src\traditional\proc\p18f8722.asm
                 DDRCbits   0x000f94       data     extern E:\c18v3.46\pic18-lt\cxx-framework\src\traditional\proc\p18f8722.asm
                     DDRD   0x000f95       data     extern E:\c18v3.46\pic18-lt\cxx-framework\src\traditional\proc\p18f8722.asm
                 DDRDbits   0x000f95       data     extern E:\c18v3.46\pic18-lt\cxx-framework\src\traditional\proc\p18f8722.asm
                     DDRE   0x000f96       data     extern E:\c18v3.46\pic18-lt\cxx-framework\src\traditional\proc\p18f8722.asm
                 DDREbits   0x000f96       data     extern E:\c18v3.46\pic18-lt\cxx-framework\src\traditional\proc\p18f8722.asm
                     DDRF   0x000f97       data     extern E:\c18v3.46\pic18-lt\cxx-framework\src\traditional\proc\p18f8722.asm
                 DDRFbits   0x000f97       data     extern E:\c18v3.46\pic18-lt\cxx-framework\src\traditional\proc\p18f8722.asm
                     DDRG   0x000f98       data     extern E:\c18v3.46\pic18-lt\cxx-framework\src\traditional\proc\p18f8722.asm
                 DDRGbits   0x000f98       data     extern E:\c18v3.46\pic18-lt\cxx-framework\src\traditional\proc\p18f8722.asm
                     DDRH   0x000f99       data     extern E:\c18v3.46\pic18-lt\cxx-framework\src\traditional\proc\p18f8722.asm
                 DDRHbits   0x000f99       data     extern E:\c18v3.46\pic18-lt\cxx-framework\src\traditional\proc\p18f8722.asm
                     DDRJ   0x000f9a       data     extern E:\c18v3.46\pic18-lt\cxx-framework\src\traditional\proc\p18f8722.asm
                 DDRJbits   0x000f9a       data     extern E:\c18v3.46\pic18-lt\cxx-framework\src\traditional\proc\p18f8722.asm
                   DayStr   0x000e53       data     extern C:\Users\IDEONICS-BNG\Documents\GitHub\SCS\SCS_CurrentActivityEvaluator\App\source\rtc_driver.c
            DelayCounter1   0x000030       data     extern E:\c18v3.46\pic18-lt\cxx-framework\src\traditional\delays\delayd1.asm
                  ECCP1AS   0x000fb6       data     extern E:\c18v3.46\pic18-lt\cxx-framework\src\traditional\proc\p18f8722.asm
              ECCP1ASbits   0x000fb6       data     extern E:\c18v3.46\pic18-lt\cxx-framework\src\traditional\proc\p18f8722.asm
                 ECCP1CON   0x000fbd       data     extern E:\c18v3.46\pic18-lt\cxx-framework\src\traditional\proc\p18f8722.asm
             ECCP1CONbits   0x000fbd       data     extern E:\c18v3.46\pic18-lt\cxx-framework\src\traditional\proc\p18f8722.asm
                 ECCP1DEL   0x000f79       data     extern E:\c18v3.46\pic18-lt\cxx-framework\src\traditional\proc\p18f8722.asm
             ECCP1DELbits   0x000f79       data     extern E:\c18v3.46\pic18-lt\cxx-framework\src\traditional\proc\p18f8722.asm
                  ECCP2AS   0x000f68       data     extern E:\c18v3.46\pic18-lt\cxx-framework\src\traditional\proc\p18f8722.asm
              ECCP2ASbits   0x000f68       data     extern E:\c18v3.46\pic18-lt\cxx-framework\src\traditional\proc\p18f8722.asm
                 ECCP2CON   0x000fba       data     extern E:\c18v3.46\pic18-lt\cxx-framework\src\traditional\proc\p18f8722.asm
             ECCP2CONbits   0x000fba       data     extern E:\c18v3.46\pic18-lt\cxx-framework\src\traditional\proc\p18f8722.asm
                 ECCP2DEL   0x000f67       data     extern E:\c18v3.46\pic18-lt\cxx-framework\src\traditional\proc\p18f8722.asm
             ECCP2DELbits   0x000f67       data     extern E:\c18v3.46\pic18-lt\cxx-framework\src\traditional\proc\p18f8722.asm
                  ECCP3AS   0x000f6a       data     extern E:\c18v3.46\pic18-lt\cxx-framework\src\traditional\proc\p18f8722.asm
              ECCP3ASbits   0x000f6a       data     extern E:\c18v3.46\pic18-lt\cxx-framework\src\traditional\proc\p18f8722.asm
                 ECCP3CON   0x000fb7       data     extern E:\c18v3.46\pic18-lt\cxx-framework\src\traditional\proc\p18f8722.asm
             ECCP3CONbits   0x000fb7       data     extern E:\c18v3.46\pic18-lt\cxx-framework\src\traditional\proc\p18f8722.asm
                 ECCP3DEL   0x000f69       data     extern E:\c18v3.46\pic18-lt\cxx-framework\src\traditional\proc\p18f8722.asm
             ECCP3DELbits   0x000f69       data     extern E:\c18v3.46\pic18-lt\cxx-framework\src\traditional\proc\p18f8722.asm
                    EEADR   0x000fa9       data     extern E:\c18v3.46\pic18-lt\cxx-framework\src\traditional\proc\p18f8722.asm
                   EEADRH   0x000faa       data     extern E:\c18v3.46\pic18-lt\cxx-framework\src\traditional\proc\p18f8722.asm
                   EECON1   0x000fa6       data     extern E:\c18v3.46\pic18-lt\cxx-framework\src\traditional\proc\p18f8722.asm
[...]
                     PIR3   0x000fa4       data     extern E:\c18v3.46\pic18-lt\cxx-framework\src\traditional\proc\p18f8722.asm
                 PIR3bits   0x000fa4       data     extern E:\c18v3.46\pic18-lt\cxx-framework\src\traditional\proc\p18f8722.asm
                 IPR3bits   0x000fa5       data     extern E:\c18v3.46\pic18-lt\cxx-framework\src\traditional\proc\p18f8722.asm
                     IPR3   0x000fa5       data     extern E:\c18v3.46\pic18-lt\cxx-framework\src\traditional\proc\p18f8722.asm
                   EECON1   0x000fa6       data     extern E:\c18v3.46\pic18-lt\cxx-framework\src\traditional\proc\p18f8722.asm
               EECON1bits   0x000fa6       data     extern E:\c18v3.46\pic18-lt\cxx-framework\src\traditional\proc\p18f8722.asm
                   EECON2   0x000fa7       data     extern E:\c18v3.46\pic18-lt\cxx-framework\src\traditional\proc\p18f8722.asm
                   EEDATA   0x000fa8       data     extern E:\c18v3.46\pic18-lt\cxx-framework\src\traditional\proc\p18f8722.asm
                    EEADR   0x000fa9       data     extern E:\c18v3.46\pic18-lt\cxx-framework\src\traditional\proc\p18f8722.asm
                   EEADRH   0x000faa       data     extern E:\c18v3.46\pic18-lt\cxx-framework\src\traditional\proc\p18f8722.asm
                    RCSTA   0x000fab       data     extern E:\c18v3.46\pic18-lt\cxx-framework\src\traditional\proc\p18f8722.asm
                   RCSTA1   0x000fab       data     extern E:\c18v3.46\pic18-lt\cxx-framework\src\traditional\proc\p18f8722.asm
               RCSTA1bits   0x000fab       data     extern E:\c18v3.46\pic18-lt\cxx-framework\src\traditional\proc\p18f8722.asm
                RCSTAbits   0x000fab       data     extern E:\c18v3.46\pic18-lt\cxx-framework\src\traditional\proc\p18f8722.asm
                    TXSTA   0x000fac       data     extern E:\c18v3.46\pic18-lt\cxx-framework\src\traditional\proc\p18f8722.asm
                   TXSTA1   0x000fac       data     extern E:\c18v3.46\pic18-lt\cxx-framework\src\traditional\proc\p18f8722.asm
               TXSTA1bits   0x000fac       data     extern E:\c18v3.46\pic18-lt\cxx-framework\src\traditional\proc\p18f8722.asm
                TXSTAbits   0x000fac       data     extern E:\c18v3.46\pic18-lt\cxx-framework\src\traditional\proc\p18f8722.asm
                    TXREG   0x000fad       data     extern E:\c18v3.46\pic18-lt\cxx-framework\src\traditional\proc\p18f8722.asm
                   TXREG1   0x000fad       data     extern E:\c18v3.46\pic18-lt\cxx-framework\src\traditional\proc\p18f8722.asm
                    RCREG   0x000fae       data     extern E:\c18v3.46\pic18-lt\cxx-framework\src\traditional\proc\p18f8722.asm
                   RCREG1   0x000fae       data     extern E:\c18v3.46\pic18-lt\cxx-framework\src\traditional\proc\p18f8722.asm
                   SPBRG1   0x000faf       data     extern E:\c18v3.46\pic18-lt\cxx-framework\src\traditional\proc\p18f8722.asm
                    SPBRG   0x000faf       data     extern E:\c18v3.46\pic18-lt\cxx-framework\src\traditional\proc\p18f8722.asm
                   PSPCON   0x000fb0       data     extern E:\c18v3.46\pic18-lt\cxx-framework\src\traditional\proc\p18f8722.asm
               PSPCONbits   0x000fb0       data     extern E:\c18v3.46\pic18-lt\cxx-framework\src\traditional\proc\p18f8722.asm
                T3CONbits   0x000fb1       data     extern E:\c18v3.46\pic18-lt\cxx-framework\src\traditional\proc\p18f8722.asm
                    T3CON   0x000fb1       data     extern E:\c18v3.46\pic18-lt\cxx-framework\src\traditional\proc\p18f8722.asm
                    TMR3L   0x000fb2       data     extern E:\c18v3.46\pic18-lt\cxx-framework\src\traditional\proc\p18f8722.asm
                    TMR3H   0x000fb3       data     extern E:\c18v3.46\pic18-lt\cxx-framework\src\traditional\proc\p18f8722.asm
                CMCONbits   0x000fb4       data     extern E:\c18v3.46\pic18-lt\cxx-framework\src\traditional\proc\p18f8722.asm
                    CMCON   0x000fb4       data     extern E:\c18v3.46\pic18-lt\cxx-framework\src\traditional\proc\p18f8722.asm
               CVRCONbits   0x000fb5       data     extern E:\c18v3.46\pic18-lt\cxx-framework\src\traditional\proc\p18f8722.asm
                   CVRCON   0x000fb5       data     extern E:\c18v3.46\pic18-lt\cxx-framework\src\traditional\proc\p18f8722.asm
                  ECCP1AS   0x000fb6       data     extern E:\c18v3.46\pic18-lt\cxx-framework\src\traditional\proc\p18f8722.asm
              ECCP1ASbits   0x000fb6       data     extern E:\c18v3.46\pic18-lt\cxx-framework\src\traditional\proc\p18f8722.asm
             ECCP3CONbits   0x000fb7       data     extern E:\c18v3.46\pic18-lt\cxx-framework\src\traditional\proc\p18f8722.asm
                 ECCP3CON   0x000fb7       data     extern E:\c18v3.46\pic18-lt\cxx-framework\src\traditional\proc\p18f8722.asm
              CCP3CONbits   0x000fb7       data     extern E:\c18v3.46\pic18-lt\cxx-framework\src\traditional\proc\p18f8722.asm
                  CCP3CON   0x000fb7       data     extern E:\c18v3.46\pic18-lt\cxx-framework\src\traditional\proc\p18f8722.asm
                   CCPR3L   0x000fb8       data     extern E:\c18v3.46\pic18-lt\cxx-framework\src\traditional\proc\p18f8722.asm
                    CCPR3   0x000fb8       data     extern E:\c18v3.46\pic18-lt\cxx-framework\src\traditional\proc\p18f8722.asm
                   CCPR3H   0x000fb9       data     extern E:\c18v3.46\pic18-lt\cxx-framework\src\traditional\proc\p18f8722.asm
                 ECCP2CON   0x000fba       data     extern E:\c18v3.46\pic18-lt\cxx-framework\src\traditional\proc\p18f8722.asm
                  CCP2CON   0x000fba       data     extern E:\c18v3.46\pic18-lt\cxx-framework\src\traditional\proc\p18f8722.asm
              CCP2CONbits   0x000fba       data     extern E:\c18v3.46\pic18-lt\cxx-framework\src\traditional\proc\p18f8722.asm
             ECCP2CONbits   0x000fba       data     extern E:\c18v3.46\pic18-lt\cxx-framework\src\traditional\proc\p18f8722.asm
                   CCPR2L   0x000fbb       data     extern E:\c18v3.46\pic18-lt\cxx-framework\src\traditional\proc\p18f8722.asm
                    CCPR2   0x000fbb       data     extern E:\c18v3.46\pic18-lt\cxx-framework\src\traditional\proc\p18f8722.asm
                   CCPR2H   0x000fbc       data     extern E:\c18v3.46\pic18-lt\cxx-framework\src\traditional\proc\p18f8722.asm
              CCP1CONbits   0x000fbd       data     extern E:\c18v3.46\pic18-lt\cxx-framework\src\traditional\proc\p18f8722.asm
                  CCP1CON   0x000fbd       data     extern E:\c18v3.46\pic18-lt\cxx-framework\src\traditional\proc\p18f8722.asm
             ECCP1CONbits   0x000fbd       data     extern E:\c18v3.46\pic18-lt\cxx-framework\src\traditional\proc\p18f8722.asm
                 ECCP1CON   0x000fbd       data     extern E:\c18v3.46\pic18-lt\cxx-framework\src\traditional\proc\p18f8722.asm
                    CCPR1   0x000fbe       data     extern E:\c18v3.46\pic18-lt\cxx-framework\src\traditional\proc\p18f8722.asm
                   CCPR1L   0x000fbe       data     extern E:\c18v3.46\pic18-lt\cxx-framework\src\traditional\proc\p18f8722.asm
                   CCPR1H   0x000fbf       data     extern E:\c18v3.46\pic18-lt\cxx-framework\src\traditional\proc\p18f8722.asm
               ADCON2bits   0x000fc0       data     extern E:\c18v3.46\pic18-lt\cxx-framework\src\traditional\proc\p18f8722.asm
                   ADCON2   0x000fc0       data     extern E:\c18v3.46\pic18-lt\cxx-framework\src\traditional\proc\p18f8722.asm
               ADCON1bits   0x000fc1       data     extern E:\c18v3.46\pic18-lt\cxx-framework\src\traditional\proc\p18f8722.asm
                   ADCON1   0x000fc1       data     extern E:\c18v3.46\pic18-lt\cxx-framework\src\traditional\proc\p18f8722.asm
                   ADCON0   0x000fc2       data     extern E:\c18v3.46\pic18-lt\cxx-framework\src\traditional\proc\p18f8722.asm
               ADCON0bits   0x000fc2       data     extern E:\c18v3.46\pic18-lt\cxx-framework\src\traditional\proc\p18f8722.asm
                    ADRES   0x000fc3       data     extern E:\c18v3.46\pic18-lt\cxx-framework\src\traditional\proc\p18f8722.asm
                   ADRESL   0x000fc3       data     extern E:\c18v3.46\pic18-lt\cxx-framework\src\traditional\proc\p18f8722.asm
                   ADRESH   0x000fc4       data     extern E:\c18v3.46\pic18-lt\cxx-framework\src\traditional\proc\p18f8722.asm
                 SSP1CON2   0x000fc5       data     extern E:\c18v3.46\pic18-lt\cxx-framework\src\traditional\proc\p18f8722.asm
             SSP1CON2bits   0x000fc5       data     extern E:\c18v3.46\pic18-lt\cxx-framework\src\traditional\proc\p18f8722.asm
                  SSPCON2   0x000fc5       data     extern E:\c18v3.46\pic18-lt\cxx-framework\src\traditional\proc\p18f8722.asm
              SSPCON2bits   0x000fc5       data     extern E:\c18v3.46\pic18-lt\cxx-framework\src\traditional\proc\p18f8722.asm
                 SSP1CON1   0x000fc6       data     extern E:\c18v3.46\pic18-lt\cxx-framework\src\traditional\proc\p18f8722.asm
             SSP1CON1bits   0x000fc6       data     extern E:\c18v3.46\pic18-lt\cxx-framework\src\traditional\proc\p18f8722.asm
                  SSPCON1   0x000fc6       data     extern E:\c18v3.46\pic18-lt\cxx-framework\src\traditional\proc\p18f8722.asm
              SSPCON1bits   0x000fc6       data     extern E:\c18v3.46\pic18-lt\cxx-framework\src\traditional\proc\p18f8722.asm
                 SSP1STAT   0x000fc7       data     extern E:\c18v3.46\pic18-lt\cxx-framework\src\traditional\proc\p18f8722.asm
             SSP1STATbits   0x000fc7       data     extern E:\c18v3.46\pic18-lt\cxx-framework\src\traditional\proc\p18f8722.asm
                  SSPSTAT   0x000fc7       data     extern E:\c18v3.46\pic18-lt\cxx-framework\src\traditional\proc\p18f8722.asm
              SSPSTATbits   0x000fc7       data     extern E:\c18v3.46\pic18-lt\cxx-framework\src\traditional\proc\p18f8722.asm
                   SSPADD   0x000fc8       data     extern E:\c18v3.46\pic18-lt\cxx-framework\src\traditional\proc\p18f8722.asm
                  SSP1ADD   0x000fc8       data     extern E:\c18v3.46\pic18-lt\cxx-framework\src\traditional\proc\p18f8722.asm
                   SSPBUF   0x000fc9       data     extern E:\c18v3.46\pic18-lt\cxx-framework\src\traditional\proc\p18f8722.asm
                  SSP1BUF   0x000fc9       data     extern E:\c18v3.46\pic18-lt\cxx-framework\src\traditional\proc\p18f8722.asm
                T2CONbits   0x000fca       data     extern E:\c18v3.46\pic18-lt\cxx-framework\src\traditional\proc\p18f8722.asm
                    T2CON   0x000fca       data     extern E:\c18v3.46\pic18-lt\cxx-framework\src\traditional\proc\p18f8722.asm
                      PR2   0x000fcb       data     extern E:\c18v3.46\pic18-lt\cxx-framework\src\traditional\proc\p18f8722.asm
                     TMR2   0x000fcc       data     extern E:\c18v3.46\pic18-lt\cxx-framework\src\traditional\proc\p18f8722.asm
                    T1CON   0x000fcd       data     extern E:\c18v3.46\pic18-lt\cxx-framework\src\traditional\proc\p18f8722.asm
                T1CONbits   0x000fcd       data     extern E:\c18v3.46\pic18-lt\cxx-framework\src\traditional\proc\p18f8722.asm
                    TMR1L   0x000fce       data     extern E:\c18v3.46\pic18-lt\cxx-framework\src\traditional\proc\p18f8722.asm
                    TMR1H   0x000fcf       data     extern E:\c18v3.46\pic18-lt\cxx-framework\src\traditional\proc\p18f8722.asm
                 RCONbits   0x000fd0       data     extern E:\c18v3.46\pic18-lt\cxx-framework\src\traditional\proc\p18f8722.asm
                     RCON   0x000fd0       data     extern E:\c18v3.46\pic18-lt\cxx-framework\src\traditional\proc\p18f8722.asm
               WDTCONbits   0x000fd1       data     extern E:\c18v3.46\pic18-lt\cxx-framework\src\traditional\proc\p18f8722.asm
                   WDTCON   0x000fd1       data     extern E:\c18v3.46\pic18-lt\cxx-framework\src\traditional\proc\p18f8722.asm
                  HLVDCON   0x000fd2       data     extern E:\c18v3.46\pic18-lt\cxx-framework\src\traditional\proc\p18f8722.asm
              HLVDCONbits   0x000fd2       data     extern E:\c18v3.46\pic18-lt\cxx-framework\src\traditional\proc\p18f8722.asm
                   LVDCON   0x000fd2       data     extern E:\c18v3.46\pic18-lt\cxx-framework\src\traditional\proc\p18f8722.asm
               LVDCONbits   0x000fd2       data     extern E:\c18v3.46\pic18-lt\cxx-framework\src\traditional\proc\p18f8722.asm
                   OSCCON   0x000fd3       data     extern E:\c18v3.46\pic18-lt\cxx-framework\src\traditional\proc\p18f8722.asm
               OSCCONbits   0x000fd3       data     extern E:\c18v3.46\pic18-lt\cxx-framework\src\traditional\proc\p18f8722.asm
                    T0CON   0x000fd5       data     extern E:\c18v3.46\pic18-lt\cxx-framework\src\traditional\proc\p18f8722.asm
                T0CONbits   0x000fd5       data     extern E:\c18v3.46\pic18-lt\cxx-framework\src\traditional\proc\p18f8722.asm
                    TMR0L   0x000fd6       data     extern E:\c18v3.46\pic18-lt\cxx-framework\src\traditional\proc\p18f8722.asm
                    TMR0H   0x000fd7       data     extern E:\c18v3.46\pic18-lt\cxx-framework\src\traditional\proc\p18f8722.asm
                   STATUS   0x000fd8       data     extern E:\c18v3.46\pic18-lt\cxx-framework\src\traditional\proc\p18f8722.asm
               STATUSbits   0x000fd8       data     extern E:\c18v3.46\pic18-lt\cxx-framework\src\traditional\proc\p18f8722.asm
                    FSR2L   0x000fd9       data     extern E:\c18v3.46\pic18-lt\cxx-framework\src\traditional\proc\p18f8722.asm
                     FSR2   0x000fd9       data     extern E:\c18v3.46\pic18-lt\cxx-framework\src\traditional\proc\p18f8722.asm
                    FSR2H   0x000fda       data     extern E:\c18v3.46\pic18-lt\cxx-framework\src\traditional\proc\p18f8722.asm
                   PLUSW2   0x000fdb       data     extern E:\c18v3.46\pic18-lt\cxx-framework\src\traditional\proc\p18f8722.asm
                  PREINC2   0x000fdc       data     extern E:\c18v3.46\pic18-lt\cxx-framework\src\traditional\proc\p18f8722.asm
                 POSTDEC2   0x000fdd       data     extern E:\c18v3.46\pic18-lt\cxx-framework\src\traditional\proc\p18f8722.asm
                 POSTINC2   0x000fde       data     extern E:\c18v3.46\pic18-lt\cxx-framework\src\traditional\proc\p18f8722.asm
                    INDF2   0x000fdf       data     extern E:\c18v3.46\pic18-lt\cxx-framework\src\traditional\proc\p18f8722.asm
                      BSR   0x000fe0       data     extern E:\c18v3.46\pic18-lt\cxx-framework\src\traditional\proc\p18f8722.asm
                    FSR1L   0x000fe1       data     extern E:\c18v3.46\pic18-lt\cxx-framework\src\traditional\proc\p18f8722.asm
                     FSR1   0x000fe1       data     extern E:\c18v3.46\pic18-lt\cxx-framework\src\traditional\proc\p18f8722.asm
                    FSR1H   0x000fe2       data     extern E:\c18v3.46\pic18-lt\cxx-framework\src\traditional\proc\p18f8722.asm
                   PLUSW1   0x000fe3       data     extern E:\c18v3.46\pic18-lt\cxx-framework\src\traditional\proc\p18f8722.asm
                  PREINC1   0x000fe4       data     extern E:\c18v3.46\pic18-lt\cxx-framework\src\traditional\proc\p18f8722.asm
                 POSTDEC1   0x000fe5       data     extern E:\c18v3.46\pic18-lt\cxx-framework\src\traditional\proc\p18f8722.asm
                 POSTINC1   0x000fe6       data     extern E:\c18v3.46\pic18-lt\cxx-framework\src\traditional\proc\p18f8722.asm
                    INDF1   0x000fe7       data     extern E:\c18v3.46\pic18-lt\cxx-framework\src\traditional\proc\p18f8722.asm
                     WREG   0x000fe8       data     extern E:\c18v3.46\pic18-lt\cxx-framework\src\traditional\proc\p18f8722.asm
                     FSR0   0x000fe9       data     extern E:\c18v3.46\pic18-lt\cxx-framework\src\traditional\proc\p18f8722.asm
                    FSR0L   0x000fe9       data     extern E:\c18v3.46\pic18-lt\cxx-framework\src\traditional\proc\p18f8722.asm
                    FSR0H   0x000fea       data     extern E:\c18v3.46\pic18-lt\cxx-framework\src\traditional\proc\p18f8722.asm
                   PLUSW0   0x000feb       data     extern E:\c18v3.46\pic18-lt\cxx-framework\src\traditional\proc\p18f8722.asm
                  PREINC0   0x000fec       data     extern E:\c18v3.46\pic18-lt\cxx-framework\src\traditional\proc\p18f8722.asm
                 POSTDEC0   0x000fed       data     extern E:\c18v3.46\pic18-lt\cxx-framework\src\traditional\proc\p18f8722.asm
                 POSTINC0   0x000fee       data     extern E:\c18v3.46\pic18-lt\cxx-framework\src\traditional\proc\p18f8722.asm
                    INDF0   0x000fef       data     extern E:\c18v3.46\pic18-lt\cxx-framework\src\traditional\proc\p18f8722.asm
                  INTCON3   0x000ff0       data     extern E:\c18v3.46\pic18-lt\cxx-framework\src\traditional\proc\p18f8722.asm
              INTCON3bits   0x000ff0       data     extern E:\c18v3.46\pic18-lt\cxx-framework\src\traditional\proc\p18f8722.asm
              INTCON2bits   0x000ff1       data     extern E:\c18v3.46\pic18-lt\cxx-framework\src\traditional\proc\p18f8722.asm
                  INTCON2   0x000ff1       data     extern E:\c18v3.46\pic18-lt\cxx-framework\src\traditional\proc\p18f8722.asm
                   INTCON   0x000ff2       data     extern E:\c18v3.46\pic18-lt\cxx-framework\src\traditional\proc\p18f8722.asm
               INTCONbits   0x000ff2       data     extern E:\c18v3.46\pic18-lt\cxx-framework\src\traditional\proc\p18f8722.asm
                     PROD   0x000ff3       data     extern E:\c18v3.46\pic18-lt\cxx-framework\src\traditional\proc\p18f8722.asm
                    PRODL   0x000ff3       data     extern E:\c18v3.46\pic18-lt\cxx-framework\src\traditional\proc\p18f8722.asm
                    PRODH   0x000ff4       data     extern E:\c18v3.46\pic18-lt\cxx-framework\src\traditional\proc\p18f8722.asm
                   TABLAT   0x000ff5       data     extern E:\c18v3.46\pic18-lt\cxx-framework\src\traditional\proc\p18f8722.asm
                   TBLPTR   0x000ff6       data     extern E:\c18v3.46\pic18-lt\cxx-framework\src\traditional\proc\p18f8722.asm
                  TBLPTRL   0x000ff6       data     extern E:\c18v3.46\pic18-lt\cxx-framework\src\traditional\proc\p18f8722.asm
                  TBLPTRH   0x000ff7       data     extern E:\c18v3.46\pic18-lt\cxx-framework\src\traditional\proc\p18f8722.asm
                  TBLPTRU   0x000ff8       data     extern E:\c18v3.46\pic18-lt\cxx-framework\src\traditional\proc\p18f8722.asm
                       PC   0x000ff9       data     extern E:\c18v3.46\pic18-lt\cxx-framework\src\traditional\proc\p18f8722.asm
                      PCL   0x000ff9       data     extern E:\c18v3.46\pic18-lt\cxx-framework\src\traditional\proc\p18f8722.asm
                   PCLATH   0x000ffa       data     extern E:\c18v3.46\pic18-lt\cxx-framework\src\traditional\proc\p18f8722.asm
                   PCLATU   0x000ffb       data     extern E:\c18v3.46\pic18-lt\cxx-framework\src\traditional\proc\p18f8722.asm
                   STKPTR   0x000ffc       data     extern E:\c18v3.46\pic18-lt\cxx-framework\src\traditional\proc\p18f8722.asm
               STKPTRbits   0x000ffc       data     extern E:\c18v3.46\pic18-lt\cxx-framework\src\traditional\proc\p18f8722.asm
                      TOS   0x000ffd       data     extern E:\c18v3.46\pic18-lt\cxx-framework\src\traditional\proc\p18f8722.asm
                     TOSL   0x000ffd       data     extern E:\c18v3.46\pic18-lt\cxx-framework\src\traditional\proc\p18f8722.asm
                     TOSH   0x000ffe       data     extern E:\c18v3.46\pic18-lt\cxx-framework\src\traditional\proc\p18f8722.asm
                     TOSU   0x000fff       data     extern E:\c18v3.46\pic18-lt\cxx-framework\src\traditional\proc\p18f8722.asm


