MPLINK 4.48, Linker
Linker Map File - Created Thu Jul 09 09:38:30 2015

                                 Section Info
                  Section       Type    Address   Location Size(Bytes)
                ---------  ---------  ---------  ---------  ---------
               _entry_scn       code   0x000000    program   0x000006
           .code___init.o       code   0x000006    program   0x000002
              high_vector       code   0x000008    program   0x00002a
                   .cinit    romdata   0x000032    program   0x00009e
              .code_MMD.o       code   0x0000d0    program   0x002220
         .code_math_fun.o       code   0x0022f0    program   0x000c34
       .code_rtc_driver.o       code   0x002f24    program   0x0009da
    .code_mbfuncholding.o       code   0x0038fe    program   0x00093a
    .code_communication.o       code   0x004238    program   0x000714
     .code_digitdisplay.o       code   0x00494c    program   0x00067c
      .code_mbfunccoils.o       code   0x004fc8    program   0x000612
               .code_mb.o       code   0x0055da    program   0x000606
           .romdata_app.o    romdata   0x005be0    program   0x0005d6
             .code_uart.o       code   0x0061b6    program   0x00055c
            .code_mbrtu.o       code   0x006712    program   0x000514
              .code_app.o       code   0x006c26    program   0x0004ea
           .romdata_MMD.o    romdata   0x007110    program   0x0003b8
          .code_mbutils.o       code   0x0074c8    program   0x0003a4
            .code_timer.o       code   0x00786c    program   0x00038a
       .code_portserial.o       code   0x007bf6    program   0x0002c8
       .code_mbfuncdisc.o       code   0x007ebe    program   0x000270
      .code_mbfuncinput.o       code   0x00812e    program   0x000258
       .code_i2c_driver.o       code   0x008386    program   0x000246
             .code_main.o       code   0x0085cc    program   0x00023a
         .romdata_mbcrc.o    romdata   0x008806    program   0x000200
      .code_mbfuncother.o       code   0x008a06    program   0x000166
            .code_mbcrc.o       code   0x008b6c    program   0x0000fc
        .code_porttimer.o       code   0x008c68    program   0x0000f6
            .code_board.o       code   0x008d5e    program   0x0000d4
                   STRING       code   0x008e32    program   0x0000a6
               _cinit_scn       code   0x008ed8    program   0x00009e
           .code_u2open.o       code   0x008f76    program   0x00008a
           .code_u1open.o       code   0x009000    program   0x000084
        .code_portevent.o       code   0x009084    program   0x000060
             .stringtable    romdata   0x0090e4    program   0x00004c
         .code_fxd3232u.o       code   0x009130    program   0x000048
           .code_t3open.o       code   0x009178    program   0x000042
           .code_t1open.o       code   0x0091ba    program   0x000042
           .code_u2read.o       code   0x0091fc    program   0x00003e
           .code_u1read.o       code   0x00923a    program   0x00003e
     .code_digit_driver.o       code   0x009278    program   0x00003e
                     PROG       code   0x0092b6    program   0x00003c
          .code_t3write.o       code   0x0092f2    program   0x000038
          .code_t1write.o       code   0x00932a    program   0x000038
          .code_t0write.o       code   0x009362    program   0x000038
           .code_t0open.o       code   0x00939a    program   0x000038
         .code_fxd1616u.o       code   0x0093d2    program   0x00002c
              D1KTCYXCODE       code   0x0093fe    program   0x000020
                    .code       code   0x00941e    program   0x000020
             _startup_scn       code   0x00943e    program   0x00001c
         .code_fxd0808u.o       code   0x00945a    program   0x00001c
        .code_heartBeat.o       code   0x009476    program   0x00001a
              D10TCYXCODE       code   0x009490    program   0x000016
  .romdata_digit_driver.o    romdata   0x0094a6    program   0x00000b
 .romdata_communication.o    romdata   0x0094b1    program   0x000005
               uartdata_i    romdata   0x0094b6    program   0x000084
               mmd_data_i    romdata   0x00953a    program   0x0002bb
              com1_data_i    romdata   0x0097f5    program   0x000050
               RTC_DATA_i    romdata   0x009845    program   0x000010
           DISPLAY_DATA_i    romdata   0x009855    program   0x00002b
         .romdata_board.o    romdata   0x009880    program   0x000000
       .romdata_mbutils.o    romdata   0x009880    program   0x000000
      .romdata_fxd0808u.o    romdata   0x009880    program   0x000000
         .romdata_mbrtu.o    romdata   0x009880    program   0x000000
      .romdata_fxd1616u.o    romdata   0x009880    program   0x000000
   .romdata_mbfuncother.o    romdata   0x009880    program   0x000000
   .romdata_mbfuncinput.o    romdata   0x009880    program   0x000000
         .romdata_c018i.o    romdata   0x009880    program   0x000000
        .romdata___init.o    romdata   0x009880    program   0x000000
       .romdata_t3write.o    romdata   0x009880    program   0x000000
       .romdata_t1write.o    romdata   0x009880    program   0x000000
       .romdata_t0write.o    romdata   0x009880    program   0x000000
        .romdata_u2defs.o    romdata   0x009880    program   0x000000
        .idata_u2defs.o_i    romdata   0x009880    program   0x000000
        .romdata_u1defs.o    romdata   0x009880    program   0x000000
        .idata_u1defs.o_i    romdata   0x009880    program   0x000000
        .romdata_u2read.o    romdata   0x009880    program   0x000000
        .idata_u2read.o_i    romdata   0x009880    program   0x000000
        .romdata_u1read.o    romdata   0x009880    program   0x000000
        .idata_u1read.o_i    romdata   0x009880    program   0x000000
        .romdata_t3open.o    romdata   0x009880    program   0x000000
        .romdata_t1open.o    romdata   0x009880    program   0x000000
        .romdata_t0open.o    romdata   0x009880    program   0x000000
        .romdata_u2open.o    romdata   0x009880    program   0x000000
        .idata_u2open.o_i    romdata   0x009880    program   0x000000
        .romdata_u1open.o    romdata   0x009880    program   0x000000
        .idata_u1open.o_i    romdata   0x009880    program   0x000000
      .romdata_fxd3232u.o    romdata   0x009880    program   0x000000
         .romdata_timer.o    romdata   0x009880    program   0x000000
          .idata_uart.o_i    romdata   0x009880    program   0x000000
          .romdata_uart.o    romdata   0x009880    program   0x000000
  .romdata_digitdisplay.o    romdata   0x009880    program   0x000000
         .idata_timer.o_i    romdata   0x009880    program   0x00001e
     .romdata_porttimer.o    romdata   0x009880    program   0x000000
    .romdata_rtc_driver.o    romdata   0x009880    program   0x000000
    .romdata_portserial.o    romdata   0x009880    program   0x000000
     .romdata_portevent.o    romdata   0x009880    program   0x000000
            .romdata_mb.o    romdata   0x009880    program   0x000000
     .romdata_heartBeat.o    romdata   0x009880    program   0x000000
    .romdata_i2c_driver.o    romdata   0x009880    program   0x000000
.romdata_interruptvector.o    romdata   0x009880    program   0x000000
   .romdata_mbfunccoils.o    romdata   0x009880    program   0x000000
      .romdata_math_fun.o    romdata   0x009880    program   0x000000
          .romdata_main.o    romdata   0x009880    program   0x000000
 .romdata_mbfuncholding.o    romdata   0x009880    program   0x000000
    .romdata_mbfuncdisc.o    romdata   0x009880    program   0x000000
       .idata_t3write.o_i    romdata   0x00989e    program   0x000000
       .idata_t1write.o_i    romdata   0x00989e    program   0x000000
        .idata_t0open.o_i    romdata   0x00989e    program   0x000000
    .idata_rtc_driver.o_i    romdata   0x00989e    program   0x000027
       .idata_t0write.o_i    romdata   0x00989e    program   0x000000
        .idata_t1open.o_i    romdata   0x00989e    program   0x000000
        .idata_t3open.o_i    romdata   0x00989e    program   0x000000
    .idata_portserial.o_i    romdata   0x0098c5    program   0x000000
       .idata_mbutils.o_i    romdata   0x0098c5    program   0x000000
     .idata_portevent.o_i    romdata   0x0098c5    program   0x000000
     .idata_porttimer.o_i    romdata   0x0098c5    program   0x000000
         .idata_mbrtu.o_i    romdata   0x0098c5    program   0x000002
    .idata_mbfuncdisc.o_i    romdata   0x0098c7    program   0x000000
 .idata_mbfuncholding.o_i    romdata   0x0098c7    program   0x000000
   .idata_mbfuncother.o_i    romdata   0x0098c7    program   0x000000
         .idata_mbcrc.o_i    romdata   0x0098c7    program   0x000000
   .idata_mbfunccoils.o_i    romdata   0x0098c7    program   0x000000
            .idata_mb.o_i    romdata   0x0098c7    program   0x000041
   .idata_mbfuncinput.o_i    romdata   0x0098c7    program   0x000000
     .idata_heartBeat.o_i    romdata   0x009908    program   0x000001
    .idata_i2c_driver.o_i    romdata   0x009908    program   0x000000
      .idata_math_fun.o_i    romdata   0x009908    program   0x000000
.idata_interruptvector.o_i    romdata   0x009908    program   0x000000
          .idata_main.o_i    romdata   0x009908    program   0x000000
      .idata_fxd0808u.o_i    romdata   0x009909    program   0x000000
      .idata_fxd1616u.o_i    romdata   0x009909    program   0x000000
  .idata_digitdisplay.o_i    romdata   0x009909    program   0x000010
      .idata_fxd3232u.o_i    romdata   0x009909    program   0x000000
 .idata_communication.o_i    romdata   0x009919    program   0x000002
  .idata_digit_driver.o_i    romdata   0x009919    program   0x000000
         .idata_c018i.o_i    romdata   0x00991b    program   0x000000
         .idata_board.o_i    romdata   0x00991b    program   0x000000
           .idata_app.o_i    romdata   0x00991b    program   0x000014
           .idata_MMD.o_i    romdata   0x00992f    program   0x000000
        .idata___init.o_i    romdata   0x00992f    program   0x000000
           .code_u1defs.o       code   0x009930    program   0x000000
           .code_u2defs.o       code   0x009930    program   0x000000
            .code_c018i.o       code   0x009930    program   0x000000
  .code_interruptvector.o       code   0x009930    program   0x000000
    .config_300001_main.o    romdata   0x300001    program   0x000001
    .config_300002_main.o    romdata   0x300002    program   0x000001
    .config_300003_main.o    romdata   0x300003    program   0x000001
    .config_300004_main.o    romdata   0x300004    program   0x000001
    .config_300005_main.o    romdata   0x300005    program   0x000001
    .config_300006_main.o    romdata   0x300006    program   0x000001
    .config_300008_main.o    romdata   0x300008    program   0x000001
    .config_300009_main.o    romdata   0x300009    program   0x000001
    .config_30000a_main.o    romdata   0x30000a    program   0x000001
    .config_30000b_main.o    romdata   0x30000b    program   0x000001
    .config_30000c_main.o    romdata   0x30000c    program   0x000001
    .config_30000d_main.o    romdata   0x30000d    program   0x000001
                MATH_DATA      udata   0x000000       data   0x000014
                 .tmpdata      udata   0x000014       data   0x00000a
                DELAYDAT1      udata   0x00001e       data   0x000001
                 uartdata      idata   0x000060       data   0x000084
             .idata_app.o      idata   0x0000e4       data   0x000014
       .udata_porttimer.o      udata   0x0000f8       data   0x000002
       .udata_portevent.o      udata   0x0000fa       data   0x000002
           .idata_mbrtu.o      idata   0x0000fc       data   0x000002
   .idata_communication.o      idata   0x0000fe       data   0x000002
                 RTU_DATA      udata   0x000100       data   0x000100
                 RTC_DATA      idata   0x000300       data   0x000010
              .idata_mb.o      idata   0x000310       data   0x000041
              .udata_mb.o      udata   0x000351       data   0x000027
      .idata_rtc_driver.o      idata   0x000378       data   0x000027
     .udata_mbfuncother.o      udata   0x00039f       data   0x000022
           .idata_timer.o      idata   0x0003c1       data   0x00001e
           .udata_c018i.o      udata   0x0003df       data   0x00000a
                 APP_DATA      udata   0x000600       data   0x0000cd
             DISPLAY_DATA      idata   0x0006cd       data   0x00002b
          .udata_u2defs.o      udata   0x0006f8       data   0x000001
          .udata_u1defs.o      udata   0x0006f9       data   0x000001
      .udata_rtc_driver.o      udata   0x0006fa       data   0x000001
           .udata_board.o      udata   0x0006fb       data   0x000001
       .idata_heartBeat.o      idata   0x0006fc       data   0x000001
        .idata_fxd1616u.o      idata   0x0006fd       data   0x000000
        .udata_fxd3232u.o      udata   0x0006fd       data   0x000000
        .udata_fxd1616u.o      udata   0x0006fd       data   0x000000
        .idata_fxd3232u.o      idata   0x0006fd       data   0x000000
          .udata_u1open.o      udata   0x0006fd       data   0x000000
          .idata_u1open.o      idata   0x0006fd       data   0x000000
        .idata_fxd0808u.o      idata   0x0006fd       data   0x000000
        .udata_fxd0808u.o      udata   0x0006fd       data   0x000000
           .udata_mbrtu.o      udata   0x0006fd       data   0x000000
           .idata_mbcrc.o      idata   0x0006fd       data   0x000000
           .udata_mbcrc.o      udata   0x0006fd       data   0x000000
          .udata_u2open.o      udata   0x0006fd       data   0x000000
          .idata___init.o      idata   0x0006fd       data   0x000000
          .udata___init.o      udata   0x0006fd       data   0x000000
         .idata_t3write.o      idata   0x0006fd       data   0x000000
         .udata_t3write.o      udata   0x0006fd       data   0x000000
         .idata_t1write.o      idata   0x0006fd       data   0x000000
         .udata_t1write.o      udata   0x0006fd       data   0x000000
         .idata_t0write.o      idata   0x0006fd       data   0x000000
         .udata_t0write.o      udata   0x0006fd       data   0x000000
          .idata_u2defs.o      idata   0x0006fd       data   0x000000
          .idata_u1defs.o      idata   0x0006fd       data   0x000000
          .idata_u2read.o      idata   0x0006fd       data   0x000000
          .udata_u2read.o      udata   0x0006fd       data   0x000000
          .idata_u1read.o      idata   0x0006fd       data   0x000000
          .udata_u1read.o      udata   0x0006fd       data   0x000000
          .idata_t3open.o      idata   0x0006fd       data   0x000000
          .udata_t3open.o      udata   0x0006fd       data   0x000000
          .idata_t1open.o      idata   0x0006fd       data   0x000000
          .udata_t1open.o      udata   0x0006fd       data   0x000000
          .idata_t0open.o      idata   0x0006fd       data   0x000000
          .udata_t0open.o      udata   0x0006fd       data   0x000000
          .idata_u2open.o      idata   0x0006fd       data   0x000000
             .idata_MMD.o      idata   0x0006fd       data   0x000000
             .udata_MMD.o      udata   0x0006fd       data   0x000000
        .idata_math_fun.o      idata   0x0006fd       data   0x000000
        .udata_math_fun.o      udata   0x0006fd       data   0x000000
            .idata_main.o      idata   0x0006fd       data   0x000000
            .udata_main.o      udata   0x0006fd       data   0x000000
 .idata_interruptvector.o      idata   0x0006fd       data   0x000000
 .udata_interruptvector.o      udata   0x0006fd       data   0x000000
      .idata_i2c_driver.o      idata   0x0006fd       data   0x000000
      .udata_i2c_driver.o      udata   0x0006fd       data   0x000000
       .udata_heartBeat.o      udata   0x0006fd       data   0x000000
    .udata_digitdisplay.o      udata   0x0006fd       data   0x000000
    .idata_digit_driver.o      idata   0x0006fd       data   0x000000
    .udata_digit_driver.o      udata   0x0006fd       data   0x000000
   .udata_communication.o      udata   0x0006fd       data   0x000000
           .idata_board.o      idata   0x0006fd       data   0x000000
             .udata_app.o      udata   0x0006fd       data   0x000000
           .idata_c018i.o      idata   0x0006fd       data   0x000000
         .idata_mbutils.o      idata   0x0006fd       data   0x000000
         .udata_mbutils.o      udata   0x0006fd       data   0x000000
     .idata_mbfuncother.o      idata   0x0006fd       data   0x000000
     .idata_mbfuncinput.o      idata   0x0006fd       data   0x000000
     .udata_mbfuncinput.o      udata   0x0006fd       data   0x000000
   .idata_mbfuncholding.o      idata   0x0006fd       data   0x000000
   .udata_mbfuncholding.o      udata   0x0006fd       data   0x000000
      .idata_mbfuncdisc.o      idata   0x0006fd       data   0x000000
      .udata_mbfuncdisc.o      udata   0x0006fd       data   0x000000
     .idata_mbfunccoils.o      idata   0x0006fd       data   0x000000
     .udata_mbfunccoils.o      udata   0x0006fd       data   0x000000
       .idata_portevent.o      idata   0x0006fd       data   0x000000
      .idata_portserial.o      idata   0x0006fd       data   0x000000
      .udata_portserial.o      udata   0x0006fd       data   0x000000
       .idata_porttimer.o      idata   0x0006fd       data   0x000000
            .idata_uart.o      idata   0x0006fd       data   0x000000
            .udata_uart.o      udata   0x0006fd       data   0x000000
           .udata_timer.o      udata   0x0006fd       data   0x000000
                 mmd_data      idata   0x000800       data   0x0002bb
                   .stack      udata   0x000e00       data   0x000100
                com1_data      idata   0x000f00       data   0x000050
    .idata_digitdisplay.o      idata   0x000f50       data   0x000010
            SFR_UNBANKED0      udata   0x000f62       data   0x00009e



                              Program Memory Usage 
                               Start         End      
                           ---------   ---------      
                            0x000000    0x00992e      
                            0x300001    0x300006      
                            0x300008    0x30000d      
            39227 out of 132120 program addresses used, program memory utilization is 29%



                              Symbols - Sorted by Name
                     Name    Address   Location    Storage File                     
                ---------  ---------  ---------  --------- ---------                
          APP_comCallBack   0x006dac    program     extern C:\Users\IDEONICS-BNG\Documents\GitHub\SCS\SCS_CurrentActivityEvaluator\App\source\app.c
                 APP_init   0x006c26    program     extern C:\Users\IDEONICS-BNG\Documents\GitHub\SCS\SCS_CurrentActivityEvaluator\App\source\app.c
                 APP_task   0x006cc4    program     extern C:\Users\IDEONICS-BNG\Documents\GitHub\SCS\SCS_CurrentActivityEvaluator\App\source\app.c
                  BCD2HEX   0x00237e    program     extern C:\Users\IDEONICS-BNG\Documents\GitHub\SCS\SCS_CurrentActivityEvaluator\App\source\math_fun.c
                 BCDtoBin   0x002d2a    program     extern C:\Users\IDEONICS-BNG\Documents\GitHub\SCS\SCS_CurrentActivityEvaluator\App\source\math_fun.c
                 BRD_init   0x008d5e    program     extern C:\Users\IDEONICS-BNG\Documents\GitHub\SCS\SCS_CurrentActivityEvaluator\App\source\board.c
                 BinToBCD   0x002d58    program     extern C:\Users\IDEONICS-BNG\Documents\GitHub\SCS\SCS_CurrentActivityEvaluator\App\source\math_fun.c
               COM1_reset   0x0042b8    program     extern C:\Users\IDEONICS-BNG\Documents\GitHub\SCS\SCS_CurrentActivityEvaluator\App\source\communication.c
             COM1_restart   0x00427e    program     extern C:\Users\IDEONICS-BNG\Documents\GitHub\SCS\SCS_CurrentActivityEvaluator\App\source\communication.c
                COM1_task   0x0042dc    program     extern C:\Users\IDEONICS-BNG\Documents\GitHub\SCS\SCS_CurrentActivityEvaluator\App\source\communication.c
                 COM_init   0x004238    program     extern C:\Users\IDEONICS-BNG\Documents\GitHub\SCS\SCS_CurrentActivityEvaluator\App\source\communication.c
             COM_txBuffer   0x0048f0    program     extern C:\Users\IDEONICS-BNG\Documents\GitHub\SCS\SCS_CurrentActivityEvaluator\App\source\communication.c
          COM_txCMD_CHAN1   0x0046bc    program     extern C:\Users\IDEONICS-BNG\Documents\GitHub\SCS\SCS_CurrentActivityEvaluator\App\source\communication.c
               COM_txData   0x00457c    program     extern C:\Users\IDEONICS-BNG\Documents\GitHub\SCS\SCS_CurrentActivityEvaluator\App\source\communication.c
                COM_txStr   0x00460e    program     extern C:\Users\IDEONICS-BNG\Documents\GitHub\SCS\SCS_CurrentActivityEvaluator\App\source\communication.c
ConvertAndDisplay16BitValue   0x00241c    program     extern C:\Users\IDEONICS-BNG\Documents\GitHub\SCS\SCS_CurrentActivityEvaluator\App\source\math_fun.c
ConvertAndDisplay32BitValue   0x0027e8    program     extern C:\Users\IDEONICS-BNG\Documents\GitHub\SCS\SCS_CurrentActivityEvaluator\App\source\math_fun.c
ConvertAndDisplay8BitValue   0x0026ac    program     extern C:\Users\IDEONICS-BNG\Documents\GitHub\SCS\SCS_CurrentActivityEvaluator\App\source\math_fun.c
           ConvertBCD2HEX   0x0022f0    program     extern C:\Users\IDEONICS-BNG\Documents\GitHub\SCS\SCS_CurrentActivityEvaluator\App\source\math_fun.c
  ConvertHour12to24Format   0x003552    program     extern C:\Users\IDEONICS-BNG\Documents\GitHub\SCS\SCS_CurrentActivityEvaluator\App\source\rtc_driver.c
  ConvertTime12to24Format   0x0033f8    program     extern C:\Users\IDEONICS-BNG\Documents\GitHub\SCS\SCS_CurrentActivityEvaluator\App\source\rtc_driver.c
  ConvertTime24to12Format   0x003268    program     extern C:\Users\IDEONICS-BNG\Documents\GitHub\SCS\SCS_CurrentActivityEvaluator\App\source\rtc_driver.c
ConvertUnPackedAsciiToPacked16BitHexValue   0x002d9e    program     extern C:\Users\IDEONICS-BNG\Documents\GitHub\SCS\SCS_CurrentActivityEvaluator\App\source\math_fun.c
                    D10_1   0x0094a0    program     static E:\c18v3.46\pic18-lt\cxx-framework\src\traditional\delays\d10tcyx.asm
                     D10x   0x009498    program     static E:\c18v3.46\pic18-lt\cxx-framework\src\traditional\delays\d10tcyx.asm
                    D1K_1   0x00940a    program     static E:\c18v3.46\pic18-lt\cxx-framework\src\traditional\delays\d1ktcyx.asm
                     D1Kx   0x009408    program     static E:\c18v3.46\pic18-lt\cxx-framework\src\traditional\delays\d1ktcyx.asm
            DDR_loadDigit   0x009278    program     extern C:\Users\IDEONICS-BNG\Documents\GitHub\SCS\SCS_CurrentActivityEvaluator\App\source\digit_driver.c
              Delay10TCYx   0x009490    program     extern E:\c18v3.46\pic18-lt\cxx-framework\src\traditional\delays\d10tcyx.asm
              Delay1KTCYx   0x0093fe    program     extern E:\c18v3.46\pic18-lt\cxx-framework\src\traditional\delays\d1ktcyx.asm
       DigitDisplay_DotOn   0x004cf8    program     extern C:\Users\IDEONICS-BNG\Documents\GitHub\SCS\SCS_CurrentActivityEvaluator\App\source\digitdisplay.c
    DigitDisplay_blinkOff   0x004c4c    program     extern C:\Users\IDEONICS-BNG\Documents\GitHub\SCS\SCS_CurrentActivityEvaluator\App\source\digitdisplay.c
     DigitDisplay_blinkOn   0x004c14    program     extern C:\Users\IDEONICS-BNG\Documents\GitHub\SCS\SCS_CurrentActivityEvaluator\App\source\digitdisplay.c
 DigitDisplay_blinkOn_ind   0x004f36    program     extern C:\Users\IDEONICS-BNG\Documents\GitHub\SCS\SCS_CurrentActivityEvaluator\App\source\digitdisplay.c
       DigitDisplay_clear   0x004c5a    program     extern C:\Users\IDEONICS-BNG\Documents\GitHub\SCS\SCS_CurrentActivityEvaluator\App\source\digitdisplay.c
        DigitDisplay_init   0x00494c    program     extern C:\Users\IDEONICS-BNG\Documents\GitHub\SCS\SCS_CurrentActivityEvaluator\App\source\digitdisplay.c
        DigitDisplay_task   0x004a20    program     extern C:\Users\IDEONICS-BNG\Documents\GitHub\SCS\SCS_CurrentActivityEvaluator\App\source\digitdisplay.c
DigitDisplay_updateBuffer   0x004aa6    program     extern C:\Users\IDEONICS-BNG\Documents\GitHub\SCS\SCS_CurrentActivityEvaluator\App\source\digitdisplay.c
DigitDisplay_updateBufferBinary   0x004b3c    program     extern C:\Users\IDEONICS-BNG\Documents\GitHub\SCS\SCS_CurrentActivityEvaluator\App\source\digitdisplay.c
DigitDisplay_updateBufferPartial   0x004da2    program     extern C:\Users\IDEONICS-BNG\Documents\GitHub\SCS\SCS_CurrentActivityEvaluator\App\source\digitdisplay.c
 DigitDisplay_updateDigit   0x004b90    program     extern C:\Users\IDEONICS-BNG\Documents\GitHub\SCS\SCS_CurrentActivityEvaluator\App\source\digitdisplay.c
DigitDisplay_updateFields   0x004e70    program     extern C:\Users\IDEONICS-BNG\Documents\GitHub\SCS\SCS_CurrentActivityEvaluator\App\source\digitdisplay.c
         EnableInterrupts   0x00002a    program     extern C:\Users\IDEONICS-BNG\Documents\GitHub\SCS\SCS_CurrentActivityEvaluator\App\source\interruptvector.c
                 FXD0808U   0x00945a    program     extern E:\c18v3.46\pic18-lt\cxx-framework\src\traditional\math\fxd0808u.c
                 FXD1616U   0x0093d2    program     extern E:\c18v3.46\pic18-lt\cxx-framework\src\traditional\math\fxd1616u.c
                 FXD3232U   0x009130    program     extern E:\c18v3.46\pic18-lt\cxx-framework\src\traditional\math\fxd3232u.c
                 FXM1616U   0x0092b6    program     extern E:\c18v3.46\pic18-lt\cxx-framework\src\traditional\math\fxm1616u.asm
             FontTable5x7   0x007110    program     extern C:\Users\IDEONICS-BNG\Documents\GitHub\SCS\SCS_CurrentActivityEvaluator\App\source\MMD.c
               GetAppTime   0x007ba6    program     extern C:\Users\IDEONICS-BNG\Documents\GitHub\SCS\SCS_CurrentActivityEvaluator\App\source\timer.c
                  HB_init   0x009476    program     extern C:\Users\IDEONICS-BNG\Documents\GitHub\SCS\SCS_CurrentActivityEvaluator\App\source\heartBeat.c
                  HB_task   0x00947c    program     extern C:\Users\IDEONICS-BNG\Documents\GitHub\SCS\SCS_CurrentActivityEvaluator\App\source\heartBeat.c
                  HEX2BCD   0x0023b8    program     extern C:\Users\IDEONICS-BNG\Documents\GitHub\SCS\SCS_CurrentActivityEvaluator\App\source\math_fun.c
            InitializeI2C   0x008386    program     extern C:\Users\IDEONICS-BNG\Documents\GitHub\SCS\SCS_CurrentActivityEvaluator\App\source\i2c_driver.c
            InitializeRtc   0x0037de    program     extern C:\Users\IDEONICS-BNG\Documents\GitHub\SCS\SCS_CurrentActivityEvaluator\App\source\rtc_driver.c
                  Int2Day   0x002f24    program     extern C:\Users\IDEONICS-BNG\Documents\GitHub\SCS\SCS_CurrentActivityEvaluator\App\source\rtc_driver.c
                Int2Month   0x002f5c    program     extern C:\Users\IDEONICS-BNG\Documents\GitHub\SCS\SCS_CurrentActivityEvaluator\App\source\rtc_driver.c
                  LED_MAP   0x0094a6    program     extern C:\Users\IDEONICS-BNG\Documents\GitHub\SCS\SCS_CurrentActivityEvaluator\App\source\digit_driver.c
         MMD_changeSymbol   0x000ff6    program     extern C:\Users\IDEONICS-BNG\Documents\GitHub\SCS\SCS_CurrentActivityEvaluator\App\source\MMD.c
         MMD_clearSegment   0x00120c    program     extern C:\Users\IDEONICS-BNG\Documents\GitHub\SCS\SCS_CurrentActivityEvaluator\App\source\MMD.c
        MMD_configSegment   0x0004f2    program     extern C:\Users\IDEONICS-BNG\Documents\GitHub\SCS\SCS_CurrentActivityEvaluator\App\source\MMD.c
                 MMD_init   0x00017e    program     extern C:\Users\IDEONICS-BNG\Documents\GitHub\SCS\SCS_CurrentActivityEvaluator\App\source\MMD.c
       MMD_refreshDisplay   0x001f6a    program     extern C:\Users\IDEONICS-BNG\Documents\GitHub\SCS\SCS_CurrentActivityEvaluator\App\source\MMD.c
       MMD_setScrollSpeed   0x000f7a    program     extern C:\Users\IDEONICS-BNG\Documents\GitHub\SCS\SCS_CurrentActivityEvaluator\App\source\MMD.c
                 MMD_task   0x00154a    program     extern C:\Users\IDEONICS-BNG\Documents\GitHub\SCS\SCS_CurrentActivityEvaluator\App\source\MMD.c
               Open1USART   0x009000    program     extern E:\c18v3.46\pic18-lt\cxx-framework\src\pmc_common\USART\u1open.c
               Open2USART   0x008f76    program     extern E:\c18v3.46\pic18-lt\cxx-framework\src\pmc_common\USART\u2open.c
               OpenTimer0   0x00939a    program     extern E:\c18v3.46\pic18-lt\cxx-framework\src\pmc_common\Timers\t0open.c
               OpenTimer1   0x0091ba    program     extern E:\c18v3.46\pic18-lt\cxx-framework\src\pmc_common\Timers\t1open.c
               OpenTimer3   0x009178    program     extern E:\c18v3.46\pic18-lt\cxx-framework\src\pmc_common\Timers\t3open.c
              RTC_getDate   0x003866    program     extern C:\Users\IDEONICS-BNG\Documents\GitHub\SCS\SCS_CurrentActivityEvaluator\App\source\rtc_driver.c
               RTC_getDay   0x003856    program     extern C:\Users\IDEONICS-BNG\Documents\GitHub\SCS\SCS_CurrentActivityEvaluator\App\source\rtc_driver.c
            RTC_getDayStr   0x0038aa    program     extern C:\Users\IDEONICS-BNG\Documents\GitHub\SCS\SCS_CurrentActivityEvaluator\App\source\rtc_driver.c
              RTC_getHour   0x00386e    program     extern C:\Users\IDEONICS-BNG\Documents\GitHub\SCS\SCS_CurrentActivityEvaluator\App\source\rtc_driver.c
            RTC_getMinute   0x003876    program     extern C:\Users\IDEONICS-BNG\Documents\GitHub\SCS\SCS_CurrentActivityEvaluator\App\source\rtc_driver.c
       RTC_getMinuteOfDay   0x003886    program     extern C:\Users\IDEONICS-BNG\Documents\GitHub\SCS\SCS_CurrentActivityEvaluator\App\source\rtc_driver.c
             RTC_getMonth   0x00385e    program     extern C:\Users\IDEONICS-BNG\Documents\GitHub\SCS\SCS_CurrentActivityEvaluator\App\source\rtc_driver.c
          RTC_getMonthStr   0x0038d4    program     extern C:\Users\IDEONICS-BNG\Documents\GitHub\SCS\SCS_CurrentActivityEvaluator\App\source\rtc_driver.c
            RTC_getSecond   0x00387e    program     extern C:\Users\IDEONICS-BNG\Documents\GitHub\SCS\SCS_CurrentActivityEvaluator\App\source\rtc_driver.c
               Read1USART   0x00923a    program     extern E:\c18v3.46\pic18-lt\cxx-framework\src\pmc_common\USART\u1read.c
               Read2USART   0x0091fc    program     extern E:\c18v3.46\pic18-lt\cxx-framework\src\pmc_common\USART\u2read.c
              ReadByteI2C   0x008556    program     extern C:\Users\IDEONICS-BNG\Documents\GitHub\SCS\SCS_CurrentActivityEvaluator\App\source\i2c_driver.c
                  ReadI2C   0x0084b4    program     extern C:\Users\IDEONICS-BNG\Documents\GitHub\SCS\SCS_CurrentActivityEvaluator\App\source\i2c_driver.c
       ReadRtcTimeAndDate   0x002fa2    program     extern C:\Users\IDEONICS-BNG\Documents\GitHub\SCS\SCS_CurrentActivityEvaluator\App\source\rtc_driver.c
                 ResetI2C   0x0083ea    program     extern C:\Users\IDEONICS-BNG\Documents\GitHub\SCS\SCS_CurrentActivityEvaluator\App\source\i2c_driver.c
              SetHourMode   0x0031fe    program     extern C:\Users\IDEONICS-BNG\Documents\GitHub\SCS\SCS_CurrentActivityEvaluator\App\source\rtc_driver.c
                 StartI2C   0x00839e    program     extern C:\Users\IDEONICS-BNG\Documents\GitHub\SCS\SCS_CurrentActivityEvaluator\App\source\i2c_driver.c
                  StopI2C   0x0083ca    program     extern C:\Users\IDEONICS-BNG\Documents\GitHub\SCS\SCS_CurrentActivityEvaluator\App\source\i2c_driver.c
          StoreSystemDate   0x0036ae    program     extern C:\Users\IDEONICS-BNG\Documents\GitHub\SCS\SCS_CurrentActivityEvaluator\App\source\rtc_driver.c
           StoreSystemDay   0x0037a6    program     extern C:\Users\IDEONICS-BNG\Documents\GitHub\SCS\SCS_CurrentActivityEvaluator\App\source\rtc_driver.c
          StoreSystemTime   0x0035b8    program     extern C:\Users\IDEONICS-BNG\Documents\GitHub\SCS\SCS_CurrentActivityEvaluator\App\source\rtc_driver.c
                 TMR0_ISR   0x00786c    program     extern C:\Users\IDEONICS-BNG\Documents\GitHub\SCS\SCS_CurrentActivityEvaluator\App\source\timer.c
                TMR0_init   0x007ad2    program     extern C:\Users\IDEONICS-BNG\Documents\GitHub\SCS\SCS_CurrentActivityEvaluator\App\source\timer.c
                 TMR1_ISR   0x00795e    program     extern C:\Users\IDEONICS-BNG\Documents\GitHub\SCS\SCS_CurrentActivityEvaluator\App\source\timer.c
                TMR1_init   0x007b18    program     extern C:\Users\IDEONICS-BNG\Documents\GitHub\SCS\SCS_CurrentActivityEvaluator\App\source\timer.c
                 TMR3_ISR   0x007a18    program     extern C:\Users\IDEONICS-BNG\Documents\GitHub\SCS\SCS_CurrentActivityEvaluator\App\source\timer.c
                TMR3_init   0x007b60    program     extern C:\Users\IDEONICS-BNG\Documents\GitHub\SCS\SCS_CurrentActivityEvaluator\App\source\timer.c
            UART1_hasData   0x006688    program     extern C:\Users\IDEONICS-BNG\Documents\GitHub\SCS\SCS_CurrentActivityEvaluator\App\source\uart.c
               UART1_init   0x0063d8    program     extern C:\Users\IDEONICS-BNG\Documents\GitHub\SCS\SCS_CurrentActivityEvaluator\App\source\uart.c
               UART1_read   0x0066c2    program     extern C:\Users\IDEONICS-BNG\Documents\GitHub\SCS\SCS_CurrentActivityEvaluator\App\source\uart.c
           UART1_transmit   0x00659e    program     extern C:\Users\IDEONICS-BNG\Documents\GitHub\SCS\SCS_CurrentActivityEvaluator\App\source\uart.c
              UART1_write   0x006566    program     extern C:\Users\IDEONICS-BNG\Documents\GitHub\SCS\SCS_CurrentActivityEvaluator\App\source\uart.c
               UART2_init   0x0064a0    program     extern C:\Users\IDEONICS-BNG\Documents\GitHub\SCS\SCS_CurrentActivityEvaluator\App\source\uart.c
                UART_task   0x006280    program     extern C:\Users\IDEONICS-BNG\Documents\GitHub\SCS\SCS_CurrentActivityEvaluator\App\source\uart.c
     UTL_binaryToBCDASCII   0x002eb4    program     extern C:\Users\IDEONICS-BNG\Documents\GitHub\SCS\SCS_CurrentActivityEvaluator\App\source\math_fun.c
     Uart1_ReceiveHandler   0x0061b6    program     extern C:\Users\IDEONICS-BNG\Documents\GitHub\SCS\SCS_CurrentActivityEvaluator\App\source\uart.c
    Uart1_TransmitHandler   0x00635e    program     extern C:\Users\IDEONICS-BNG\Documents\GitHub\SCS\SCS_CurrentActivityEvaluator\App\source\uart.c
     Uart2_ReceiveHandler   0x006294    program     extern C:\Users\IDEONICS-BNG\Documents\GitHub\SCS\SCS_CurrentActivityEvaluator\App\source\uart.c
  UpdateRealTimeClockTask   0x003832    program     extern C:\Users\IDEONICS-BNG\Documents\GitHub\SCS\SCS_CurrentActivityEvaluator\App\source\rtc_driver.c
             WriteByteI2C   0x00859a    program     extern C:\Users\IDEONICS-BNG\Documents\GitHub\SCS\SCS_CurrentActivityEvaluator\App\source\i2c_driver.c
       WriteDataToDisplay   0x0022a0    program     extern C:\Users\IDEONICS-BNG\Documents\GitHub\SCS\SCS_CurrentActivityEvaluator\App\source\MMD.c
                 WriteI2C   0x008426    program     extern C:\Users\IDEONICS-BNG\Documents\GitHub\SCS\SCS_CurrentActivityEvaluator\App\source\i2c_driver.c
      WriteRtcTimeAndDate   0x0030f2    program     extern C:\Users\IDEONICS-BNG\Documents\GitHub\SCS\SCS_CurrentActivityEvaluator\App\source\rtc_driver.c
              WriteTimer0   0x009362    program     extern E:\c18v3.46\pic18-lt\cxx-framework\src\pmc_common\Timers\t0write.c
              WriteTimer1   0x00932a    program     extern E:\c18v3.46\pic18-lt\cxx-framework\src\pmc_common\Timers\t1write.c
              WriteTimer3   0x0092f2    program     extern E:\c18v3.46\pic18-lt\cxx-framework\src\pmc_common\Timers\t3write.c
              _2jContinue   0x008ea8    program     static E:\c18v3.46\pic18-lt\cxx-framework\src\traditional\stdclib\memset.asm
                   _3jEnd   0x008eb2    program     static E:\c18v3.46\pic18-lt\cxx-framework\src\traditional\stdclib\memset.asm
              _4jContinue   0x008e66    program     static E:\c18v3.46\pic18-lt\cxx-framework\src\traditional\stdclib\memcpy.asm
                   _5jEnd   0x008e70    program     static E:\c18v3.46\pic18-lt\cxx-framework\src\traditional\stdclib\memcpy.asm
        _D10TCYXCODE_000A   0x00949a    program     static E:\c18v3.46\pic18-lt\cxx-framework\src\traditional\delays\d10tcyx.asm
        _D10TCYXCODE_000C   0x00949c    program     static E:\c18v3.46\pic18-lt\cxx-framework\src\traditional\delays\d10tcyx.asm
        _D10TCYXCODE_000E   0x00949e    program     static E:\c18v3.46\pic18-lt\cxx-framework\src\traditional\delays\d10tcyx.asm
        _D1KTCYXCODE_0010   0x00940e    program     static E:\c18v3.46\pic18-lt\cxx-framework\src\traditional\delays\d1ktcyx.asm
        _D1KTCYXCODE_0016   0x009414    program     static E:\c18v3.46\pic18-lt\cxx-framework\src\traditional\delays\d1ktcyx.asm
           ___if_lbl00001   0x000010    program     static                          
           ___if_lbl00002   0x000018    program     static                          
           ___if_lbl00003   0x000020    program     static                          
           ___if_lbl00004   0x000028    program     static                          
       ___return_lbl00000   0x000028    program     static                          
       ___return_lbl00000   0x009474    program     static                          
       ___return_lbl00000   0x0093fc    program     static                          
       ___return_lbl00000   0x009176    program     static                          
       ___return_lbl00000   0x000004    program     static                          
       ___return_lbl00001   0x009458    program     static                          
       ___return_lbl00002   0x008f74    program     static                          
               __config_0   0x300001    program     static C:\Users\IDEONICS-BNG\Documents\GitHub\SCS\SCS_CurrentActivityEvaluator\App\source\main.c
               __config_1   0x300002    program     static C:\Users\IDEONICS-BNG\Documents\GitHub\SCS\SCS_CurrentActivityEvaluator\App\source\main.c
              __config_10   0x30000c    program     static C:\Users\IDEONICS-BNG\Documents\GitHub\SCS\SCS_CurrentActivityEvaluator\App\source\main.c
              __config_11   0x30000d    program     static C:\Users\IDEONICS-BNG\Documents\GitHub\SCS\SCS_CurrentActivityEvaluator\App\source\main.c
               __config_2   0x300003    program     static C:\Users\IDEONICS-BNG\Documents\GitHub\SCS\SCS_CurrentActivityEvaluator\App\source\main.c
               __config_3   0x300004    program     static C:\Users\IDEONICS-BNG\Documents\GitHub\SCS\SCS_CurrentActivityEvaluator\App\source\main.c
               __config_4   0x300005    program     static C:\Users\IDEONICS-BNG\Documents\GitHub\SCS\SCS_CurrentActivityEvaluator\App\source\main.c
               __config_5   0x300006    program     static C:\Users\IDEONICS-BNG\Documents\GitHub\SCS\SCS_CurrentActivityEvaluator\App\source\main.c
               __config_6   0x300008    program     static C:\Users\IDEONICS-BNG\Documents\GitHub\SCS\SCS_CurrentActivityEvaluator\App\source\main.c
               __config_7   0x300009    program     static C:\Users\IDEONICS-BNG\Documents\GitHub\SCS\SCS_CurrentActivityEvaluator\App\source\main.c
               __config_8   0x30000a    program     static C:\Users\IDEONICS-BNG\Documents\GitHub\SCS\SCS_CurrentActivityEvaluator\App\source\main.c
               __config_9   0x30000b    program     static C:\Users\IDEONICS-BNG\Documents\GitHub\SCS\SCS_CurrentActivityEvaluator\App\source\main.c
                   __init   0x000006    program     extern E:\c18v3.46\pic18-lt\cxx-framework\src\traditional\stdclib\__init.c
               __string_0   0x00912c    program     static C:\Users\IDEONICS-BNG\Documents\GitHub\SCS\SCS_CurrentActivityEvaluator\App\source\rtc_driver.c
               __string_1   0x009128    program     static C:\Users\IDEONICS-BNG\Documents\GitHub\SCS\SCS_CurrentActivityEvaluator\App\source\rtc_driver.c
              __string_10   0x009104    program     static C:\Users\IDEONICS-BNG\Documents\GitHub\SCS\SCS_CurrentActivityEvaluator\App\source\rtc_driver.c
              __string_11   0x009100    program     static C:\Users\IDEONICS-BNG\Documents\GitHub\SCS\SCS_CurrentActivityEvaluator\App\source\rtc_driver.c
              __string_12   0x0090fc    program     static C:\Users\IDEONICS-BNG\Documents\GitHub\SCS\SCS_CurrentActivityEvaluator\App\source\rtc_driver.c
              __string_13   0x0090f8    program     static C:\Users\IDEONICS-BNG\Documents\GitHub\SCS\SCS_CurrentActivityEvaluator\App\source\rtc_driver.c
              __string_14   0x0090f4    program     static C:\Users\IDEONICS-BNG\Documents\GitHub\SCS\SCS_CurrentActivityEvaluator\App\source\rtc_driver.c
              __string_15   0x0090f0    program     static C:\Users\IDEONICS-BNG\Documents\GitHub\SCS\SCS_CurrentActivityEvaluator\App\source\rtc_driver.c
              __string_16   0x0090ec    program     static C:\Users\IDEONICS-BNG\Documents\GitHub\SCS\SCS_CurrentActivityEvaluator\App\source\rtc_driver.c
              __string_17   0x0090e8    program     static C:\Users\IDEONICS-BNG\Documents\GitHub\SCS\SCS_CurrentActivityEvaluator\App\source\rtc_driver.c
              __string_18   0x0090e4    program     static C:\Users\IDEONICS-BNG\Documents\GitHub\SCS\SCS_CurrentActivityEvaluator\App\source\rtc_driver.c
               __string_2   0x009124    program     static C:\Users\IDEONICS-BNG\Documents\GitHub\SCS\SCS_CurrentActivityEvaluator\App\source\rtc_driver.c
               __string_3   0x009120    program     static C:\Users\IDEONICS-BNG\Documents\GitHub\SCS\SCS_CurrentActivityEvaluator\App\source\rtc_driver.c
               __string_4   0x00911c    program     static C:\Users\IDEONICS-BNG\Documents\GitHub\SCS\SCS_CurrentActivityEvaluator\App\source\rtc_driver.c
               __string_5   0x009118    program     static C:\Users\IDEONICS-BNG\Documents\GitHub\SCS\SCS_CurrentActivityEvaluator\App\source\rtc_driver.c
               __string_6   0x009114    program     static C:\Users\IDEONICS-BNG\Documents\GitHub\SCS\SCS_CurrentActivityEvaluator\App\source\rtc_driver.c
               __string_7   0x009110    program     static C:\Users\IDEONICS-BNG\Documents\GitHub\SCS\SCS_CurrentActivityEvaluator\App\source\rtc_driver.c
               __string_8   0x00910c    program     static C:\Users\IDEONICS-BNG\Documents\GitHub\SCS\SCS_CurrentActivityEvaluator\App\source\rtc_driver.c
               __string_9   0x009108    program     static C:\Users\IDEONICS-BNG\Documents\GitHub\SCS\SCS_CurrentActivityEvaluator\App\source\rtc_driver.c
              __tmplbl_10   0x000f62    program     static                          
              __tmplbl_19   0x001f56    program     static                          
              __tmplbl_20   0x001f50    program     static                          
              __tmplbl_21   0x001f50    program     static                          
              __tmplbl_25   0x001558    program     static                          
            __zero_memory   0x00941e    program     extern E:\c18v3.46\pic18-lt\cxx-framework\src\traditional\proc\p18f8722.asm
                _do_cinit   0x008ed8    program     extern E:\c18v3.46\pic18-lt\cxx-framework\src\traditional\startup\c018i.c
                   _entry   0x000000    program     extern E:\c18v3.46\pic18-lt\cxx-framework\src\traditional\startup\c018i.c
                   _false   0x009172    program     static                          
                 _startup   0x00943e    program     extern E:\c18v3.46\pic18-lt\cxx-framework\src\traditional\startup\c018i.c
                    alert   0x0094b1    program     extern C:\Users\IDEONICS-BNG\Documents\GitHub\SCS\SCS_CurrentActivityEvaluator\App\source\communication.c
                 aucCRCHi   0x008806    program     static C:\Users\IDEONICS-BNG\Documents\GitHub\SCS\SCS_CurrentActivityEvaluator\modbus\rtu\mbcrc.c
                 aucCRCLo   0x008906    program     static C:\Users\IDEONICS-BNG\Documents\GitHub\SCS\SCS_CurrentActivityEvaluator\modbus\rtu\mbcrc.c
            breakSchedule   0x006072    program     static C:\Users\IDEONICS-BNG\Documents\GitHub\SCS\SCS_CurrentActivityEvaluator\App\source\app.c
                 checksum   0x004658    program     extern C:\Users\IDEONICS-BNG\Documents\GitHub\SCS\SCS_CurrentActivityEvaluator\App\source\communication.c
                 clearBit   0x000146    program     static C:\Users\IDEONICS-BNG\Documents\GitHub\SCS\SCS_CurrentActivityEvaluator\App\source\MMD.c
                compare_l   0x009434    program     static E:\c18v3.46\pic18-lt\cxx-framework\src\traditional\proc\p18f8722.asm
                copy_loop   0x008f4a    program     static                          
            copy_one_byte   0x008f50    program     static                          
                     done   0x008f74    program     static                          
             done_copying   0x008f5e    program     static                          
                 eMBClose   0x0058f4    program     extern C:\Users\IDEONICS-BNG\Documents\GitHub\SCS\SCS_CurrentActivityEvaluator\modbus\mb.c
               eMBDisable   0x005972    program     extern C:\Users\IDEONICS-BNG\Documents\GitHub\SCS\SCS_CurrentActivityEvaluator\modbus\mb.c
                eMBEnable   0x005936    program     extern C:\Users\IDEONICS-BNG\Documents\GitHub\SCS\SCS_CurrentActivityEvaluator\modbus\mb.c
         eMBFuncReadCoils   0x004fc8    program     extern C:\Users\IDEONICS-BNG\Documents\GitHub\SCS\SCS_CurrentActivityEvaluator\modbus\functions\mbfunccoils.c
eMBFuncReadDiscreteInputs   0x007ebe    program     extern C:\Users\IDEONICS-BNG\Documents\GitHub\SCS\SCS_CurrentActivityEvaluator\modbus\functions\mbfuncdisc.c
eMBFuncReadHoldingRegister   0x003bf2    program     extern C:\Users\IDEONICS-BNG\Documents\GitHub\SCS\SCS_CurrentActivityEvaluator\modbus\functions\mbfuncholding.c
 eMBFuncReadInputRegister   0x00812e    program     extern C:\Users\IDEONICS-BNG\Documents\GitHub\SCS\SCS_CurrentActivityEvaluator\modbus\functions\mbfuncinput.c
eMBFuncReadWriteMultipleHoldingRegister   0x003e4a    program     extern C:\Users\IDEONICS-BNG\Documents\GitHub\SCS\SCS_CurrentActivityEvaluator\modbus\functions\mbfuncholding.c
     eMBFuncReportSlaveID   0x008afa    program     extern C:\Users\IDEONICS-BNG\Documents\GitHub\SCS\SCS_CurrentActivityEvaluator\modbus\functions\mbfuncother.c
         eMBFuncWriteCoil   0x00523a    program     extern C:\Users\IDEONICS-BNG\Documents\GitHub\SCS\SCS_CurrentActivityEvaluator\modbus\functions\mbfunccoils.c
eMBFuncWriteHoldingRegister   0x0038fe    program     extern C:\Users\IDEONICS-BNG\Documents\GitHub\SCS\SCS_CurrentActivityEvaluator\modbus\functions\mbfuncholding.c
eMBFuncWriteMultipleCoils   0x0053ac    program     extern C:\Users\IDEONICS-BNG\Documents\GitHub\SCS\SCS_CurrentActivityEvaluator\modbus\functions\mbfunccoils.c
eMBFuncWriteMultipleHoldingRegister   0x0039ee    program     extern C:\Users\IDEONICS-BNG\Documents\GitHub\SCS\SCS_CurrentActivityEvaluator\modbus\functions\mbfuncholding.c
                  eMBInit   0x0055da    program     extern C:\Users\IDEONICS-BNG\Documents\GitHub\SCS\SCS_CurrentActivityEvaluator\modbus\mb.c
                  eMBPoll   0x0059b8    program     extern C:\Users\IDEONICS-BNG\Documents\GitHub\SCS\SCS_CurrentActivityEvaluator\modbus\mb.c
               eMBRTUInit   0x006712    program     extern C:\Users\IDEONICS-BNG\Documents\GitHub\SCS\SCS_CurrentActivityEvaluator\modbus\rtu\mbrtu.c
            eMBRTUReceive   0x006888    program     extern C:\Users\IDEONICS-BNG\Documents\GitHub\SCS\SCS_CurrentActivityEvaluator\modbus\rtu\mbrtu.c
               eMBRTUSend   0x006968    program     extern C:\Users\IDEONICS-BNG\Documents\GitHub\SCS\SCS_CurrentActivityEvaluator\modbus\rtu\mbrtu.c
              eMBRTUStart   0x006856    program     extern C:\Users\IDEONICS-BNG\Documents\GitHub\SCS\SCS_CurrentActivityEvaluator\modbus\rtu\mbrtu.c
               eMBRTUStop   0x006872    program     extern C:\Users\IDEONICS-BNG\Documents\GitHub\SCS\SCS_CurrentActivityEvaluator\modbus\rtu\mbrtu.c
            eMBRegCoilsCB   0x006f1a    program     extern C:\Users\IDEONICS-BNG\Documents\GitHub\SCS\SCS_CurrentActivityEvaluator\App\source\app.c
         eMBRegDiscreteCB   0x006f2e    program     extern C:\Users\IDEONICS-BNG\Documents\GitHub\SCS\SCS_CurrentActivityEvaluator\App\source\app.c
          eMBRegHoldingCB   0x006e04    program     extern C:\Users\IDEONICS-BNG\Documents\GitHub\SCS\SCS_CurrentActivityEvaluator\App\source\app.c
            eMBRegInputCB   0x006dea    program     extern C:\Users\IDEONICS-BNG\Documents\GitHub\SCS\SCS_CurrentActivityEvaluator\App\source\app.c
            eMBRegisterCB   0x0056e0    program     extern C:\Users\IDEONICS-BNG\Documents\GitHub\SCS\SCS_CurrentActivityEvaluator\modbus\mb.c
            eMBSetSlaveID   0x008a06    program     extern C:\Users\IDEONICS-BNG\Documents\GitHub\SCS\SCS_CurrentActivityEvaluator\modbus\functions\mbfuncother.c
                  endloop   0x009470    program     static                          
                  endloop   0x0093f8    program     static                          
                   getBit   0x0000d0    program     static C:\Users\IDEONICS-BNG\Documents\GitHub\SCS\SCS_CurrentActivityEvaluator\App\source\MMD.c
           high_interrupt   0x000008    program     extern C:\Users\IDEONICS-BNG\Documents\GitHub\SCS\SCS_CurrentActivityEvaluator\App\source\interruptvector.c
                     jEnd   0x008ed6    program     static E:\c18v3.46\pic18-lt\cxx-framework\src\traditional\stdclib\strlen.asm
                     jEnd   0x008eba    program     static E:\c18v3.46\pic18-lt\cxx-framework\src\traditional\stdclib\memset.asm
                     jEnd   0x008e76    program     static E:\c18v3.46\pic18-lt\cxx-framework\src\traditional\stdclib\memcpy.asm
                    jLoop   0x008e5a    program     static E:\c18v3.46\pic18-lt\cxx-framework\src\traditional\stdclib\memcpy.asm
                    jLoop   0x008ecc    program     static E:\c18v3.46\pic18-lt\cxx-framework\src\traditional\stdclib\strlen.asm
                    jLoop   0x008e9c    program     static E:\c18v3.46\pic18-lt\cxx-framework\src\traditional\stdclib\memset.asm
         leftBitPackTable   0x0074bc    program     extern C:\Users\IDEONICS-BNG\Documents\GitHub\SCS\SCS_CurrentActivityEvaluator\App\source\MMD.c
                     loop   0x00913e    program     static                          
                     loop   0x00944e    program     static                          
                     loop   0x0093dc    program     static                          
                     loop   0x009462    program     static                          
                   loop_h   0x00942c    program     static E:\c18v3.46\pic18-lt\cxx-framework\src\traditional\proc\p18f8722.asm
                   loop_l   0x009436    program     static E:\c18v3.46\pic18-lt\cxx-framework\src\traditional\proc\p18f8722.asm
                     main   0x0085cc    program     extern C:\Users\IDEONICS-BNG\Documents\GitHub\SCS\SCS_CurrentActivityEvaluator\App\source\main.c
              marqueeData   0x0060a8    program     extern C:\Users\IDEONICS-BNG\Documents\GitHub\SCS\SCS_CurrentActivityEvaluator\App\source\app.c
                   memcpy   0x008e32    program     extern E:\c18v3.46\pic18-lt\cxx-framework\src\traditional\stdclib\memcpy.asm
                   memset   0x008e88    program     extern E:\c18v3.46\pic18-lt\cxx-framework\src\traditional\stdclib\memset.asm
             parse1Packet   0x0044e6    program     extern C:\Users\IDEONICS-BNG\Documents\GitHub\SCS\SCS_CurrentActivityEvaluator\App\source\communication.c
    prveMBError2Exception   0x00782e    program     extern C:\Users\IDEONICS-BNG\Documents\GitHub\SCS\SCS_CurrentActivityEvaluator\modbus\functions\mbutils.c
      prvvTIMERExpiredISR   0x008cb0    program     extern C:\Users\IDEONICS-BNG\Documents\GitHub\SCS\SCS_CurrentActivityEvaluator\modbus\porttimer.c
            prvvUARTRxISR   0x007e12    program     extern C:\Users\IDEONICS-BNG\Documents\GitHub\SCS\SCS_CurrentActivityEvaluator\modbus\portserial.c
       prvvUARTTxReadyISR   0x007d66    program     extern C:\Users\IDEONICS-BNG\Documents\GitHub\SCS\SCS_CurrentActivityEvaluator\modbus\portserial.c
               resetAlarm   0x006f42    program     extern C:\Users\IDEONICS-BNG\Documents\GitHub\SCS\SCS_CurrentActivityEvaluator\App\source\app.c
        rightBitPackTable   0x0074b0    program     extern C:\Users\IDEONICS-BNG\Documents\GitHub\SCS\SCS_CurrentActivityEvaluator\App\source\MMD.c
                   setBit   0x000110    program     static C:\Users\IDEONICS-BNG\Documents\GitHub\SCS\SCS_CurrentActivityEvaluator\App\source\MMD.c
         shipmentSchedule   0x005be0    program     static C:\Users\IDEONICS-BNG\Documents\GitHub\SCS\SCS_CurrentActivityEvaluator\App\source\app.c
                   strlen   0x008ebc    program     extern E:\c18v3.46\pic18-lt\cxx-framework\src\traditional\stdclib\strlen.asm
                     test   0x008ef2    program     static                          
       updateReceivedData   0x007078    program     extern C:\Users\IDEONICS-BNG\Documents\GitHub\SCS\SCS_CurrentActivityEvaluator\App\source\app.c
               updateTime   0x006f46    program     extern C:\Users\IDEONICS-BNG\Documents\GitHub\SCS\SCS_CurrentActivityEvaluator\App\source\app.c
                usMBCRC16   0x008b6c    program     extern C:\Users\IDEONICS-BNG\Documents\GitHub\SCS\SCS_CurrentActivityEvaluator\modbus\rtu\mbcrc.c
      vMBPortSerialEnable   0x007bf6    program     extern C:\Users\IDEONICS-BNG\Documents\GitHub\SCS\SCS_CurrentActivityEvaluator\modbus\portserial.c
     vMBPortTimersDisable   0x008cac    program     extern C:\Users\IDEONICS-BNG\Documents\GitHub\SCS\SCS_CurrentActivityEvaluator\modbus\porttimer.c
      vMBPortTimersEnable   0x008c96    program     extern C:\Users\IDEONICS-BNG\Documents\GitHub\SCS\SCS_CurrentActivityEvaluator\modbus\porttimer.c
                 validate   0x004d5e    program     static C:\Users\IDEONICS-BNG\Documents\GitHub\SCS\SCS_CurrentActivityEvaluator\App\source\digitdisplay.c
       writeToDisplayPort   0x004c8e    program     static C:\Users\IDEONICS-BNG\Documents\GitHub\SCS\SCS_CurrentActivityEvaluator\App\source\digitdisplay.c
          xMBPortEventGet   0x0090ae    program     extern C:\Users\IDEONICS-BNG\Documents\GitHub\SCS\SCS_CurrentActivityEvaluator\modbus\portevent.c
         xMBPortEventInit   0x009084    program     extern C:\Users\IDEONICS-BNG\Documents\GitHub\SCS\SCS_CurrentActivityEvaluator\modbus\portevent.c
         xMBPortEventPost   0x00908e    program     extern C:\Users\IDEONICS-BNG\Documents\GitHub\SCS\SCS_CurrentActivityEvaluator\modbus\portevent.c
     xMBPortSerialGetByte   0x007d36    program     extern C:\Users\IDEONICS-BNG\Documents\GitHub\SCS\SCS_CurrentActivityEvaluator\modbus\portserial.c
        xMBPortSerialInit   0x007c2c    program     extern C:\Users\IDEONICS-BNG\Documents\GitHub\SCS\SCS_CurrentActivityEvaluator\modbus\portserial.c
     xMBPortSerialPutByte   0x007d00    program     extern C:\Users\IDEONICS-BNG\Documents\GitHub\SCS\SCS_CurrentActivityEvaluator\modbus\portserial.c
        xMBPortTimersInit   0x008c68    program     extern C:\Users\IDEONICS-BNG\Documents\GitHub\SCS\SCS_CurrentActivityEvaluator\modbus\porttimer.c
         xMBRTUReceiveFSM   0x006a78    program     extern C:\Users\IDEONICS-BNG\Documents\GitHub\SCS\SCS_CurrentActivityEvaluator\modbus\rtu\mbrtu.c
    xMBRTUTimerT35Expired   0x006bd4    program     extern C:\Users\IDEONICS-BNG\Documents\GitHub\SCS\SCS_CurrentActivityEvaluator\modbus\rtu\mbrtu.c
        xMBRTUTransmitFSM   0x006b46    program     extern C:\Users\IDEONICS-BNG\Documents\GitHub\SCS\SCS_CurrentActivityEvaluator\modbus\rtu\mbrtu.c
           xMBUtilGetBits   0x0076ec    program     extern C:\Users\IDEONICS-BNG\Documents\GitHub\SCS\SCS_CurrentActivityEvaluator\modbus\functions\mbutils.c
           xMBUtilSetBits   0x0074c8    program     extern C:\Users\IDEONICS-BNG\Documents\GitHub\SCS\SCS_CurrentActivityEvaluator\modbus\functions\mbutils.c
               zero_block   0x00942c    program     static E:\c18v3.46\pic18-lt\cxx-framework\src\traditional\proc\p18f8722.asm
                   ADCON0   0x000fc2       data     extern E:\c18v3.46\pic18-lt\cxx-framework\src\traditional\proc\p18f8722.asm
               ADCON0bits   0x000fc2       data     extern E:\c18v3.46\pic18-lt\cxx-framework\src\traditional\proc\p18f8722.asm
                   ADCON1   0x000fc1       data     extern E:\c18v3.46\pic18-lt\cxx-framework\src\traditional\proc\p18f8722.asm
               ADCON1bits   0x000fc1       data     extern E:\c18v3.46\pic18-lt\cxx-framework\src\traditional\proc\p18f8722.asm
                   ADCON2   0x000fc0       data     extern E:\c18v3.46\pic18-lt\cxx-framework\src\traditional\proc\p18f8722.asm
               ADCON2bits   0x000fc0       data     extern E:\c18v3.46\pic18-lt\cxx-framework\src\traditional\proc\p18f8722.asm
                    ADRES   0x000fc3       data     extern E:\c18v3.46\pic18-lt\cxx-framework\src\traditional\proc\p18f8722.asm
                   ADRESH   0x000fc4       data     extern E:\c18v3.46\pic18-lt\cxx-framework\src\traditional\proc\p18f8722.asm
                   ADRESL   0x000fc3       data     extern E:\c18v3.46\pic18-lt\cxx-framework\src\traditional\proc\p18f8722.asm
             AppTimestamp   0x0003db       data     extern C:\Users\IDEONICS-BNG\Documents\GitHub\SCS\SCS_CurrentActivityEvaluator\App\source\timer.c
          AppUpdate_count   0x0003d1       data     extern C:\Users\IDEONICS-BNG\Documents\GitHub\SCS\SCS_CurrentActivityEvaluator\App\source\timer.c
                  BAUDCON   0x000f7e       data     extern E:\c18v3.46\pic18-lt\cxx-framework\src\traditional\proc\p18f8722.asm
                 BAUDCON1   0x000f7e       data     extern E:\c18v3.46\pic18-lt\cxx-framework\src\traditional\proc\p18f8722.asm
             BAUDCON1bits   0x000f7e       data     extern E:\c18v3.46\pic18-lt\cxx-framework\src\traditional\proc\p18f8722.asm
                 BAUDCON2   0x000f7c       data     extern E:\c18v3.46\pic18-lt\cxx-framework\src\traditional\proc\p18f8722.asm
             BAUDCON2bits   0x000f7c       data     extern E:\c18v3.46\pic18-lt\cxx-framework\src\traditional\proc\p18f8722.asm
              BAUDCONbits   0x000f7e       data     extern E:\c18v3.46\pic18-lt\cxx-framework\src\traditional\proc\p18f8722.asm
                      BSR   0x000fe0       data     extern E:\c18v3.46\pic18-lt\cxx-framework\src\traditional\proc\p18f8722.asm
                  CCP1CON   0x000fbd       data     extern E:\c18v3.46\pic18-lt\cxx-framework\src\traditional\proc\p18f8722.asm
              CCP1CONbits   0x000fbd       data     extern E:\c18v3.46\pic18-lt\cxx-framework\src\traditional\proc\p18f8722.asm
                  CCP2CON   0x000fba       data     extern E:\c18v3.46\pic18-lt\cxx-framework\src\traditional\proc\p18f8722.asm
              CCP2CONbits   0x000fba       data     extern E:\c18v3.46\pic18-lt\cxx-framework\src\traditional\proc\p18f8722.asm
                  CCP3CON   0x000fb7       data     extern E:\c18v3.46\pic18-lt\cxx-framework\src\traditional\proc\p18f8722.asm
              CCP3CONbits   0x000fb7       data     extern E:\c18v3.46\pic18-lt\cxx-framework\src\traditional\proc\p18f8722.asm
                  CCP4CON   0x000f73       data     extern E:\c18v3.46\pic18-lt\cxx-framework\src\traditional\proc\p18f8722.asm
              CCP4CONbits   0x000f73       data     extern E:\c18v3.46\pic18-lt\cxx-framework\src\traditional\proc\p18f8722.asm
                  CCP5CON   0x000f70       data     extern E:\c18v3.46\pic18-lt\cxx-framework\src\traditional\proc\p18f8722.asm
              CCP5CONbits   0x000f70       data     extern E:\c18v3.46\pic18-lt\cxx-framework\src\traditional\proc\p18f8722.asm
                    CCPR1   0x000fbe       data     extern E:\c18v3.46\pic18-lt\cxx-framework\src\traditional\proc\p18f8722.asm
                   CCPR1H   0x000fbf       data     extern E:\c18v3.46\pic18-lt\cxx-framework\src\traditional\proc\p18f8722.asm
                   CCPR1L   0x000fbe       data     extern E:\c18v3.46\pic18-lt\cxx-framework\src\traditional\proc\p18f8722.asm
                    CCPR2   0x000fbb       data     extern E:\c18v3.46\pic18-lt\cxx-framework\src\traditional\proc\p18f8722.asm
                   CCPR2H   0x000fbc       data     extern E:\c18v3.46\pic18-lt\cxx-framework\src\traditional\proc\p18f8722.asm
                   CCPR2L   0x000fbb       data     extern E:\c18v3.46\pic18-lt\cxx-framework\src\traditional\proc\p18f8722.asm
                    CCPR3   0x000fb8       data     extern E:\c18v3.46\pic18-lt\cxx-framework\src\traditional\proc\p18f8722.asm
                   CCPR3H   0x000fb9       data     extern E:\c18v3.46\pic18-lt\cxx-framework\src\traditional\proc\p18f8722.asm
                   CCPR3L   0x000fb8       data     extern E:\c18v3.46\pic18-lt\cxx-framework\src\traditional\proc\p18f8722.asm
                    CCPR4   0x000f74       data     extern E:\c18v3.46\pic18-lt\cxx-framework\src\traditional\proc\p18f8722.asm
                   CCPR4H   0x000f75       data     extern E:\c18v3.46\pic18-lt\cxx-framework\src\traditional\proc\p18f8722.asm
                   CCPR4L   0x000f74       data     extern E:\c18v3.46\pic18-lt\cxx-framework\src\traditional\proc\p18f8722.asm
                    CCPR5   0x000f71       data     extern E:\c18v3.46\pic18-lt\cxx-framework\src\traditional\proc\p18f8722.asm
                   CCPR5H   0x000f72       data     extern E:\c18v3.46\pic18-lt\cxx-framework\src\traditional\proc\p18f8722.asm
                   CCPR5L   0x000f71       data     extern E:\c18v3.46\pic18-lt\cxx-framework\src\traditional\proc\p18f8722.asm
                    CMCON   0x000fb4       data     extern E:\c18v3.46\pic18-lt\cxx-framework\src\traditional\proc\p18f8722.asm
                CMCONbits   0x000fb4       data     extern E:\c18v3.46\pic18-lt\cxx-framework\src\traditional\proc\p18f8722.asm
                   CVRCON   0x000fb5       data     extern E:\c18v3.46\pic18-lt\cxx-framework\src\traditional\proc\p18f8722.asm
               CVRCONbits   0x000fb5       data     extern E:\c18v3.46\pic18-lt\cxx-framework\src\traditional\proc\p18f8722.asm
                     DDRA   0x000f92       data     extern E:\c18v3.46\pic18-lt\cxx-framework\src\traditional\proc\p18f8722.asm
                 DDRAbits   0x000f92       data     extern E:\c18v3.46\pic18-lt\cxx-framework\src\traditional\proc\p18f8722.asm
                     DDRB   0x000f93       data     extern E:\c18v3.46\pic18-lt\cxx-framework\src\traditional\proc\p18f8722.asm
                 DDRBbits   0x000f93       data     extern E:\c18v3.46\pic18-lt\cxx-framework\src\traditional\proc\p18f8722.asm
                     DDRC   0x000f94       data     extern E:\c18v3.46\pic18-lt\cxx-framework\src\traditional\proc\p18f8722.asm
                 DDRCbits   0x000f94       data     extern E:\c18v3.46\pic18-lt\cxx-framework\src\traditional\proc\p18f8722.asm
                     DDRD   0x000f95       data     extern E:\c18v3.46\pic18-lt\cxx-framework\src\traditional\proc\p18f8722.asm
                 DDRDbits   0x000f95       data     extern E:\c18v3.46\pic18-lt\cxx-framework\src\traditional\proc\p18f8722.asm
                     DDRE   0x000f96       data     extern E:\c18v3.46\pic18-lt\cxx-framework\src\traditional\proc\p18f8722.asm
                 DDREbits   0x000f96       data     extern E:\c18v3.46\pic18-lt\cxx-framework\src\traditional\proc\p18f8722.asm
                     DDRF   0x000f97       data     extern E:\c18v3.46\pic18-lt\cxx-framework\src\traditional\proc\p18f8722.asm
                 DDRFbits   0x000f97       data     extern E:\c18v3.46\pic18-lt\cxx-framework\src\traditional\proc\p18f8722.asm
                     DDRG   0x000f98       data     extern E:\c18v3.46\pic18-lt\cxx-framework\src\traditional\proc\p18f8722.asm
                 DDRGbits   0x000f98       data     extern E:\c18v3.46\pic18-lt\cxx-framework\src\traditional\proc\p18f8722.asm
                     DDRH   0x000f99       data     extern E:\c18v3.46\pic18-lt\cxx-framework\src\traditional\proc\p18f8722.asm
                 DDRHbits   0x000f99       data     extern E:\c18v3.46\pic18-lt\cxx-framework\src\traditional\proc\p18f8722.asm
                     DDRJ   0x000f9a       data     extern E:\c18v3.46\pic18-lt\cxx-framework\src\traditional\proc\p18f8722.asm
                 DDRJbits   0x000f9a       data     extern E:\c18v3.46\pic18-lt\cxx-framework\src\traditional\proc\p18f8722.asm
                   DayStr   0x000378       data     extern C:\Users\IDEONICS-BNG\Documents\GitHub\SCS\SCS_CurrentActivityEvaluator\App\source\rtc_driver.c
            DelayCounter1   0x00001e       data     extern E:\c18v3.46\pic18-lt\cxx-framework\src\traditional\delays\delayd1.asm
                  ECCP1AS   0x000fb6       data     extern E:\c18v3.46\pic18-lt\cxx-framework\src\traditional\proc\p18f8722.asm
              ECCP1ASbits   0x000fb6       data     extern E:\c18v3.46\pic18-lt\cxx-framework\src\traditional\proc\p18f8722.asm
                 ECCP1CON   0x000fbd       data     extern E:\c18v3.46\pic18-lt\cxx-framework\src\traditional\proc\p18f8722.asm
             ECCP1CONbits   0x000fbd       data     extern E:\c18v3.46\pic18-lt\cxx-framework\src\traditional\proc\p18f8722.asm
                 ECCP1DEL   0x000f79       data     extern E:\c18v3.46\pic18-lt\cxx-framework\src\traditional\proc\p18f8722.asm
             ECCP1DELbits   0x000f79       data     extern E:\c18v3.46\pic18-lt\cxx-framework\src\traditional\proc\p18f8722.asm
                  ECCP2AS   0x000f68       data     extern E:\c18v3.46\pic18-lt\cxx-framework\src\traditional\proc\p18f8722.asm
              ECCP2ASbits   0x000f68       data     extern E:\c18v3.46\pic18-lt\cxx-framework\src\traditional\proc\p18f8722.asm
                 ECCP2CON   0x000fba       data     extern E:\c18v3.46\pic18-lt\cxx-framework\src\traditional\proc\p18f8722.asm
             ECCP2CONbits   0x000fba       data     extern E:\c18v3.46\pic18-lt\cxx-framework\src\traditional\proc\p18f8722.asm
                 ECCP2DEL   0x000f67       data     extern E:\c18v3.46\pic18-lt\cxx-framework\src\traditional\proc\p18f8722.asm
             ECCP2DELbits   0x000f67       data     extern E:\c18v3.46\pic18-lt\cxx-framework\src\traditional\proc\p18f8722.asm
                  ECCP3AS   0x000f6a       data     extern E:\c18v3.46\pic18-lt\cxx-framework\src\traditional\proc\p18f8722.asm
              ECCP3ASbits   0x000f6a       data     extern E:\c18v3.46\pic18-lt\cxx-framework\src\traditional\proc\p18f8722.asm
                 ECCP3CON   0x000fb7       data     extern E:\c18v3.46\pic18-lt\cxx-framework\src\traditional\proc\p18f8722.asm
             ECCP3CONbits   0x000fb7       data     extern E:\c18v3.46\pic18-lt\cxx-framework\src\traditional\proc\p18f8722.asm
                 ECCP3DEL   0x000f69       data     extern E:\c18v3.46\pic18-lt\cxx-framework\src\traditional\proc\p18f8722.asm
             ECCP3DELbits   0x000f69       data     extern E:\c18v3.46\pic18-lt\cxx-framework\src\traditional\proc\p18f8722.asm
                    EEADR   0x000fa9       data     extern E:\c18v3.46\pic18-lt\cxx-framework\src\traditional\proc\p18f8722.asm
                   EEADRH   0x000faa       data     extern E:\c18v3.46\pic18-lt\cxx-framework\src\traditional\proc\p18f8722.asm
                   EECON1   0x000fa6       data     extern E:\c18v3.46\pic18-lt\cxx-framework\src\traditional\proc\p18f8722.asm
               EECON1bits   0x000fa6       data     extern E:\c18v3.46\pic18-lt\cxx-framework\src\traditional\proc\p18f8722.asm
                   EECON2   0x000fa7       data     extern E:\c18v3.46\pic18-lt\cxx-framework\src\traditional\proc\p18f8722.asm
                   EEDATA   0x000fa8       data     extern E:\c18v3.46\pic18-lt\cxx-framework\src\traditional\proc\p18f8722.asm
                     FSR0   0x000fe9       data     extern E:\c18v3.46\pic18-lt\cxx-framework\src\traditional\proc\p18f8722.asm
                    FSR0H   0x000fea       data     extern E:\c18v3.46\pic18-lt\cxx-framework\src\traditional\proc\p18f8722.asm
                    FSR0L   0x000fe9       data     extern E:\c18v3.46\pic18-lt\cxx-framework\src\traditional\proc\p18f8722.asm
                     FSR1   0x000fe1       data     extern E:\c18v3.46\pic18-lt\cxx-framework\src\traditional\proc\p18f8722.asm
                    FSR1H   0x000fe2       data     extern E:\c18v3.46\pic18-lt\cxx-framework\src\traditional\proc\p18f8722.asm
                    FSR1L   0x000fe1       data     extern E:\c18v3.46\pic18-lt\cxx-framework\src\traditional\proc\p18f8722.asm
                     FSR2   0x000fd9       data     extern E:\c18v3.46\pic18-lt\cxx-framework\src\traditional\proc\p18f8722.asm
                    FSR2H   0x000fda       data     extern E:\c18v3.46\pic18-lt\cxx-framework\src\traditional\proc\p18f8722.asm
                    FSR2L   0x000fd9       data     extern E:\c18v3.46\pic18-lt\cxx-framework\src\traditional\proc\p18f8722.asm
                  HLVDCON   0x000fd2       data     extern E:\c18v3.46\pic18-lt\cxx-framework\src\traditional\proc\p18f8722.asm
              HLVDCONbits   0x000fd2       data     extern E:\c18v3.46\pic18-lt\cxx-framework\src\traditional\proc\p18f8722.asm
                    INDF0   0x000fef       data     extern E:\c18v3.46\pic18-lt\cxx-framework\src\traditional\proc\p18f8722.asm
                    INDF1   0x000fe7       data     extern E:\c18v3.46\pic18-lt\cxx-framework\src\traditional\proc\p18f8722.asm
                    INDF2   0x000fdf       data     extern E:\c18v3.46\pic18-lt\cxx-framework\src\traditional\proc\p18f8722.asm
                   INTCON   0x000ff2       data     extern E:\c18v3.46\pic18-lt\cxx-framework\src\traditional\proc\p18f8722.asm
                  INTCON2   0x000ff1       data     extern E:\c18v3.46\pic18-lt\cxx-framework\src\traditional\proc\p18f8722.asm
              INTCON2bits   0x000ff1       data     extern E:\c18v3.46\pic18-lt\cxx-framework\src\traditional\proc\p18f8722.asm
                  INTCON3   0x000ff0       data     extern E:\c18v3.46\pic18-lt\cxx-framework\src\traditional\proc\p18f8722.asm
              INTCON3bits   0x000ff0       data     extern E:\c18v3.46\pic18-lt\cxx-framework\src\traditional\proc\p18f8722.asm
               INTCONbits   0x000ff2       data     extern E:\c18v3.46\pic18-lt\cxx-framework\src\traditional\proc\p18f8722.asm
                     IPR1   0x000f9f       data     extern E:\c18v3.46\pic18-lt\cxx-framework\src\traditional\proc\p18f8722.asm
                 IPR1bits   0x000f9f       data     extern E:\c18v3.46\pic18-lt\cxx-framework\src\traditional\proc\p18f8722.asm
                     IPR2   0x000fa2       data     extern E:\c18v3.46\pic18-lt\cxx-framework\src\traditional\proc\p18f8722.asm
                 IPR2bits   0x000fa2       data     extern E:\c18v3.46\pic18-lt\cxx-framework\src\traditional\proc\p18f8722.asm
                     IPR3   0x000fa5       data     extern E:\c18v3.46\pic18-lt\cxx-framework\src\traditional\proc\p18f8722.asm
                 IPR3bits   0x000fa5       data     extern E:\c18v3.46\pic18-lt\cxx-framework\src\traditional\proc\p18f8722.asm
                     LATA   0x000f89       data     extern E:\c18v3.46\pic18-lt\cxx-framework\src\traditional\proc\p18f8722.asm
                 LATAbits   0x000f89       data     extern E:\c18v3.46\pic18-lt\cxx-framework\src\traditional\proc\p18f8722.asm
                     LATB   0x000f8a       data     extern E:\c18v3.46\pic18-lt\cxx-framework\src\traditional\proc\p18f8722.asm
                 LATBbits   0x000f8a       data     extern E:\c18v3.46\pic18-lt\cxx-framework\src\traditional\proc\p18f8722.asm
                     LATC   0x000f8b       data     extern E:\c18v3.46\pic18-lt\cxx-framework\src\traditional\proc\p18f8722.asm
                 LATCbits   0x000f8b       data     extern E:\c18v3.46\pic18-lt\cxx-framework\src\traditional\proc\p18f8722.asm
                     LATD   0x000f8c       data     extern E:\c18v3.46\pic18-lt\cxx-framework\src\traditional\proc\p18f8722.asm
                 LATDbits   0x000f8c       data     extern E:\c18v3.46\pic18-lt\cxx-framework\src\traditional\proc\p18f8722.asm
                     LATE   0x000f8d       data     extern E:\c18v3.46\pic18-lt\cxx-framework\src\traditional\proc\p18f8722.asm
                 LATEbits   0x000f8d       data     extern E:\c18v3.46\pic18-lt\cxx-framework\src\traditional\proc\p18f8722.asm
                     LATF   0x000f8e       data     extern E:\c18v3.46\pic18-lt\cxx-framework\src\traditional\proc\p18f8722.asm
                 LATFbits   0x000f8e       data     extern E:\c18v3.46\pic18-lt\cxx-framework\src\traditional\proc\p18f8722.asm
                     LATG   0x000f8f       data     extern E:\c18v3.46\pic18-lt\cxx-framework\src\traditional\proc\p18f8722.asm
                 LATGbits   0x000f8f       data     extern E:\c18v3.46\pic18-lt\cxx-framework\src\traditional\proc\p18f8722.asm
                     LATH   0x000f90       data     extern E:\c18v3.46\pic18-lt\cxx-framework\src\traditional\proc\p18f8722.asm
                 LATHbits   0x000f90       data     extern E:\c18v3.46\pic18-lt\cxx-framework\src\traditional\proc\p18f8722.asm
                     LATJ   0x000f91       data     extern E:\c18v3.46\pic18-lt\cxx-framework\src\traditional\proc\p18f8722.asm
                 LATJbits   0x000f91       data     extern E:\c18v3.46\pic18-lt\cxx-framework\src\traditional\proc\p18f8722.asm
                   LVDCON   0x000fd2       data     extern E:\c18v3.46\pic18-lt\cxx-framework\src\traditional\proc\p18f8722.asm
               LVDCONbits   0x000fd2       data     extern E:\c18v3.46\pic18-lt\cxx-framework\src\traditional\proc\p18f8722.asm
                   MEMCON   0x000f9c       data     extern E:\c18v3.46\pic18-lt\cxx-framework\src\traditional\proc\p18f8722.asm
               MEMCONbits   0x000f9c       data     extern E:\c18v3.46\pic18-lt\cxx-framework\src\traditional\proc\p18f8722.asm
                 MonthStr   0x000386       data     extern C:\Users\IDEONICS-BNG\Documents\GitHub\SCS\SCS_CurrentActivityEvaluator\App\source\rtc_driver.c
                   OSCCON   0x000fd3       data     extern E:\c18v3.46\pic18-lt\cxx-framework\src\traditional\proc\p18f8722.asm
               OSCCONbits   0x000fd3       data     extern E:\c18v3.46\pic18-lt\cxx-framework\src\traditional\proc\p18f8722.asm
                  OSCTUNE   0x000f9b       data     extern E:\c18v3.46\pic18-lt\cxx-framework\src\traditional\proc\p18f8722.asm
              OSCTUNEbits   0x000f9b       data     extern E:\c18v3.46\pic18-lt\cxx-framework\src\traditional\proc\p18f8722.asm
                       PC   0x000ff9       data     extern E:\c18v3.46\pic18-lt\cxx-framework\src\traditional\proc\p18f8722.asm
                      PCL   0x000ff9       data     extern E:\c18v3.46\pic18-lt\cxx-framework\src\traditional\proc\p18f8722.asm
                   PCLATH   0x000ffa       data     extern E:\c18v3.46\pic18-lt\cxx-framework\src\traditional\proc\p18f8722.asm
                   PCLATU   0x000ffb       data     extern E:\c18v3.46\pic18-lt\cxx-framework\src\traditional\proc\p18f8722.asm
                     PIE1   0x000f9d       data     extern E:\c18v3.46\pic18-lt\cxx-framework\src\traditional\proc\p18f8722.asm
                 PIE1bits   0x000f9d       data     extern E:\c18v3.46\pic18-lt\cxx-framework\src\traditional\proc\p18f8722.asm
                     PIE2   0x000fa0       data     extern E:\c18v3.46\pic18-lt\cxx-framework\src\traditional\proc\p18f8722.asm
                 PIE2bits   0x000fa0       data     extern E:\c18v3.46\pic18-lt\cxx-framework\src\traditional\proc\p18f8722.asm
                     PIE3   0x000fa3       data     extern E:\c18v3.46\pic18-lt\cxx-framework\src\traditional\proc\p18f8722.asm
                 PIE3bits   0x000fa3       data     extern E:\c18v3.46\pic18-lt\cxx-framework\src\traditional\proc\p18f8722.asm
                     PIR1   0x000f9e       data     extern E:\c18v3.46\pic18-lt\cxx-framework\src\traditional\proc\p18f8722.asm
                 PIR1bits   0x000f9e       data     extern E:\c18v3.46\pic18-lt\cxx-framework\src\traditional\proc\p18f8722.asm
                     PIR2   0x000fa1       data     extern E:\c18v3.46\pic18-lt\cxx-framework\src\traditional\proc\p18f8722.asm
                 PIR2bits   0x000fa1       data     extern E:\c18v3.46\pic18-lt\cxx-framework\src\traditional\proc\p18f8722.asm
                     PIR3   0x000fa4       data     extern E:\c18v3.46\pic18-lt\cxx-framework\src\traditional\proc\p18f8722.asm
                 PIR3bits   0x000fa4       data     extern E:\c18v3.46\pic18-lt\cxx-framework\src\traditional\proc\p18f8722.asm
                   PLUSW0   0x000feb       data     extern E:\c18v3.46\pic18-lt\cxx-framework\src\traditional\proc\p18f8722.asm
                   PLUSW1   0x000fe3       data     extern E:\c18v3.46\pic18-lt\cxx-framework\src\traditional\proc\p18f8722.asm
                   PLUSW2   0x000fdb       data     extern E:\c18v3.46\pic18-lt\cxx-framework\src\traditional\proc\p18f8722.asm
                    PORTA   0x000f80       data     extern E:\c18v3.46\pic18-lt\cxx-framework\src\traditional\proc\p18f8722.asm
                PORTAbits   0x000f80       data     extern E:\c18v3.46\pic18-lt\cxx-framework\src\traditional\proc\p18f8722.asm
                    PORTB   0x000f81       data     extern E:\c18v3.46\pic18-lt\cxx-framework\src\traditional\proc\p18f8722.asm
                PORTBbits   0x000f81       data     extern E:\c18v3.46\pic18-lt\cxx-framework\src\traditional\proc\p18f8722.asm
                    PORTC   0x000f82       data     extern E:\c18v3.46\pic18-lt\cxx-framework\src\traditional\proc\p18f8722.asm
                PORTCbits   0x000f82       data     extern E:\c18v3.46\pic18-lt\cxx-framework\src\traditional\proc\p18f8722.asm
                    PORTD   0x000f83       data     extern E:\c18v3.46\pic18-lt\cxx-framework\src\traditional\proc\p18f8722.asm
                PORTDbits   0x000f83       data     extern E:\c18v3.46\pic18-lt\cxx-framework\src\traditional\proc\p18f8722.asm
                    PORTE   0x000f84       data     extern E:\c18v3.46\pic18-lt\cxx-framework\src\traditional\proc\p18f8722.asm
                PORTEbits   0x000f84       data     extern E:\c18v3.46\pic18-lt\cxx-framework\src\traditional\proc\p18f8722.asm
                    PORTF   0x000f85       data     extern E:\c18v3.46\pic18-lt\cxx-framework\src\traditional\proc\p18f8722.asm
                PORTFbits   0x000f85       data     extern E:\c18v3.46\pic18-lt\cxx-framework\src\traditional\proc\p18f8722.asm
                    PORTG   0x000f86       data     extern E:\c18v3.46\pic18-lt\cxx-framework\src\traditional\proc\p18f8722.asm
                PORTGbits   0x000f86       data     extern E:\c18v3.46\pic18-lt\cxx-framework\src\traditional\proc\p18f8722.asm
                    PORTH   0x000f87       data     extern E:\c18v3.46\pic18-lt\cxx-framework\src\traditional\proc\p18f8722.asm
                PORTHbits   0x000f87       data     extern E:\c18v3.46\pic18-lt\cxx-framework\src\traditional\proc\p18f8722.asm
                    PORTJ   0x000f88       data     extern E:\c18v3.46\pic18-lt\cxx-framework\src\traditional\proc\p18f8722.asm
                PORTJbits   0x000f88       data     extern E:\c18v3.46\pic18-lt\cxx-framework\src\traditional\proc\p18f8722.asm
                 POSTDEC0   0x000fed       data     extern E:\c18v3.46\pic18-lt\cxx-framework\src\traditional\proc\p18f8722.asm
[...]
                 PIR3bits   0x000fa4       data     extern E:\c18v3.46\pic18-lt\cxx-framework\src\traditional\proc\p18f8722.asm
                     PIR3   0x000fa4       data     extern E:\c18v3.46\pic18-lt\cxx-framework\src\traditional\proc\p18f8722.asm
                     IPR3   0x000fa5       data     extern E:\c18v3.46\pic18-lt\cxx-framework\src\traditional\proc\p18f8722.asm
                 IPR3bits   0x000fa5       data     extern E:\c18v3.46\pic18-lt\cxx-framework\src\traditional\proc\p18f8722.asm
                   EECON1   0x000fa6       data     extern E:\c18v3.46\pic18-lt\cxx-framework\src\traditional\proc\p18f8722.asm
               EECON1bits   0x000fa6       data     extern E:\c18v3.46\pic18-lt\cxx-framework\src\traditional\proc\p18f8722.asm
                   EECON2   0x000fa7       data     extern E:\c18v3.46\pic18-lt\cxx-framework\src\traditional\proc\p18f8722.asm
                   EEDATA   0x000fa8       data     extern E:\c18v3.46\pic18-lt\cxx-framework\src\traditional\proc\p18f8722.asm
                    EEADR   0x000fa9       data     extern E:\c18v3.46\pic18-lt\cxx-framework\src\traditional\proc\p18f8722.asm
                   EEADRH   0x000faa       data     extern E:\c18v3.46\pic18-lt\cxx-framework\src\traditional\proc\p18f8722.asm
                RCSTAbits   0x000fab       data     extern E:\c18v3.46\pic18-lt\cxx-framework\src\traditional\proc\p18f8722.asm
               RCSTA1bits   0x000fab       data     extern E:\c18v3.46\pic18-lt\cxx-framework\src\traditional\proc\p18f8722.asm
                   RCSTA1   0x000fab       data     extern E:\c18v3.46\pic18-lt\cxx-framework\src\traditional\proc\p18f8722.asm
                    RCSTA   0x000fab       data     extern E:\c18v3.46\pic18-lt\cxx-framework\src\traditional\proc\p18f8722.asm
                TXSTAbits   0x000fac       data     extern E:\c18v3.46\pic18-lt\cxx-framework\src\traditional\proc\p18f8722.asm
               TXSTA1bits   0x000fac       data     extern E:\c18v3.46\pic18-lt\cxx-framework\src\traditional\proc\p18f8722.asm
                   TXSTA1   0x000fac       data     extern E:\c18v3.46\pic18-lt\cxx-framework\src\traditional\proc\p18f8722.asm
                    TXSTA   0x000fac       data     extern E:\c18v3.46\pic18-lt\cxx-framework\src\traditional\proc\p18f8722.asm
                   TXREG1   0x000fad       data     extern E:\c18v3.46\pic18-lt\cxx-framework\src\traditional\proc\p18f8722.asm
                    TXREG   0x000fad       data     extern E:\c18v3.46\pic18-lt\cxx-framework\src\traditional\proc\p18f8722.asm
                   RCREG1   0x000fae       data     extern E:\c18v3.46\pic18-lt\cxx-framework\src\traditional\proc\p18f8722.asm
                    RCREG   0x000fae       data     extern E:\c18v3.46\pic18-lt\cxx-framework\src\traditional\proc\p18f8722.asm
                   SPBRG1   0x000faf       data     extern E:\c18v3.46\pic18-lt\cxx-framework\src\traditional\proc\p18f8722.asm
                    SPBRG   0x000faf       data     extern E:\c18v3.46\pic18-lt\cxx-framework\src\traditional\proc\p18f8722.asm
                   PSPCON   0x000fb0       data     extern E:\c18v3.46\pic18-lt\cxx-framework\src\traditional\proc\p18f8722.asm
               PSPCONbits   0x000fb0       data     extern E:\c18v3.46\pic18-lt\cxx-framework\src\traditional\proc\p18f8722.asm
                T3CONbits   0x000fb1       data     extern E:\c18v3.46\pic18-lt\cxx-framework\src\traditional\proc\p18f8722.asm
                    T3CON   0x000fb1       data     extern E:\c18v3.46\pic18-lt\cxx-framework\src\traditional\proc\p18f8722.asm
                    TMR3L   0x000fb2       data     extern E:\c18v3.46\pic18-lt\cxx-framework\src\traditional\proc\p18f8722.asm
                    TMR3H   0x000fb3       data     extern E:\c18v3.46\pic18-lt\cxx-framework\src\traditional\proc\p18f8722.asm
                    CMCON   0x000fb4       data     extern E:\c18v3.46\pic18-lt\cxx-framework\src\traditional\proc\p18f8722.asm
                CMCONbits   0x000fb4       data     extern E:\c18v3.46\pic18-lt\cxx-framework\src\traditional\proc\p18f8722.asm
               CVRCONbits   0x000fb5       data     extern E:\c18v3.46\pic18-lt\cxx-framework\src\traditional\proc\p18f8722.asm
                   CVRCON   0x000fb5       data     extern E:\c18v3.46\pic18-lt\cxx-framework\src\traditional\proc\p18f8722.asm
                  ECCP1AS   0x000fb6       data     extern E:\c18v3.46\pic18-lt\cxx-framework\src\traditional\proc\p18f8722.asm
              ECCP1ASbits   0x000fb6       data     extern E:\c18v3.46\pic18-lt\cxx-framework\src\traditional\proc\p18f8722.asm
              CCP3CONbits   0x000fb7       data     extern E:\c18v3.46\pic18-lt\cxx-framework\src\traditional\proc\p18f8722.asm
             ECCP3CONbits   0x000fb7       data     extern E:\c18v3.46\pic18-lt\cxx-framework\src\traditional\proc\p18f8722.asm
                  CCP3CON   0x000fb7       data     extern E:\c18v3.46\pic18-lt\cxx-framework\src\traditional\proc\p18f8722.asm
                 ECCP3CON   0x000fb7       data     extern E:\c18v3.46\pic18-lt\cxx-framework\src\traditional\proc\p18f8722.asm
                    CCPR3   0x000fb8       data     extern E:\c18v3.46\pic18-lt\cxx-framework\src\traditional\proc\p18f8722.asm
                   CCPR3L   0x000fb8       data     extern E:\c18v3.46\pic18-lt\cxx-framework\src\traditional\proc\p18f8722.asm
                   CCPR3H   0x000fb9       data     extern E:\c18v3.46\pic18-lt\cxx-framework\src\traditional\proc\p18f8722.asm
             ECCP2CONbits   0x000fba       data     extern E:\c18v3.46\pic18-lt\cxx-framework\src\traditional\proc\p18f8722.asm
                  CCP2CON   0x000fba       data     extern E:\c18v3.46\pic18-lt\cxx-framework\src\traditional\proc\p18f8722.asm
              CCP2CONbits   0x000fba       data     extern E:\c18v3.46\pic18-lt\cxx-framework\src\traditional\proc\p18f8722.asm
                 ECCP2CON   0x000fba       data     extern E:\c18v3.46\pic18-lt\cxx-framework\src\traditional\proc\p18f8722.asm
                   CCPR2L   0x000fbb       data     extern E:\c18v3.46\pic18-lt\cxx-framework\src\traditional\proc\p18f8722.asm
                    CCPR2   0x000fbb       data     extern E:\c18v3.46\pic18-lt\cxx-framework\src\traditional\proc\p18f8722.asm
                   CCPR2H   0x000fbc       data     extern E:\c18v3.46\pic18-lt\cxx-framework\src\traditional\proc\p18f8722.asm
             ECCP1CONbits   0x000fbd       data     extern E:\c18v3.46\pic18-lt\cxx-framework\src\traditional\proc\p18f8722.asm
              CCP1CONbits   0x000fbd       data     extern E:\c18v3.46\pic18-lt\cxx-framework\src\traditional\proc\p18f8722.asm
                 ECCP1CON   0x000fbd       data     extern E:\c18v3.46\pic18-lt\cxx-framework\src\traditional\proc\p18f8722.asm
                  CCP1CON   0x000fbd       data     extern E:\c18v3.46\pic18-lt\cxx-framework\src\traditional\proc\p18f8722.asm
                    CCPR1   0x000fbe       data     extern E:\c18v3.46\pic18-lt\cxx-framework\src\traditional\proc\p18f8722.asm
                   CCPR1L   0x000fbe       data     extern E:\c18v3.46\pic18-lt\cxx-framework\src\traditional\proc\p18f8722.asm
                   CCPR1H   0x000fbf       data     extern E:\c18v3.46\pic18-lt\cxx-framework\src\traditional\proc\p18f8722.asm
                   ADCON2   0x000fc0       data     extern E:\c18v3.46\pic18-lt\cxx-framework\src\traditional\proc\p18f8722.asm
               ADCON2bits   0x000fc0       data     extern E:\c18v3.46\pic18-lt\cxx-framework\src\traditional\proc\p18f8722.asm
                   ADCON1   0x000fc1       data     extern E:\c18v3.46\pic18-lt\cxx-framework\src\traditional\proc\p18f8722.asm
               ADCON1bits   0x000fc1       data     extern E:\c18v3.46\pic18-lt\cxx-framework\src\traditional\proc\p18f8722.asm
                   ADCON0   0x000fc2       data     extern E:\c18v3.46\pic18-lt\cxx-framework\src\traditional\proc\p18f8722.asm
               ADCON0bits   0x000fc2       data     extern E:\c18v3.46\pic18-lt\cxx-framework\src\traditional\proc\p18f8722.asm
                   ADRESL   0x000fc3       data     extern E:\c18v3.46\pic18-lt\cxx-framework\src\traditional\proc\p18f8722.asm
                    ADRES   0x000fc3       data     extern E:\c18v3.46\pic18-lt\cxx-framework\src\traditional\proc\p18f8722.asm
                   ADRESH   0x000fc4       data     extern E:\c18v3.46\pic18-lt\cxx-framework\src\traditional\proc\p18f8722.asm
              SSPCON2bits   0x000fc5       data     extern E:\c18v3.46\pic18-lt\cxx-framework\src\traditional\proc\p18f8722.asm
                  SSPCON2   0x000fc5       data     extern E:\c18v3.46\pic18-lt\cxx-framework\src\traditional\proc\p18f8722.asm
                 SSP1CON2   0x000fc5       data     extern E:\c18v3.46\pic18-lt\cxx-framework\src\traditional\proc\p18f8722.asm
             SSP1CON2bits   0x000fc5       data     extern E:\c18v3.46\pic18-lt\cxx-framework\src\traditional\proc\p18f8722.asm
                 SSP1CON1   0x000fc6       data     extern E:\c18v3.46\pic18-lt\cxx-framework\src\traditional\proc\p18f8722.asm
             SSP1CON1bits   0x000fc6       data     extern E:\c18v3.46\pic18-lt\cxx-framework\src\traditional\proc\p18f8722.asm
              SSPCON1bits   0x000fc6       data     extern E:\c18v3.46\pic18-lt\cxx-framework\src\traditional\proc\p18f8722.asm
                  SSPCON1   0x000fc6       data     extern E:\c18v3.46\pic18-lt\cxx-framework\src\traditional\proc\p18f8722.asm
              SSPSTATbits   0x000fc7       data     extern E:\c18v3.46\pic18-lt\cxx-framework\src\traditional\proc\p18f8722.asm
                  SSPSTAT   0x000fc7       data     extern E:\c18v3.46\pic18-lt\cxx-framework\src\traditional\proc\p18f8722.asm
             SSP1STATbits   0x000fc7       data     extern E:\c18v3.46\pic18-lt\cxx-framework\src\traditional\proc\p18f8722.asm
                 SSP1STAT   0x000fc7       data     extern E:\c18v3.46\pic18-lt\cxx-framework\src\traditional\proc\p18f8722.asm
                   SSPADD   0x000fc8       data     extern E:\c18v3.46\pic18-lt\cxx-framework\src\traditional\proc\p18f8722.asm
                  SSP1ADD   0x000fc8       data     extern E:\c18v3.46\pic18-lt\cxx-framework\src\traditional\proc\p18f8722.asm
                   SSPBUF   0x000fc9       data     extern E:\c18v3.46\pic18-lt\cxx-framework\src\traditional\proc\p18f8722.asm
                  SSP1BUF   0x000fc9       data     extern E:\c18v3.46\pic18-lt\cxx-framework\src\traditional\proc\p18f8722.asm
                T2CONbits   0x000fca       data     extern E:\c18v3.46\pic18-lt\cxx-framework\src\traditional\proc\p18f8722.asm
                    T2CON   0x000fca       data     extern E:\c18v3.46\pic18-lt\cxx-framework\src\traditional\proc\p18f8722.asm
                      PR2   0x000fcb       data     extern E:\c18v3.46\pic18-lt\cxx-framework\src\traditional\proc\p18f8722.asm
                     TMR2   0x000fcc       data     extern E:\c18v3.46\pic18-lt\cxx-framework\src\traditional\proc\p18f8722.asm
                T1CONbits   0x000fcd       data     extern E:\c18v3.46\pic18-lt\cxx-framework\src\traditional\proc\p18f8722.asm
                    T1CON   0x000fcd       data     extern E:\c18v3.46\pic18-lt\cxx-framework\src\traditional\proc\p18f8722.asm
                    TMR1L   0x000fce       data     extern E:\c18v3.46\pic18-lt\cxx-framework\src\traditional\proc\p18f8722.asm
                    TMR1H   0x000fcf       data     extern E:\c18v3.46\pic18-lt\cxx-framework\src\traditional\proc\p18f8722.asm
                     RCON   0x000fd0       data     extern E:\c18v3.46\pic18-lt\cxx-framework\src\traditional\proc\p18f8722.asm
                 RCONbits   0x000fd0       data     extern E:\c18v3.46\pic18-lt\cxx-framework\src\traditional\proc\p18f8722.asm
               WDTCONbits   0x000fd1       data     extern E:\c18v3.46\pic18-lt\cxx-framework\src\traditional\proc\p18f8722.asm
                   WDTCON   0x000fd1       data     extern E:\c18v3.46\pic18-lt\cxx-framework\src\traditional\proc\p18f8722.asm
              HLVDCONbits   0x000fd2       data     extern E:\c18v3.46\pic18-lt\cxx-framework\src\traditional\proc\p18f8722.asm
                  HLVDCON   0x000fd2       data     extern E:\c18v3.46\pic18-lt\cxx-framework\src\traditional\proc\p18f8722.asm
               LVDCONbits   0x000fd2       data     extern E:\c18v3.46\pic18-lt\cxx-framework\src\traditional\proc\p18f8722.asm
                   LVDCON   0x000fd2       data     extern E:\c18v3.46\pic18-lt\cxx-framework\src\traditional\proc\p18f8722.asm
               OSCCONbits   0x000fd3       data     extern E:\c18v3.46\pic18-lt\cxx-framework\src\traditional\proc\p18f8722.asm
                   OSCCON   0x000fd3       data     extern E:\c18v3.46\pic18-lt\cxx-framework\src\traditional\proc\p18f8722.asm
                T0CONbits   0x000fd5       data     extern E:\c18v3.46\pic18-lt\cxx-framework\src\traditional\proc\p18f8722.asm
                    T0CON   0x000fd5       data     extern E:\c18v3.46\pic18-lt\cxx-framework\src\traditional\proc\p18f8722.asm
                    TMR0L   0x000fd6       data     extern E:\c18v3.46\pic18-lt\cxx-framework\src\traditional\proc\p18f8722.asm
                    TMR0H   0x000fd7       data     extern E:\c18v3.46\pic18-lt\cxx-framework\src\traditional\proc\p18f8722.asm
               STATUSbits   0x000fd8       data     extern E:\c18v3.46\pic18-lt\cxx-framework\src\traditional\proc\p18f8722.asm
                   STATUS   0x000fd8       data     extern E:\c18v3.46\pic18-lt\cxx-framework\src\traditional\proc\p18f8722.asm
                    FSR2L   0x000fd9       data     extern E:\c18v3.46\pic18-lt\cxx-framework\src\traditional\proc\p18f8722.asm
                     FSR2   0x000fd9       data     extern E:\c18v3.46\pic18-lt\cxx-framework\src\traditional\proc\p18f8722.asm
                    FSR2H   0x000fda       data     extern E:\c18v3.46\pic18-lt\cxx-framework\src\traditional\proc\p18f8722.asm
                   PLUSW2   0x000fdb       data     extern E:\c18v3.46\pic18-lt\cxx-framework\src\traditional\proc\p18f8722.asm
                  PREINC2   0x000fdc       data     extern E:\c18v3.46\pic18-lt\cxx-framework\src\traditional\proc\p18f8722.asm
                 POSTDEC2   0x000fdd       data     extern E:\c18v3.46\pic18-lt\cxx-framework\src\traditional\proc\p18f8722.asm
                 POSTINC2   0x000fde       data     extern E:\c18v3.46\pic18-lt\cxx-framework\src\traditional\proc\p18f8722.asm
                    INDF2   0x000fdf       data     extern E:\c18v3.46\pic18-lt\cxx-framework\src\traditional\proc\p18f8722.asm
                      BSR   0x000fe0       data     extern E:\c18v3.46\pic18-lt\cxx-framework\src\traditional\proc\p18f8722.asm
                     FSR1   0x000fe1       data     extern E:\c18v3.46\pic18-lt\cxx-framework\src\traditional\proc\p18f8722.asm
                    FSR1L   0x000fe1       data     extern E:\c18v3.46\pic18-lt\cxx-framework\src\traditional\proc\p18f8722.asm
                    FSR1H   0x000fe2       data     extern E:\c18v3.46\pic18-lt\cxx-framework\src\traditional\proc\p18f8722.asm
                   PLUSW1   0x000fe3       data     extern E:\c18v3.46\pic18-lt\cxx-framework\src\traditional\proc\p18f8722.asm
                  PREINC1   0x000fe4       data     extern E:\c18v3.46\pic18-lt\cxx-framework\src\traditional\proc\p18f8722.asm
                 POSTDEC1   0x000fe5       data     extern E:\c18v3.46\pic18-lt\cxx-framework\src\traditional\proc\p18f8722.asm
                 POSTINC1   0x000fe6       data     extern E:\c18v3.46\pic18-lt\cxx-framework\src\traditional\proc\p18f8722.asm
                    INDF1   0x000fe7       data     extern E:\c18v3.46\pic18-lt\cxx-framework\src\traditional\proc\p18f8722.asm
                     WREG   0x000fe8       data     extern E:\c18v3.46\pic18-lt\cxx-framework\src\traditional\proc\p18f8722.asm
                     FSR0   0x000fe9       data     extern E:\c18v3.46\pic18-lt\cxx-framework\src\traditional\proc\p18f8722.asm
                    FSR0L   0x000fe9       data     extern E:\c18v3.46\pic18-lt\cxx-framework\src\traditional\proc\p18f8722.asm
                    FSR0H   0x000fea       data     extern E:\c18v3.46\pic18-lt\cxx-framework\src\traditional\proc\p18f8722.asm
                   PLUSW0   0x000feb       data     extern E:\c18v3.46\pic18-lt\cxx-framework\src\traditional\proc\p18f8722.asm
                  PREINC0   0x000fec       data     extern E:\c18v3.46\pic18-lt\cxx-framework\src\traditional\proc\p18f8722.asm
                 POSTDEC0   0x000fed       data     extern E:\c18v3.46\pic18-lt\cxx-framework\src\traditional\proc\p18f8722.asm
                 POSTINC0   0x000fee       data     extern E:\c18v3.46\pic18-lt\cxx-framework\src\traditional\proc\p18f8722.asm
                    INDF0   0x000fef       data     extern E:\c18v3.46\pic18-lt\cxx-framework\src\traditional\proc\p18f8722.asm
              INTCON3bits   0x000ff0       data     extern E:\c18v3.46\pic18-lt\cxx-framework\src\traditional\proc\p18f8722.asm
                  INTCON3   0x000ff0       data     extern E:\c18v3.46\pic18-lt\cxx-framework\src\traditional\proc\p18f8722.asm
              INTCON2bits   0x000ff1       data     extern E:\c18v3.46\pic18-lt\cxx-framework\src\traditional\proc\p18f8722.asm
                  INTCON2   0x000ff1       data     extern E:\c18v3.46\pic18-lt\cxx-framework\src\traditional\proc\p18f8722.asm
               INTCONbits   0x000ff2       data     extern E:\c18v3.46\pic18-lt\cxx-framework\src\traditional\proc\p18f8722.asm
                   INTCON   0x000ff2       data     extern E:\c18v3.46\pic18-lt\cxx-framework\src\traditional\proc\p18f8722.asm
                    PRODL   0x000ff3       data     extern E:\c18v3.46\pic18-lt\cxx-framework\src\traditional\proc\p18f8722.asm
                     PROD   0x000ff3       data     extern E:\c18v3.46\pic18-lt\cxx-framework\src\traditional\proc\p18f8722.asm
                    PRODH   0x000ff4       data     extern E:\c18v3.46\pic18-lt\cxx-framework\src\traditional\proc\p18f8722.asm
                   TABLAT   0x000ff5       data     extern E:\c18v3.46\pic18-lt\cxx-framework\src\traditional\proc\p18f8722.asm
                   TBLPTR   0x000ff6       data     extern E:\c18v3.46\pic18-lt\cxx-framework\src\traditional\proc\p18f8722.asm
                  TBLPTRL   0x000ff6       data     extern E:\c18v3.46\pic18-lt\cxx-framework\src\traditional\proc\p18f8722.asm
                  TBLPTRH   0x000ff7       data     extern E:\c18v3.46\pic18-lt\cxx-framework\src\traditional\proc\p18f8722.asm
                  TBLPTRU   0x000ff8       data     extern E:\c18v3.46\pic18-lt\cxx-framework\src\traditional\proc\p18f8722.asm
                      PCL   0x000ff9       data     extern E:\c18v3.46\pic18-lt\cxx-framework\src\traditional\proc\p18f8722.asm
                       PC   0x000ff9       data     extern E:\c18v3.46\pic18-lt\cxx-framework\src\traditional\proc\p18f8722.asm
                   PCLATH   0x000ffa       data     extern E:\c18v3.46\pic18-lt\cxx-framework\src\traditional\proc\p18f8722.asm
                   PCLATU   0x000ffb       data     extern E:\c18v3.46\pic18-lt\cxx-framework\src\traditional\proc\p18f8722.asm
                   STKPTR   0x000ffc       data     extern E:\c18v3.46\pic18-lt\cxx-framework\src\traditional\proc\p18f8722.asm
               STKPTRbits   0x000ffc       data     extern E:\c18v3.46\pic18-lt\cxx-framework\src\traditional\proc\p18f8722.asm
                     TOSL   0x000ffd       data     extern E:\c18v3.46\pic18-lt\cxx-framework\src\traditional\proc\p18f8722.asm
                      TOS   0x000ffd       data     extern E:\c18v3.46\pic18-lt\cxx-framework\src\traditional\proc\p18f8722.asm
                     TOSH   0x000ffe       data     extern E:\c18v3.46\pic18-lt\cxx-framework\src\traditional\proc\p18f8722.asm
                     TOSU   0x000fff       data     extern E:\c18v3.46\pic18-lt\cxx-framework\src\traditional\proc\p18f8722.asm


